Archive member included to satisfy reference by file (symbol)

/home/labarqcomp/intelFPGA/18.1/nios2eds/bin/gnu/H-x86_64-pc-linux-gnu/bin/../lib/gcc/nios2-elf/5.3.0/../../../../../H-x86_64-pc-linux-gnu/nios2-elf/lib/mno-hw-mul/pg/libsmallc.a(lib_a-puts.o)
                              obj/default/hello_world.o (puts)
/home/labarqcomp/intelFPGA/18.1/nios2eds/bin/gnu/H-x86_64-pc-linux-gnu/bin/../lib/gcc/nios2-elf/5.3.0/../../../../../H-x86_64-pc-linux-gnu/nios2-elf/lib/mno-hw-mul/pg/libsmallc.a(lib_a-strlen.o)
                              /home/labarqcomp/intelFPGA/18.1/nios2eds/bin/gnu/H-x86_64-pc-linux-gnu/bin/../lib/gcc/nios2-elf/5.3.0/../../../../../H-x86_64-pc-linux-gnu/nios2-elf/lib/mno-hw-mul/pg/libsmallc.a(lib_a-puts.o) (strlen)
/home/labarqcomp/intelFPGA/18.1/nios2eds/bin/gnu/H-x86_64-pc-linux-gnu/bin/../lib/gcc/nios2-elf/5.3.0/../../../../../H-x86_64-pc-linux-gnu/nios2-elf/lib/mno-hw-mul/pg/libsmallc.a(lib_a-fvwrite_small_dev.o)
                              /home/labarqcomp/intelFPGA/18.1/nios2eds/bin/gnu/H-x86_64-pc-linux-gnu/bin/../lib/gcc/nios2-elf/5.3.0/../../../../../H-x86_64-pc-linux-gnu/nios2-elf/lib/mno-hw-mul/pg/libsmallc.a(lib_a-puts.o) (__sfvwrite_small_dev)
/home/labarqcomp/intelFPGA/18.1/nios2eds/bin/gnu/H-x86_64-pc-linux-gnu/bin/../lib/gcc/nios2-elf/5.3.0/../../../../../H-x86_64-pc-linux-gnu/nios2-elf/lib/mno-hw-mul/pg/libsmallc.a(lib_a-impure.o)
                              /home/labarqcomp/intelFPGA/18.1/nios2eds/bin/gnu/H-x86_64-pc-linux-gnu/bin/../lib/gcc/nios2-elf/5.3.0/../../../../../H-x86_64-pc-linux-gnu/nios2-elf/lib/mno-hw-mul/pg/libsmallc.a(lib_a-puts.o) (_impure_ptr)
/home/labarqcomp/intelFPGA/18.1/nios2eds/bin/gnu/H-x86_64-pc-linux-gnu/bin/../lib/gcc/nios2-elf/5.3.0/../../../../../H-x86_64-pc-linux-gnu/nios2-elf/lib/mno-hw-mul/pg/libsmallc.a(lib_a-writer.o)
                              /home/labarqcomp/intelFPGA/18.1/nios2eds/bin/gnu/H-x86_64-pc-linux-gnu/bin/../lib/gcc/nios2-elf/5.3.0/../../../../../H-x86_64-pc-linux-gnu/nios2-elf/lib/mno-hw-mul/pg/libsmallc.a(lib_a-fvwrite_small_dev.o) (_write_r)
/home/labarqcomp/intelFPGA/18.1/nios2eds/bin/gnu/H-x86_64-pc-linux-gnu/bin/../lib/gcc/nios2-elf/5.3.0/../../../../../H-x86_64-pc-linux-gnu/nios2-elf/lib/mno-hw-mul/pg/libsmallc.a(lib_a-int_errno.o)
                              /home/labarqcomp/intelFPGA/18.1/nios2eds/bin/gnu/H-x86_64-pc-linux-gnu/bin/../lib/gcc/nios2-elf/5.3.0/../../../../../H-x86_64-pc-linux-gnu/nios2-elf/lib/mno-hw-mul/pg/libsmallc.a(lib_a-writer.o) (errno)
../FPGA_IP_bsp//libhal_bsp.a(alt_load.o)
                              ../FPGA_IP_bsp//obj/HAL/src/crt0.o (alt_load)
../FPGA_IP_bsp//libhal_bsp.a(alt_main.o)
                              ../FPGA_IP_bsp//obj/HAL/src/crt0.o (alt_main)
../FPGA_IP_bsp//libhal_bsp.a(alt_mcount.o)
                              obj/default/hello_world.o (_mcount)
../FPGA_IP_bsp//libhal_bsp.a(alt_write.o)
                              /home/labarqcomp/intelFPGA/18.1/nios2eds/bin/gnu/H-x86_64-pc-linux-gnu/bin/../lib/gcc/nios2-elf/5.3.0/../../../../../H-x86_64-pc-linux-gnu/nios2-elf/lib/mno-hw-mul/pg/libsmallc.a(lib_a-writer.o) (write)
../FPGA_IP_bsp//libhal_bsp.a(alt_sys_init.o)
                              ../FPGA_IP_bsp//libhal_bsp.a(alt_main.o) (alt_irq_init)
../FPGA_IP_bsp//libhal_bsp.a(altera_avalon_jtag_uart_fd.o)
                              ../FPGA_IP_bsp//libhal_bsp.a(alt_sys_init.o) (altera_avalon_jtag_uart_read_fd)
../FPGA_IP_bsp//libhal_bsp.a(altera_avalon_jtag_uart_read.o)
                              ../FPGA_IP_bsp//libhal_bsp.a(altera_avalon_jtag_uart_fd.o) (altera_avalon_jtag_uart_read)
../FPGA_IP_bsp//libhal_bsp.a(altera_avalon_jtag_uart_write.o)
                              ../FPGA_IP_bsp//libhal_bsp.a(altera_avalon_jtag_uart_fd.o) (altera_avalon_jtag_uart_write)
../FPGA_IP_bsp//libhal_bsp.a(alt_close.o)
                              ../FPGA_IP_bsp//libhal_bsp.a(alt_main.o) (close)
../FPGA_IP_bsp//libhal_bsp.a(alt_dcache_flush_all.o)
                              ../FPGA_IP_bsp//libhal_bsp.a(alt_load.o) (alt_dcache_flush_all)
../FPGA_IP_bsp//libhal_bsp.a(alt_dev.o)
                              ../FPGA_IP_bsp//libhal_bsp.a(alt_sys_init.o) (alt_dev_list)
../FPGA_IP_bsp//libhal_bsp.a(alt_dev_llist_insert.o)
                              ../FPGA_IP_bsp//libhal_bsp.a(alt_sys_init.o) (alt_dev_llist_insert)
../FPGA_IP_bsp//libhal_bsp.a(alt_do_ctors.o)
                              ../FPGA_IP_bsp//libhal_bsp.a(alt_main.o) (_do_ctors)
../FPGA_IP_bsp//libhal_bsp.a(alt_do_dtors.o)
                              ../FPGA_IP_bsp//libhal_bsp.a(alt_main.o) (_do_dtors)
../FPGA_IP_bsp//libhal_bsp.a(alt_errno.o)
                              ../FPGA_IP_bsp//libhal_bsp.a(alt_write.o) (alt_errno)
../FPGA_IP_bsp//libhal_bsp.a(alt_gmon.o)
                              ../FPGA_IP_bsp//libhal_bsp.a(alt_mcount.o) (__mcount_fn_head)
../FPGA_IP_bsp//libhal_bsp.a(alt_icache_flush_all.o)
                              ../FPGA_IP_bsp//libhal_bsp.a(alt_load.o) (alt_icache_flush_all)
../FPGA_IP_bsp//libhal_bsp.a(alt_release_fd.o)
                              ../FPGA_IP_bsp//libhal_bsp.a(alt_close.o) (alt_release_fd)
../FPGA_IP_bsp//libhal_bsp.a(alt_sbrk.o)
                              ../FPGA_IP_bsp//libhal_bsp.a(alt_gmon.o) (sbrk)
../FPGA_IP_bsp//libhal_bsp.a(alt_tick.o)
                              ../FPGA_IP_bsp//libhal_bsp.a(alt_gmon.o) (_alt_tick_rate)
../FPGA_IP_bsp//libhal_bsp.a(altera_nios2_gen2_irq.o)
                              ../FPGA_IP_bsp//libhal_bsp.a(alt_sys_init.o) (altera_nios2_gen2_irq_init)
../FPGA_IP_bsp//libhal_bsp.a(alt_alarm_start.o)
                              ../FPGA_IP_bsp//libhal_bsp.a(alt_gmon.o) (alt_alarm_start)
/home/labarqcomp/intelFPGA/18.1/nios2eds/bin/gnu/H-x86_64-pc-linux-gnu/bin/../lib/gcc/nios2-elf/5.3.0/../../../../../H-x86_64-pc-linux-gnu/nios2-elf/lib/mno-hw-mul/pg/libsmallc.a(lib_a-atexit.o)
                              ../FPGA_IP_bsp//libhal_bsp.a(alt_main.o) (atexit)
/home/labarqcomp/intelFPGA/18.1/nios2eds/bin/gnu/H-x86_64-pc-linux-gnu/bin/../lib/gcc/nios2-elf/5.3.0/../../../../../H-x86_64-pc-linux-gnu/nios2-elf/lib/mno-hw-mul/pg/libsmallc.a(lib_a-exit.o)
                              ../FPGA_IP_bsp//libhal_bsp.a(alt_main.o) (exit)
/home/labarqcomp/intelFPGA/18.1/nios2eds/bin/gnu/H-x86_64-pc-linux-gnu/bin/../lib/gcc/nios2-elf/5.3.0/../../../../../H-x86_64-pc-linux-gnu/nios2-elf/lib/mno-hw-mul/pg/libsmallc.a(lib_a-memset.o)
                              ../FPGA_IP_bsp//libhal_bsp.a(alt_gmon.o) (memset)
/home/labarqcomp/intelFPGA/18.1/nios2eds/bin/gnu/H-x86_64-pc-linux-gnu/bin/../lib/gcc/nios2-elf/5.3.0/../../../../../H-x86_64-pc-linux-gnu/nios2-elf/lib/mno-hw-mul/pg/libsmallc.a(lib_a-__atexit.o)
                              /home/labarqcomp/intelFPGA/18.1/nios2eds/bin/gnu/H-x86_64-pc-linux-gnu/bin/../lib/gcc/nios2-elf/5.3.0/../../../../../H-x86_64-pc-linux-gnu/nios2-elf/lib/mno-hw-mul/pg/libsmallc.a(lib_a-atexit.o) (__register_exitproc)
/home/labarqcomp/intelFPGA/18.1/nios2eds/bin/gnu/H-x86_64-pc-linux-gnu/bin/../lib/gcc/nios2-elf/5.3.0/../../../../../H-x86_64-pc-linux-gnu/nios2-elf/lib/mno-hw-mul/pg/libsmallc.a(lib_a-__call_atexit.o)
                              /home/labarqcomp/intelFPGA/18.1/nios2eds/bin/gnu/H-x86_64-pc-linux-gnu/bin/../lib/gcc/nios2-elf/5.3.0/../../../../../H-x86_64-pc-linux-gnu/nios2-elf/lib/mno-hw-mul/pg/libsmallc.a(lib_a-exit.o) (__call_exitprocs)
/home/labarqcomp/intelFPGA/18.1/nios2eds/bin/gnu/H-x86_64-pc-linux-gnu/bin/../lib/gcc/nios2-elf/5.3.0/mno-hw-mul/pg/libgcc.a(lib2-mul.o)
                              ../FPGA_IP_bsp//libhal_bsp.a(alt_write.o) (__mulsi3)
../FPGA_IP_bsp//libhal_bsp.a(alt_exit.o)
                              /home/labarqcomp/intelFPGA/18.1/nios2eds/bin/gnu/H-x86_64-pc-linux-gnu/bin/../lib/gcc/nios2-elf/5.3.0/../../../../../H-x86_64-pc-linux-gnu/nios2-elf/lib/mno-hw-mul/pg/libsmallc.a(lib_a-exit.o) (_exit)

Allocating common symbols
Common symbol       size              file

errno               0x4               /home/labarqcomp/intelFPGA/18.1/nios2eds/bin/gnu/H-x86_64-pc-linux-gnu/bin/../lib/gcc/nios2-elf/5.3.0/../../../../../H-x86_64-pc-linux-gnu/nios2-elf/lib/mno-hw-mul/pg/libsmallc.a(lib_a-int_errno.o)
__mcount_fn_head    0x100             ../FPGA_IP_bsp//libhal_bsp.a(alt_gmon.o)

Memory Configuration

Name             Origin             Length             Attributes
reset            0x0000000000020000 0x0000000000000020
onchip_memory2_1 0x0000000000020020 0x000000000001ffe0
onchip_memory2_0 0x0000000000040000 0x0000000000020000
*default*        0x0000000000000000 0xffffffffffffffff

Linker script and memory map

LOAD ../FPGA_IP_bsp//obj/HAL/src/crt0.o
LOAD obj/default/hello_world.o
LOAD /home/labarqcomp/intelFPGA/18.1/nios2eds/bin/gnu/H-x86_64-pc-linux-gnu/bin/../lib/gcc/nios2-elf/5.3.0/../../../../../H-x86_64-pc-linux-gnu/nios2-elf/lib/mno-hw-mul/pg/libstdc++.a
LOAD /home/labarqcomp/intelFPGA/18.1/nios2eds/bin/gnu/H-x86_64-pc-linux-gnu/bin/../lib/gcc/nios2-elf/5.3.0/../../../../../H-x86_64-pc-linux-gnu/nios2-elf/lib/mno-hw-mul/pg/libm.a
LOAD /home/labarqcomp/intelFPGA/18.1/nios2eds/bin/gnu/H-x86_64-pc-linux-gnu/bin/../lib/gcc/nios2-elf/5.3.0/mno-hw-mul/pg/libgcc.a
START GROUP
LOAD /home/labarqcomp/intelFPGA/18.1/nios2eds/bin/gnu/H-x86_64-pc-linux-gnu/bin/../lib/gcc/nios2-elf/5.3.0/../../../../../H-x86_64-pc-linux-gnu/nios2-elf/lib/mno-hw-mul/pg/libsmallc.a
LOAD /home/labarqcomp/intelFPGA/18.1/nios2eds/bin/gnu/H-x86_64-pc-linux-gnu/bin/../lib/gcc/nios2-elf/5.3.0/mno-hw-mul/pg/libgcc.a
LOAD ../FPGA_IP_bsp//libhal_bsp.a
LOAD /home/labarqcomp/intelFPGA/18.1/nios2eds/bin/gnu/H-x86_64-pc-linux-gnu/bin/../lib/gcc/nios2-elf/5.3.0/../../../../../H-x86_64-pc-linux-gnu/nios2-elf/lib/mno-hw-mul/pg/libm.a
END GROUP
LOAD /home/labarqcomp/intelFPGA/18.1/nios2eds/bin/gnu/H-x86_64-pc-linux-gnu/bin/../lib/gcc/nios2-elf/5.3.0/mno-hw-mul/pg/libgcc.a
                0x0000000000020000                __alt_mem_onchip_memory2_1 = 0x20000
                0x0000000000040000                __alt_mem_onchip_memory2_0 = 0x40000

.entry          0x0000000000020000       0x20
 *(.entry)
 .entry         0x0000000000020000       0x20 ../FPGA_IP_bsp//obj/HAL/src/crt0.o
                0x0000000000020000                __reset

.exceptions     0x0000000000020020        0x0
                0x0000000000020020                PROVIDE (__ram_exceptions_start, ABSOLUTE (.))
                0x0000000000020020                . = ALIGN (0x20)
 *(.irq)
 *(.exceptions.entry.label)
 *(.exceptions.entry.user)
 *(.exceptions.entry.ecc_fatal)
 *(.exceptions.entry)
 *(.exceptions.irqtest.user)
 *(.exceptions.irqtest)
 *(.exceptions.irqhandler.user)
 *(.exceptions.irqhandler)
 *(.exceptions.irqreturn.user)
 *(.exceptions.irqreturn)
 *(.exceptions.notirq.label)
 *(.exceptions.notirq.user)
 *(.exceptions.notirq)
 *(.exceptions.soft.user)
 *(.exceptions.soft)
 *(.exceptions.unknown.user)
 *(.exceptions.unknown)
 *(.exceptions.exit.label)
 *(.exceptions.exit.user)
 *(.exceptions.exit)
 *(.exceptions)
                0x0000000000020020                PROVIDE (__ram_exceptions_end, ABSOLUTE (.))
                0x0000000000020020                PROVIDE (__flash_exceptions_start, LOADADDR (.exceptions))

.text           0x0000000000020020     0x17e4
                0x0000000000020020                PROVIDE (stext, ABSOLUTE (.))
 *(.interp)
 *(.hash)
 *(.dynsym)
 *(.dynstr)
 *(.gnu.version)
 *(.gnu.version_d)
 *(.gnu.version_r)
 *(.rel.init)
 *(.rela.init)
 *(.rel.text .rel.text.* .rel.gnu.linkonce.t.*)
 *(.rela.text .rela.text.* .rela.gnu.linkonce.t.*)
 *(.rel.fini)
 *(.rela.fini)
 *(.rel.rodata .rel.rodata.* .rel.gnu.linkonce.r.*)
 *(.rela.rodata .rela.rodata.* .rela.gnu.linkonce.r.*)
 *(.rel.data .rel.data.* .rel.gnu.linkonce.d.*)
 *(.rela.data .rela.data.* .rela.gnu.linkonce.d.*)
 *(.rel.tdata .rel.tdata.* .rel.gnu.linkonce.td.*)
 *(.rela.tdata .rela.tdata.* .rela.gnu.linkonce.td.*)
 *(.rel.tbss .rel.tbss.* .rel.gnu.linkonce.tb.*)
 *(.rela.tbss .rela.tbss.* .rela.gnu.linkonce.tb.*)
 *(.rel.ctors)
 *(.rela.ctors)
 *(.rel.dtors)
 *(.rela.dtors)
 *(.rel.got)
 *(.rela.got)
 *(.rel.sdata .rel.sdata.* .rel.gnu.linkonce.s.*)
 *(.rela.sdata .rela.sdata.* .rela.gnu.linkonce.s.*)
 *(.rel.sbss .rel.sbss.* .rel.gnu.linkonce.sb.*)
 *(.rela.sbss .rela.sbss.* .rela.gnu.linkonce.sb.*)
 *(.rel.sdata2 .rel.sdata2.* .rel.gnu.linkonce.s2.*)
 *(.rela.sdata2 .rela.sdata2.* .rela.gnu.linkonce.s2.*)
 *(.rel.sbss2 .rel.sbss2.* .rel.gnu.linkonce.sb2.*)
 *(.rela.sbss2 .rela.sbss2.* .rela.gnu.linkonce.sb2.*)
 *(.rel.bss .rel.bss.* .rel.gnu.linkonce.b.*)
 *(.rela.bss .rela.bss.* .rela.gnu.linkonce.b.*)
 *(.rel.plt)
 *(.rela.plt)
 *(.rel.dyn)
 *(.init)
 *(.plt)
 *(.text .stub .text.* .gnu.linkonce.t.*)
 .text          0x0000000000020020       0x1c ../FPGA_IP_bsp//obj/HAL/src/crt0.o
                0x0000000000020020                _start
 .text          0x000000000002003c       0x70 obj/default/hello_world.o
                0x000000000002003c                main
 .text          0x00000000000200ac        0x0 /home/labarqcomp/intelFPGA/18.1/nios2eds/bin/gnu/H-x86_64-pc-linux-gnu/bin/../lib/gcc/nios2-elf/5.3.0/../../../../../H-x86_64-pc-linux-gnu/nios2-elf/lib/mno-hw-mul/pg/libsmallc.a(lib_a-puts.o)
 .text._puts_r  0x00000000000200ac       0x8c /home/labarqcomp/intelFPGA/18.1/nios2eds/bin/gnu/H-x86_64-pc-linux-gnu/bin/../lib/gcc/nios2-elf/5.3.0/../../../../../H-x86_64-pc-linux-gnu/nios2-elf/lib/mno-hw-mul/pg/libsmallc.a(lib_a-puts.o)
                0x00000000000200ac                _puts_r
 .text.puts     0x0000000000020138       0x20 /home/labarqcomp/intelFPGA/18.1/nios2eds/bin/gnu/H-x86_64-pc-linux-gnu/bin/../lib/gcc/nios2-elf/5.3.0/../../../../../H-x86_64-pc-linux-gnu/nios2-elf/lib/mno-hw-mul/pg/libsmallc.a(lib_a-puts.o)
                0x0000000000020138                puts
 .text          0x0000000000020158        0x0 /home/labarqcomp/intelFPGA/18.1/nios2eds/bin/gnu/H-x86_64-pc-linux-gnu/bin/../lib/gcc/nios2-elf/5.3.0/../../../../../H-x86_64-pc-linux-gnu/nios2-elf/lib/mno-hw-mul/pg/libsmallc.a(lib_a-strlen.o)
 .text.strlen   0x0000000000020158       0x28 /home/labarqcomp/intelFPGA/18.1/nios2eds/bin/gnu/H-x86_64-pc-linux-gnu/bin/../lib/gcc/nios2-elf/5.3.0/../../../../../H-x86_64-pc-linux-gnu/nios2-elf/lib/mno-hw-mul/pg/libsmallc.a(lib_a-strlen.o)
                0x0000000000020158                strlen
 .text          0x0000000000020180        0x0 /home/labarqcomp/intelFPGA/18.1/nios2eds/bin/gnu/H-x86_64-pc-linux-gnu/bin/../lib/gcc/nios2-elf/5.3.0/../../../../../H-x86_64-pc-linux-gnu/nios2-elf/lib/mno-hw-mul/pg/libsmallc.a(lib_a-fvwrite_small_dev.o)
 .text.__sfvwrite_small_dev
                0x0000000000020180       0xc4 /home/labarqcomp/intelFPGA/18.1/nios2eds/bin/gnu/H-x86_64-pc-linux-gnu/bin/../lib/gcc/nios2-elf/5.3.0/../../../../../H-x86_64-pc-linux-gnu/nios2-elf/lib/mno-hw-mul/pg/libsmallc.a(lib_a-fvwrite_small_dev.o)
                0x0000000000020180                __sfvwrite_small_dev
 .text          0x0000000000020244        0x0 /home/labarqcomp/intelFPGA/18.1/nios2eds/bin/gnu/H-x86_64-pc-linux-gnu/bin/../lib/gcc/nios2-elf/5.3.0/../../../../../H-x86_64-pc-linux-gnu/nios2-elf/lib/mno-hw-mul/pg/libsmallc.a(lib_a-impure.o)
 .text          0x0000000000020244        0x0 /home/labarqcomp/intelFPGA/18.1/nios2eds/bin/gnu/H-x86_64-pc-linux-gnu/bin/../lib/gcc/nios2-elf/5.3.0/../../../../../H-x86_64-pc-linux-gnu/nios2-elf/lib/mno-hw-mul/pg/libsmallc.a(lib_a-writer.o)
 .text._write_r
                0x0000000000020244       0x64 /home/labarqcomp/intelFPGA/18.1/nios2eds/bin/gnu/H-x86_64-pc-linux-gnu/bin/../lib/gcc/nios2-elf/5.3.0/../../../../../H-x86_64-pc-linux-gnu/nios2-elf/lib/mno-hw-mul/pg/libsmallc.a(lib_a-writer.o)
                0x0000000000020244                _write_r
 .text          0x00000000000202a8        0x0 /home/labarqcomp/intelFPGA/18.1/nios2eds/bin/gnu/H-x86_64-pc-linux-gnu/bin/../lib/gcc/nios2-elf/5.3.0/../../../../../H-x86_64-pc-linux-gnu/nios2-elf/lib/mno-hw-mul/pg/libsmallc.a(lib_a-int_errno.o)
 .text          0x00000000000202a8      0x104 ../FPGA_IP_bsp//libhal_bsp.a(alt_load.o)
                0x000000000002031c                alt_load
 .text          0x00000000000203ac       0x6c ../FPGA_IP_bsp//libhal_bsp.a(alt_main.o)
                0x00000000000203ac                alt_main
 .text          0x0000000000020418       0x9c ../FPGA_IP_bsp//libhal_bsp.a(alt_mcount.o)
                0x0000000000020418                mcount
                0x0000000000020418                _mcount
 .text          0x00000000000204b4      0x154 ../FPGA_IP_bsp//libhal_bsp.a(alt_write.o)
                0x00000000000204fc                write
 .text          0x0000000000020608       0xc4 ../FPGA_IP_bsp//libhal_bsp.a(alt_sys_init.o)
                0x0000000000020648                alt_irq_init
                0x000000000002068c                alt_sys_init
 .text          0x00000000000206cc       0xd8 ../FPGA_IP_bsp//libhal_bsp.a(altera_avalon_jtag_uart_fd.o)
                0x00000000000206cc                altera_avalon_jtag_uart_read_fd
                0x0000000000020738                altera_avalon_jtag_uart_write_fd
 .text          0x00000000000207a4       0xf8 ../FPGA_IP_bsp//libhal_bsp.a(altera_avalon_jtag_uart_read.o)
                0x00000000000207a4                altera_avalon_jtag_uart_read
 .text          0x000000000002089c       0xa0 ../FPGA_IP_bsp//libhal_bsp.a(altera_avalon_jtag_uart_write.o)
                0x000000000002089c                altera_avalon_jtag_uart_write
 .text          0x000000000002093c      0x12c ../FPGA_IP_bsp//libhal_bsp.a(alt_close.o)
                0x0000000000020984                close
 .text          0x0000000000020a68       0x2c ../FPGA_IP_bsp//libhal_bsp.a(alt_dcache_flush_all.o)
                0x0000000000020a68                alt_dcache_flush_all
 .text          0x0000000000020a94       0x38 ../FPGA_IP_bsp//libhal_bsp.a(alt_dev.o)
 .text          0x0000000000020acc       0xf8 ../FPGA_IP_bsp//libhal_bsp.a(alt_dev_llist_insert.o)
                0x0000000000020b14                alt_dev_llist_insert
 .text          0x0000000000020bc4       0x6c ../FPGA_IP_bsp//libhal_bsp.a(alt_do_ctors.o)
                0x0000000000020bc4                _do_ctors
 .text          0x0000000000020c30       0x6c ../FPGA_IP_bsp//libhal_bsp.a(alt_do_dtors.o)
                0x0000000000020c30                _do_dtors
 .text          0x0000000000020c9c        0x0 ../FPGA_IP_bsp//libhal_bsp.a(alt_errno.o)
 .text          0x0000000000020c9c      0x2c8 ../FPGA_IP_bsp//libhal_bsp.a(alt_gmon.o)
                0x0000000000020d18                __mcount_record
 .text          0x0000000000020f64       0x2c ../FPGA_IP_bsp//libhal_bsp.a(alt_icache_flush_all.o)
                0x0000000000020f64                alt_icache_flush_all
 .text          0x0000000000020f90       0x90 ../FPGA_IP_bsp//libhal_bsp.a(alt_release_fd.o)
                0x0000000000020f90                alt_release_fd
 .text          0x0000000000021020       0xb0 ../FPGA_IP_bsp//libhal_bsp.a(alt_sbrk.o)
                0x0000000000021020                sbrk
 .text          0x00000000000210d0      0x1bc ../FPGA_IP_bsp//libhal_bsp.a(alt_tick.o)
                0x00000000000210d0                alt_alarm_stop
                0x0000000000021178                alt_tick
 .text          0x000000000002128c       0x30 ../FPGA_IP_bsp//libhal_bsp.a(altera_nios2_gen2_irq.o)
                0x000000000002128c                altera_nios2_gen2_irq_init
 .text          0x00000000000212bc      0x138 ../FPGA_IP_bsp//libhal_bsp.a(alt_alarm_start.o)
                0x00000000000212bc                alt_alarm_start
 .text          0x00000000000213f4        0x0 /home/labarqcomp/intelFPGA/18.1/nios2eds/bin/gnu/H-x86_64-pc-linux-gnu/bin/../lib/gcc/nios2-elf/5.3.0/../../../../../H-x86_64-pc-linux-gnu/nios2-elf/lib/mno-hw-mul/pg/libsmallc.a(lib_a-atexit.o)
 .text.atexit   0x00000000000213f4       0x20 /home/labarqcomp/intelFPGA/18.1/nios2eds/bin/gnu/H-x86_64-pc-linux-gnu/bin/../lib/gcc/nios2-elf/5.3.0/../../../../../H-x86_64-pc-linux-gnu/nios2-elf/lib/mno-hw-mul/pg/libsmallc.a(lib_a-atexit.o)
                0x00000000000213f4                atexit
 .text          0x0000000000021414        0x0 /home/labarqcomp/intelFPGA/18.1/nios2eds/bin/gnu/H-x86_64-pc-linux-gnu/bin/../lib/gcc/nios2-elf/5.3.0/../../../../../H-x86_64-pc-linux-gnu/nios2-elf/lib/mno-hw-mul/pg/libsmallc.a(lib_a-exit.o)
 .text.exit     0x0000000000021414       0x2c /home/labarqcomp/intelFPGA/18.1/nios2eds/bin/gnu/H-x86_64-pc-linux-gnu/bin/../lib/gcc/nios2-elf/5.3.0/../../../../../H-x86_64-pc-linux-gnu/nios2-elf/lib/mno-hw-mul/pg/libsmallc.a(lib_a-exit.o)
                0x0000000000021414                exit
 .text          0x0000000000021440        0x0 /home/labarqcomp/intelFPGA/18.1/nios2eds/bin/gnu/H-x86_64-pc-linux-gnu/bin/../lib/gcc/nios2-elf/5.3.0/../../../../../H-x86_64-pc-linux-gnu/nios2-elf/lib/mno-hw-mul/pg/libsmallc.a(lib_a-memset.o)
 .text.memset   0x0000000000021440       0x2c /home/labarqcomp/intelFPGA/18.1/nios2eds/bin/gnu/H-x86_64-pc-linux-gnu/bin/../lib/gcc/nios2-elf/5.3.0/../../../../../H-x86_64-pc-linux-gnu/nios2-elf/lib/mno-hw-mul/pg/libsmallc.a(lib_a-memset.o)
                0x0000000000021440                memset
 .text          0x000000000002146c        0x0 /home/labarqcomp/intelFPGA/18.1/nios2eds/bin/gnu/H-x86_64-pc-linux-gnu/bin/../lib/gcc/nios2-elf/5.3.0/../../../../../H-x86_64-pc-linux-gnu/nios2-elf/lib/mno-hw-mul/pg/libsmallc.a(lib_a-__atexit.o)
 .text.__register_exitproc
                0x000000000002146c      0x164 /home/labarqcomp/intelFPGA/18.1/nios2eds/bin/gnu/H-x86_64-pc-linux-gnu/bin/../lib/gcc/nios2-elf/5.3.0/../../../../../H-x86_64-pc-linux-gnu/nios2-elf/lib/mno-hw-mul/pg/libsmallc.a(lib_a-__atexit.o)
                0x000000000002146c                __register_exitproc
 .text          0x00000000000215d0        0x0 /home/labarqcomp/intelFPGA/18.1/nios2eds/bin/gnu/H-x86_64-pc-linux-gnu/bin/../lib/gcc/nios2-elf/5.3.0/../../../../../H-x86_64-pc-linux-gnu/nios2-elf/lib/mno-hw-mul/pg/libsmallc.a(lib_a-__call_atexit.o)
 .text.__call_exitprocs
                0x00000000000215d0      0x19c /home/labarqcomp/intelFPGA/18.1/nios2eds/bin/gnu/H-x86_64-pc-linux-gnu/bin/../lib/gcc/nios2-elf/5.3.0/../../../../../H-x86_64-pc-linux-gnu/nios2-elf/lib/mno-hw-mul/pg/libsmallc.a(lib_a-__call_atexit.o)
                0x00000000000215d0                __call_exitprocs
 .text          0x000000000002176c       0x30 /home/labarqcomp/intelFPGA/18.1/nios2eds/bin/gnu/H-x86_64-pc-linux-gnu/bin/../lib/gcc/nios2-elf/5.3.0/mno-hw-mul/pg/libgcc.a(lib2-mul.o)
                0x000000000002176c                __mulsi3
 .text          0x000000000002179c       0x68 ../FPGA_IP_bsp//libhal_bsp.a(alt_exit.o)
                0x000000000002179c                _exit
 *(.gnu.warning.*)
 *(.fini)
                [!provide]                        PROVIDE (__etext, ABSOLUTE (.))
                [!provide]                        PROVIDE (_etext, ABSOLUTE (.))
                0x0000000000021804                PROVIDE (etext, ABSOLUTE (.))
 *(.eh_frame_hdr)
                0x0000000000021804                . = ALIGN (0x4)
                [!provide]                        PROVIDE (__preinit_array_start, ABSOLUTE (.))
 *(.preinit_array)
                [!provide]                        PROVIDE (__preinit_array_end, ABSOLUTE (.))
                [!provide]                        PROVIDE (__init_array_start, ABSOLUTE (.))
 *(.init_array)
                [!provide]                        PROVIDE (__init_array_end, ABSOLUTE (.))
                [!provide]                        PROVIDE (__fini_array_start, ABSOLUTE (.))
 *(.fini_array)
                [!provide]                        PROVIDE (__fini_array_end, ABSOLUTE (.))
 *(.eh_frame)
 *(.gcc_except_table .gcc_except_table.*)
 *(.dynamic)
                0x0000000000021804                PROVIDE (__CTOR_LIST__, ABSOLUTE (.))
 *(.ctors)
 *(SORT(.ctors.*))
                0x0000000000021804                PROVIDE (__CTOR_END__, ABSOLUTE (.))
                0x0000000000021804                PROVIDE (__DTOR_LIST__, ABSOLUTE (.))
 *(.dtors)
 *(SORT(.dtors.*))
                0x0000000000021804                PROVIDE (__DTOR_END__, ABSOLUTE (.))
 *(.jcr)
                0x0000000000021804                . = ALIGN (0x4)

.rodata         0x0000000000021804       0x30
                0x0000000000021804                PROVIDE (__ram_rodata_start, ABSOLUTE (.))
                0x0000000000021804                . = ALIGN (0x4)
 *(.rodata .rodata.* .gnu.linkonce.r.*)
 .rodata        0x0000000000021804        0xa obj/default/hello_world.o
 *fill*         0x000000000002180e        0x2 
 .rodata.str1.4
                0x0000000000021810        0x4 /home/labarqcomp/intelFPGA/18.1/nios2eds/bin/gnu/H-x86_64-pc-linux-gnu/bin/../lib/gcc/nios2-elf/5.3.0/../../../../../H-x86_64-pc-linux-gnu/nios2-elf/lib/mno-hw-mul/pg/libsmallc.a(lib_a-puts.o)
                                          0x2 (size before relaxing)
 .rodata        0x0000000000021814       0x11 ../FPGA_IP_bsp//libhal_bsp.a(alt_sys_init.o)
 *fill*         0x0000000000021825        0x3 
 .rodata        0x0000000000021828        0xa ../FPGA_IP_bsp//libhal_bsp.a(alt_dev.o)
 *(.rodata1)
                0x0000000000021834                . = ALIGN (0x4)
 *fill*         0x0000000000021832        0x2 
                0x0000000000021834                PROVIDE (__ram_rodata_end, ABSOLUTE (.))
                0x0000000000021804                PROVIDE (__flash_rodata_start, LOADADDR (.rodata))

.rwdata         0x0000000000021834      0x310 load address 0x0000000000021b44
                0x0000000000021834                PROVIDE (__ram_rwdata_start, ABSOLUTE (.))
                0x0000000000021834                . = ALIGN (0x4)
 *(.got.plt)
 *(.got)
 *(.data1)
 *(.data .data.* .gnu.linkonce.d.*)
 .data          0x0000000000021834        0x0 ../FPGA_IP_bsp//obj/HAL/src/crt0.o
 .data          0x0000000000021834        0x0 obj/default/hello_world.o
 .data          0x0000000000021834        0x0 /home/labarqcomp/intelFPGA/18.1/nios2eds/bin/gnu/H-x86_64-pc-linux-gnu/bin/../lib/gcc/nios2-elf/5.3.0/../../../../../H-x86_64-pc-linux-gnu/nios2-elf/lib/mno-hw-mul/pg/libsmallc.a(lib_a-puts.o)
 .data          0x0000000000021834        0x0 /home/labarqcomp/intelFPGA/18.1/nios2eds/bin/gnu/H-x86_64-pc-linux-gnu/bin/../lib/gcc/nios2-elf/5.3.0/../../../../../H-x86_64-pc-linux-gnu/nios2-elf/lib/mno-hw-mul/pg/libsmallc.a(lib_a-strlen.o)
 .data          0x0000000000021834        0x0 /home/labarqcomp/intelFPGA/18.1/nios2eds/bin/gnu/H-x86_64-pc-linux-gnu/bin/../lib/gcc/nios2-elf/5.3.0/../../../../../H-x86_64-pc-linux-gnu/nios2-elf/lib/mno-hw-mul/pg/libsmallc.a(lib_a-fvwrite_small_dev.o)
 .data          0x0000000000021834        0x0 /home/labarqcomp/intelFPGA/18.1/nios2eds/bin/gnu/H-x86_64-pc-linux-gnu/bin/../lib/gcc/nios2-elf/5.3.0/../../../../../H-x86_64-pc-linux-gnu/nios2-elf/lib/mno-hw-mul/pg/libsmallc.a(lib_a-impure.o)
 .data.impure_data
                0x0000000000021834       0xe0 /home/labarqcomp/intelFPGA/18.1/nios2eds/bin/gnu/H-x86_64-pc-linux-gnu/bin/../lib/gcc/nios2-elf/5.3.0/../../../../../H-x86_64-pc-linux-gnu/nios2-elf/lib/mno-hw-mul/pg/libsmallc.a(lib_a-impure.o)
 .data          0x0000000000021914        0x0 /home/labarqcomp/intelFPGA/18.1/nios2eds/bin/gnu/H-x86_64-pc-linux-gnu/bin/../lib/gcc/nios2-elf/5.3.0/../../../../../H-x86_64-pc-linux-gnu/nios2-elf/lib/mno-hw-mul/pg/libsmallc.a(lib_a-writer.o)
 .data          0x0000000000021914        0x0 /home/labarqcomp/intelFPGA/18.1/nios2eds/bin/gnu/H-x86_64-pc-linux-gnu/bin/../lib/gcc/nios2-elf/5.3.0/../../../../../H-x86_64-pc-linux-gnu/nios2-elf/lib/mno-hw-mul/pg/libsmallc.a(lib_a-int_errno.o)
 .data          0x0000000000021914        0x0 ../FPGA_IP_bsp//libhal_bsp.a(alt_load.o)
 .data          0x0000000000021914        0x0 ../FPGA_IP_bsp//libhal_bsp.a(alt_main.o)
 .data          0x0000000000021914        0x0 ../FPGA_IP_bsp//libhal_bsp.a(alt_mcount.o)
 .data          0x0000000000021914        0x0 ../FPGA_IP_bsp//libhal_bsp.a(alt_write.o)
 .data          0x0000000000021914       0x2c ../FPGA_IP_bsp//libhal_bsp.a(alt_sys_init.o)
 .data          0x0000000000021940        0x0 ../FPGA_IP_bsp//libhal_bsp.a(altera_avalon_jtag_uart_fd.o)
 .data          0x0000000000021940        0x0 ../FPGA_IP_bsp//libhal_bsp.a(altera_avalon_jtag_uart_read.o)
 .data          0x0000000000021940        0x0 ../FPGA_IP_bsp//libhal_bsp.a(altera_avalon_jtag_uart_write.o)
 .data          0x0000000000021940        0x0 ../FPGA_IP_bsp//libhal_bsp.a(alt_close.o)
 .data          0x0000000000021940        0x0 ../FPGA_IP_bsp//libhal_bsp.a(alt_dcache_flush_all.o)
 .data          0x0000000000021940      0x1a8 ../FPGA_IP_bsp//libhal_bsp.a(alt_dev.o)
                0x0000000000021940                alt_dev_null
                0x0000000000021968                alt_fd_list
 .data          0x0000000000021ae8        0x0 ../FPGA_IP_bsp//libhal_bsp.a(alt_dev_llist_insert.o)
 .data          0x0000000000021ae8        0x0 ../FPGA_IP_bsp//libhal_bsp.a(alt_do_ctors.o)
 .data          0x0000000000021ae8        0x0 ../FPGA_IP_bsp//libhal_bsp.a(alt_do_dtors.o)
 .data          0x0000000000021ae8        0x0 ../FPGA_IP_bsp//libhal_bsp.a(alt_errno.o)
 .data          0x0000000000021ae8       0x24 ../FPGA_IP_bsp//libhal_bsp.a(alt_gmon.o)
                0x0000000000021ae8                alt_gmon_data
 .data          0x0000000000021b0c        0x0 ../FPGA_IP_bsp//libhal_bsp.a(alt_icache_flush_all.o)
 .data          0x0000000000021b0c        0x0 ../FPGA_IP_bsp//libhal_bsp.a(alt_release_fd.o)
 .data          0x0000000000021b0c        0x0 ../FPGA_IP_bsp//libhal_bsp.a(alt_sbrk.o)
 .data          0x0000000000021b0c        0x0 ../FPGA_IP_bsp//libhal_bsp.a(alt_tick.o)
 .data          0x0000000000021b0c        0x0 ../FPGA_IP_bsp//libhal_bsp.a(altera_nios2_gen2_irq.o)
 .data          0x0000000000021b0c        0x0 ../FPGA_IP_bsp//libhal_bsp.a(alt_alarm_start.o)
 .data          0x0000000000021b0c        0x0 /home/labarqcomp/intelFPGA/18.1/nios2eds/bin/gnu/H-x86_64-pc-linux-gnu/bin/../lib/gcc/nios2-elf/5.3.0/../../../../../H-x86_64-pc-linux-gnu/nios2-elf/lib/mno-hw-mul/pg/libsmallc.a(lib_a-atexit.o)
 .data          0x0000000000021b0c        0x0 /home/labarqcomp/intelFPGA/18.1/nios2eds/bin/gnu/H-x86_64-pc-linux-gnu/bin/../lib/gcc/nios2-elf/5.3.0/../../../../../H-x86_64-pc-linux-gnu/nios2-elf/lib/mno-hw-mul/pg/libsmallc.a(lib_a-exit.o)
 .data          0x0000000000021b0c        0x0 /home/labarqcomp/intelFPGA/18.1/nios2eds/bin/gnu/H-x86_64-pc-linux-gnu/bin/../lib/gcc/nios2-elf/5.3.0/../../../../../H-x86_64-pc-linux-gnu/nios2-elf/lib/mno-hw-mul/pg/libsmallc.a(lib_a-memset.o)
 .data          0x0000000000021b0c        0x0 /home/labarqcomp/intelFPGA/18.1/nios2eds/bin/gnu/H-x86_64-pc-linux-gnu/bin/../lib/gcc/nios2-elf/5.3.0/../../../../../H-x86_64-pc-linux-gnu/nios2-elf/lib/mno-hw-mul/pg/libsmallc.a(lib_a-__atexit.o)
 .data          0x0000000000021b0c        0x0 /home/labarqcomp/intelFPGA/18.1/nios2eds/bin/gnu/H-x86_64-pc-linux-gnu/bin/../lib/gcc/nios2-elf/5.3.0/../../../../../H-x86_64-pc-linux-gnu/nios2-elf/lib/mno-hw-mul/pg/libsmallc.a(lib_a-__call_atexit.o)
 .data          0x0000000000021b0c        0x0 /home/labarqcomp/intelFPGA/18.1/nios2eds/bin/gnu/H-x86_64-pc-linux-gnu/bin/../lib/gcc/nios2-elf/5.3.0/mno-hw-mul/pg/libgcc.a(lib2-mul.o)
 .data          0x0000000000021b0c        0x0 ../FPGA_IP_bsp//libhal_bsp.a(alt_exit.o)
                0x0000000000029b0c                _gp = ABSOLUTE ((. + 0x8000))
                [!provide]                        PROVIDE (gp, _gp)
 *(.rwdata .rwdata.*)
 *(.sdata .sdata.* .gnu.linkonce.s.*)
 .sdata._global_impure_ptr
                0x0000000000021b0c        0x4 /home/labarqcomp/intelFPGA/18.1/nios2eds/bin/gnu/H-x86_64-pc-linux-gnu/bin/../lib/gcc/nios2-elf/5.3.0/../../../../../H-x86_64-pc-linux-gnu/nios2-elf/lib/mno-hw-mul/pg/libsmallc.a(lib_a-impure.o)
                0x0000000000021b0c                _global_impure_ptr
 .sdata._impure_ptr
                0x0000000000021b10        0x4 /home/labarqcomp/intelFPGA/18.1/nios2eds/bin/gnu/H-x86_64-pc-linux-gnu/bin/../lib/gcc/nios2-elf/5.3.0/../../../../../H-x86_64-pc-linux-gnu/nios2-elf/lib/mno-hw-mul/pg/libsmallc.a(lib_a-impure.o)
                0x0000000000021b10                _impure_ptr
 .sdata         0x0000000000021b14       0x14 ../FPGA_IP_bsp//libhal_bsp.a(alt_dev.o)
                0x0000000000021b14                alt_fs_list
                0x0000000000021b1c                alt_dev_list
                0x0000000000021b24                alt_max_fd
 .sdata         0x0000000000021b28        0x4 ../FPGA_IP_bsp//libhal_bsp.a(alt_errno.o)
                0x0000000000021b28                alt_errno
 .sdata         0x0000000000021b2c        0xc ../FPGA_IP_bsp//libhal_bsp.a(alt_gmon.o)
 .sdata         0x0000000000021b38        0x4 ../FPGA_IP_bsp//libhal_bsp.a(alt_sbrk.o)
 .sdata         0x0000000000021b3c        0x8 ../FPGA_IP_bsp//libhal_bsp.a(alt_tick.o)
                0x0000000000021b3c                alt_alarm_list
 *(.sdata2 .sdata2.* .gnu.linkonce.s2.*)
                0x0000000000021b44                . = ALIGN (0x4)
                0x0000000000021b44                _edata = ABSOLUTE (.)
                [!provide]                        PROVIDE (edata, ABSOLUTE (.))
                0x0000000000021b44                PROVIDE (__ram_rwdata_end, ABSOLUTE (.))
                0x0000000000021b44                PROVIDE (__flash_rwdata_start, LOADADDR (.rwdata))

.bss            0x0000000000021e54      0x13c
                0x0000000000021e54                __bss_start = ABSOLUTE (.)
                [!provide]                        PROVIDE (__sbss_start, ABSOLUTE (.))
                [!provide]                        PROVIDE (___sbss_start, ABSOLUTE (.))
 *(.dynsbss)
 *(.sbss .sbss.* .gnu.linkonce.sb.*)
 .sbss          0x0000000000021e54        0x4 /home/labarqcomp/intelFPGA/18.1/nios2eds/bin/gnu/H-x86_64-pc-linux-gnu/bin/../lib/gcc/nios2-elf/5.3.0/../../../../../H-x86_64-pc-linux-gnu/nios2-elf/lib/mno-hw-mul/pg/libsmallc.a(lib_a-int_errno.o)
                0x0000000000021e54                errno
 .sbss          0x0000000000021e58        0xc ../FPGA_IP_bsp//libhal_bsp.a(alt_main.o)
                0x0000000000021e58                alt_argc
                0x0000000000021e5c                alt_argv
                0x0000000000021e60                alt_envp
 .sbss          0x0000000000021e64        0xc ../FPGA_IP_bsp//libhal_bsp.a(alt_gmon.o)
 .sbss          0x0000000000021e70        0x8 ../FPGA_IP_bsp//libhal_bsp.a(alt_tick.o)
                0x0000000000021e70                _alt_tick_rate
                0x0000000000021e74                _alt_nticks
 *(.sbss2 .sbss2.* .gnu.linkonce.sb2.*)
 *(.scommon)
                [!provide]                        PROVIDE (__sbss_end, ABSOLUTE (.))
                [!provide]                        PROVIDE (___sbss_end, ABSOLUTE (.))
 *(.dynbss)
 *(.bss .bss.* .gnu.linkonce.b.*)
 .bss           0x0000000000021e78        0x0 ../FPGA_IP_bsp//obj/HAL/src/crt0.o
 .bss           0x0000000000021e78        0x0 obj/default/hello_world.o
 .bss           0x0000000000021e78        0x0 /home/labarqcomp/intelFPGA/18.1/nios2eds/bin/gnu/H-x86_64-pc-linux-gnu/bin/../lib/gcc/nios2-elf/5.3.0/../../../../../H-x86_64-pc-linux-gnu/nios2-elf/lib/mno-hw-mul/pg/libsmallc.a(lib_a-puts.o)
 .bss           0x0000000000021e78        0x0 /home/labarqcomp/intelFPGA/18.1/nios2eds/bin/gnu/H-x86_64-pc-linux-gnu/bin/../lib/gcc/nios2-elf/5.3.0/../../../../../H-x86_64-pc-linux-gnu/nios2-elf/lib/mno-hw-mul/pg/libsmallc.a(lib_a-strlen.o)
 .bss           0x0000000000021e78        0x0 /home/labarqcomp/intelFPGA/18.1/nios2eds/bin/gnu/H-x86_64-pc-linux-gnu/bin/../lib/gcc/nios2-elf/5.3.0/../../../../../H-x86_64-pc-linux-gnu/nios2-elf/lib/mno-hw-mul/pg/libsmallc.a(lib_a-fvwrite_small_dev.o)
 .bss           0x0000000000021e78        0x0 /home/labarqcomp/intelFPGA/18.1/nios2eds/bin/gnu/H-x86_64-pc-linux-gnu/bin/../lib/gcc/nios2-elf/5.3.0/../../../../../H-x86_64-pc-linux-gnu/nios2-elf/lib/mno-hw-mul/pg/libsmallc.a(lib_a-impure.o)
 .bss           0x0000000000021e78        0x0 /home/labarqcomp/intelFPGA/18.1/nios2eds/bin/gnu/H-x86_64-pc-linux-gnu/bin/../lib/gcc/nios2-elf/5.3.0/../../../../../H-x86_64-pc-linux-gnu/nios2-elf/lib/mno-hw-mul/pg/libsmallc.a(lib_a-writer.o)
 .bss           0x0000000000021e78        0x0 /home/labarqcomp/intelFPGA/18.1/nios2eds/bin/gnu/H-x86_64-pc-linux-gnu/bin/../lib/gcc/nios2-elf/5.3.0/../../../../../H-x86_64-pc-linux-gnu/nios2-elf/lib/mno-hw-mul/pg/libsmallc.a(lib_a-int_errno.o)
 .bss           0x0000000000021e78        0x0 ../FPGA_IP_bsp//libhal_bsp.a(alt_load.o)
 .bss           0x0000000000021e78        0x0 ../FPGA_IP_bsp//libhal_bsp.a(alt_main.o)
 .bss           0x0000000000021e78        0x0 ../FPGA_IP_bsp//libhal_bsp.a(alt_mcount.o)
 .bss           0x0000000000021e78        0x0 ../FPGA_IP_bsp//libhal_bsp.a(alt_write.o)
 .bss           0x0000000000021e78        0x0 ../FPGA_IP_bsp//libhal_bsp.a(alt_sys_init.o)
 .bss           0x0000000000021e78        0x0 ../FPGA_IP_bsp//libhal_bsp.a(altera_avalon_jtag_uart_fd.o)
 .bss           0x0000000000021e78        0x0 ../FPGA_IP_bsp//libhal_bsp.a(altera_avalon_jtag_uart_read.o)
 .bss           0x0000000000021e78        0x0 ../FPGA_IP_bsp//libhal_bsp.a(altera_avalon_jtag_uart_write.o)
 .bss           0x0000000000021e78        0x0 ../FPGA_IP_bsp//libhal_bsp.a(alt_close.o)
 .bss           0x0000000000021e78        0x0 ../FPGA_IP_bsp//libhal_bsp.a(alt_dcache_flush_all.o)
 .bss           0x0000000000021e78        0x0 ../FPGA_IP_bsp//libhal_bsp.a(alt_dev.o)
 .bss           0x0000000000021e78        0x0 ../FPGA_IP_bsp//libhal_bsp.a(alt_dev_llist_insert.o)
 .bss           0x0000000000021e78        0x0 ../FPGA_IP_bsp//libhal_bsp.a(alt_do_ctors.o)
 .bss           0x0000000000021e78        0x0 ../FPGA_IP_bsp//libhal_bsp.a(alt_do_dtors.o)
 .bss           0x0000000000021e78        0x0 ../FPGA_IP_bsp//libhal_bsp.a(alt_errno.o)
 .bss           0x0000000000021e78       0x18 ../FPGA_IP_bsp//libhal_bsp.a(alt_gmon.o)
 .bss           0x0000000000021e90        0x0 ../FPGA_IP_bsp//libhal_bsp.a(alt_icache_flush_all.o)
 .bss           0x0000000000021e90        0x0 ../FPGA_IP_bsp//libhal_bsp.a(alt_release_fd.o)
 .bss           0x0000000000021e90        0x0 ../FPGA_IP_bsp//libhal_bsp.a(alt_sbrk.o)
 .bss           0x0000000000021e90        0x0 ../FPGA_IP_bsp//libhal_bsp.a(alt_tick.o)
 .bss           0x0000000000021e90        0x0 ../FPGA_IP_bsp//libhal_bsp.a(altera_nios2_gen2_irq.o)
 .bss           0x0000000000021e90        0x0 ../FPGA_IP_bsp//libhal_bsp.a(alt_alarm_start.o)
 .bss           0x0000000000021e90        0x0 /home/labarqcomp/intelFPGA/18.1/nios2eds/bin/gnu/H-x86_64-pc-linux-gnu/bin/../lib/gcc/nios2-elf/5.3.0/../../../../../H-x86_64-pc-linux-gnu/nios2-elf/lib/mno-hw-mul/pg/libsmallc.a(lib_a-atexit.o)
 .bss           0x0000000000021e90        0x0 /home/labarqcomp/intelFPGA/18.1/nios2eds/bin/gnu/H-x86_64-pc-linux-gnu/bin/../lib/gcc/nios2-elf/5.3.0/../../../../../H-x86_64-pc-linux-gnu/nios2-elf/lib/mno-hw-mul/pg/libsmallc.a(lib_a-exit.o)
 .bss           0x0000000000021e90        0x0 /home/labarqcomp/intelFPGA/18.1/nios2eds/bin/gnu/H-x86_64-pc-linux-gnu/bin/../lib/gcc/nios2-elf/5.3.0/../../../../../H-x86_64-pc-linux-gnu/nios2-elf/lib/mno-hw-mul/pg/libsmallc.a(lib_a-memset.o)
 .bss           0x0000000000021e90        0x0 /home/labarqcomp/intelFPGA/18.1/nios2eds/bin/gnu/H-x86_64-pc-linux-gnu/bin/../lib/gcc/nios2-elf/5.3.0/../../../../../H-x86_64-pc-linux-gnu/nios2-elf/lib/mno-hw-mul/pg/libsmallc.a(lib_a-__atexit.o)
 .bss           0x0000000000021e90        0x0 /home/labarqcomp/intelFPGA/18.1/nios2eds/bin/gnu/H-x86_64-pc-linux-gnu/bin/../lib/gcc/nios2-elf/5.3.0/../../../../../H-x86_64-pc-linux-gnu/nios2-elf/lib/mno-hw-mul/pg/libsmallc.a(lib_a-__call_atexit.o)
 .bss           0x0000000000021e90        0x0 /home/labarqcomp/intelFPGA/18.1/nios2eds/bin/gnu/H-x86_64-pc-linux-gnu/bin/../lib/gcc/nios2-elf/5.3.0/mno-hw-mul/pg/libgcc.a(lib2-mul.o)
 .bss           0x0000000000021e90        0x0 ../FPGA_IP_bsp//libhal_bsp.a(alt_exit.o)
 *(COMMON)
 COMMON         0x0000000000021e90      0x100 ../FPGA_IP_bsp//libhal_bsp.a(alt_gmon.o)
                0x0000000000021e90                __mcount_fn_head
                0x0000000000021f90                . = ALIGN (0x4)
                0x0000000000021f90                __bss_end = ABSOLUTE (.)

.onchip_memory2_1
                0x0000000000021f90        0x0
                [!provide]                        PROVIDE (_alt_partition_onchip_memory2_1_start, ABSOLUTE (.))
 *(.onchip_memory2_1 .onchip_memory2_1. onchip_memory2_1.*)
                0x0000000000021f90                . = ALIGN (0x4)
                [!provide]                        PROVIDE (_alt_partition_onchip_memory2_1_end, ABSOLUTE (.))
                0x0000000000021f90                _end = ABSOLUTE (.)
                0x0000000000021f90                end = ABSOLUTE (.)
                0x0000000000021f90                __alt_stack_base = ABSOLUTE (.)
                [!provide]                        PROVIDE (_alt_partition_onchip_memory2_1_load_addr, LOADADDR (.onchip_memory2_1))

.onchip_memory2_0
                0x0000000000040000        0x0 load address 0x0000000000021f90
                [!provide]                        PROVIDE (_alt_partition_onchip_memory2_0_start, ABSOLUTE (.))
 *(.onchip_memory2_0 .onchip_memory2_0. onchip_memory2_0.*)
                0x0000000000040000                . = ALIGN (0x4)
                [!provide]                        PROVIDE (_alt_partition_onchip_memory2_0_end, ABSOLUTE (.))
                [!provide]                        PROVIDE (_alt_partition_onchip_memory2_0_load_addr, LOADADDR (.onchip_memory2_0))

.stab
 *(.stab)

.stabstr
 *(.stabstr)

.stab.excl
 *(.stab.excl)

.stab.exclstr
 *(.stab.exclstr)

.stab.index
 *(.stab.index)

.stab.indexstr
 *(.stab.indexstr)

.comment        0x0000000000000000       0x23
 *(.comment)
 .comment       0x0000000000000000       0x23 obj/default/hello_world.o
                                         0x24 (size before relaxing)
 .comment       0x0000000000000023       0x24 /home/labarqcomp/intelFPGA/18.1/nios2eds/bin/gnu/H-x86_64-pc-linux-gnu/bin/../lib/gcc/nios2-elf/5.3.0/../../../../../H-x86_64-pc-linux-gnu/nios2-elf/lib/mno-hw-mul/pg/libsmallc.a(lib_a-puts.o)
 .comment       0x0000000000000023       0x24 /home/labarqcomp/intelFPGA/18.1/nios2eds/bin/gnu/H-x86_64-pc-linux-gnu/bin/../lib/gcc/nios2-elf/5.3.0/../../../../../H-x86_64-pc-linux-gnu/nios2-elf/lib/mno-hw-mul/pg/libsmallc.a(lib_a-strlen.o)
 .comment       0x0000000000000023       0x24 /home/labarqcomp/intelFPGA/18.1/nios2eds/bin/gnu/H-x86_64-pc-linux-gnu/bin/../lib/gcc/nios2-elf/5.3.0/../../../../../H-x86_64-pc-linux-gnu/nios2-elf/lib/mno-hw-mul/pg/libsmallc.a(lib_a-fvwrite_small_dev.o)
 .comment       0x0000000000000023       0x24 /home/labarqcomp/intelFPGA/18.1/nios2eds/bin/gnu/H-x86_64-pc-linux-gnu/bin/../lib/gcc/nios2-elf/5.3.0/../../../../../H-x86_64-pc-linux-gnu/nios2-elf/lib/mno-hw-mul/pg/libsmallc.a(lib_a-impure.o)
 .comment       0x0000000000000023       0x24 /home/labarqcomp/intelFPGA/18.1/nios2eds/bin/gnu/H-x86_64-pc-linux-gnu/bin/../lib/gcc/nios2-elf/5.3.0/../../../../../H-x86_64-pc-linux-gnu/nios2-elf/lib/mno-hw-mul/pg/libsmallc.a(lib_a-writer.o)
 .comment       0x0000000000000023       0x24 /home/labarqcomp/intelFPGA/18.1/nios2eds/bin/gnu/H-x86_64-pc-linux-gnu/bin/../lib/gcc/nios2-elf/5.3.0/../../../../../H-x86_64-pc-linux-gnu/nios2-elf/lib/mno-hw-mul/pg/libsmallc.a(lib_a-int_errno.o)
 .comment       0x0000000000000023       0x24 ../FPGA_IP_bsp//libhal_bsp.a(alt_load.o)
 .comment       0x0000000000000023       0x24 ../FPGA_IP_bsp//libhal_bsp.a(alt_main.o)
 .comment       0x0000000000000023       0x24 ../FPGA_IP_bsp//libhal_bsp.a(alt_write.o)
 .comment       0x0000000000000023       0x24 ../FPGA_IP_bsp//libhal_bsp.a(alt_sys_init.o)
 .comment       0x0000000000000023       0x24 ../FPGA_IP_bsp//libhal_bsp.a(altera_avalon_jtag_uart_fd.o)
 .comment       0x0000000000000023       0x24 ../FPGA_IP_bsp//libhal_bsp.a(altera_avalon_jtag_uart_read.o)
 .comment       0x0000000000000023       0x24 ../FPGA_IP_bsp//libhal_bsp.a(altera_avalon_jtag_uart_write.o)
 .comment       0x0000000000000023       0x24 ../FPGA_IP_bsp//libhal_bsp.a(alt_close.o)
 .comment       0x0000000000000023       0x24 ../FPGA_IP_bsp//libhal_bsp.a(alt_dcache_flush_all.o)
 .comment       0x0000000000000023       0x24 ../FPGA_IP_bsp//libhal_bsp.a(alt_dev.o)
 .comment       0x0000000000000023       0x24 ../FPGA_IP_bsp//libhal_bsp.a(alt_dev_llist_insert.o)
 .comment       0x0000000000000023       0x24 ../FPGA_IP_bsp//libhal_bsp.a(alt_do_ctors.o)
 .comment       0x0000000000000023       0x24 ../FPGA_IP_bsp//libhal_bsp.a(alt_do_dtors.o)
 .comment       0x0000000000000023       0x24 ../FPGA_IP_bsp//libhal_bsp.a(alt_errno.o)
 .comment       0x0000000000000023       0x24 ../FPGA_IP_bsp//libhal_bsp.a(alt_gmon.o)
 .comment       0x0000000000000023       0x24 ../FPGA_IP_bsp//libhal_bsp.a(alt_icache_flush_all.o)
 .comment       0x0000000000000023       0x24 ../FPGA_IP_bsp//libhal_bsp.a(alt_release_fd.o)
 .comment       0x0000000000000023       0x24 ../FPGA_IP_bsp//libhal_bsp.a(alt_sbrk.o)
 .comment       0x0000000000000023       0x24 ../FPGA_IP_bsp//libhal_bsp.a(alt_tick.o)
 .comment       0x0000000000000023       0x24 ../FPGA_IP_bsp//libhal_bsp.a(altera_nios2_gen2_irq.o)
 .comment       0x0000000000000023       0x24 ../FPGA_IP_bsp//libhal_bsp.a(alt_alarm_start.o)
 .comment       0x0000000000000023       0x24 /home/labarqcomp/intelFPGA/18.1/nios2eds/bin/gnu/H-x86_64-pc-linux-gnu/bin/../lib/gcc/nios2-elf/5.3.0/../../../../../H-x86_64-pc-linux-gnu/nios2-elf/lib/mno-hw-mul/pg/libsmallc.a(lib_a-atexit.o)
 .comment       0x0000000000000023       0x24 /home/labarqcomp/intelFPGA/18.1/nios2eds/bin/gnu/H-x86_64-pc-linux-gnu/bin/../lib/gcc/nios2-elf/5.3.0/../../../../../H-x86_64-pc-linux-gnu/nios2-elf/lib/mno-hw-mul/pg/libsmallc.a(lib_a-exit.o)
 .comment       0x0000000000000023       0x24 /home/labarqcomp/intelFPGA/18.1/nios2eds/bin/gnu/H-x86_64-pc-linux-gnu/bin/../lib/gcc/nios2-elf/5.3.0/../../../../../H-x86_64-pc-linux-gnu/nios2-elf/lib/mno-hw-mul/pg/libsmallc.a(lib_a-memset.o)
 .comment       0x0000000000000023       0x24 /home/labarqcomp/intelFPGA/18.1/nios2eds/bin/gnu/H-x86_64-pc-linux-gnu/bin/../lib/gcc/nios2-elf/5.3.0/../../../../../H-x86_64-pc-linux-gnu/nios2-elf/lib/mno-hw-mul/pg/libsmallc.a(lib_a-__atexit.o)
 .comment       0x0000000000000023       0x24 /home/labarqcomp/intelFPGA/18.1/nios2eds/bin/gnu/H-x86_64-pc-linux-gnu/bin/../lib/gcc/nios2-elf/5.3.0/../../../../../H-x86_64-pc-linux-gnu/nios2-elf/lib/mno-hw-mul/pg/libsmallc.a(lib_a-__call_atexit.o)
 .comment       0x0000000000000023       0x24 /home/labarqcomp/intelFPGA/18.1/nios2eds/bin/gnu/H-x86_64-pc-linux-gnu/bin/../lib/gcc/nios2-elf/5.3.0/mno-hw-mul/pg/libgcc.a(lib2-mul.o)
 .comment       0x0000000000000023       0x24 ../FPGA_IP_bsp//libhal_bsp.a(alt_exit.o)

.debug
 *(.debug)

.line
 *(.line)

.debug_srcinfo
 *(.debug_srcinfo)

.debug_sfnames
 *(.debug_sfnames)

.debug_aranges  0x0000000000000000      0x498
 *(.debug_aranges)
 .debug_aranges
                0x0000000000000000       0x28 ../FPGA_IP_bsp//obj/HAL/src/crt0.o
 .debug_aranges
                0x0000000000000028       0x20 obj/default/hello_world.o
 .debug_aranges
                0x0000000000000048       0x28 /home/labarqcomp/intelFPGA/18.1/nios2eds/bin/gnu/H-x86_64-pc-linux-gnu/bin/../lib/gcc/nios2-elf/5.3.0/../../../../../H-x86_64-pc-linux-gnu/nios2-elf/lib/mno-hw-mul/pg/libsmallc.a(lib_a-puts.o)
 .debug_aranges
                0x0000000000000070       0x20 /home/labarqcomp/intelFPGA/18.1/nios2eds/bin/gnu/H-x86_64-pc-linux-gnu/bin/../lib/gcc/nios2-elf/5.3.0/../../../../../H-x86_64-pc-linux-gnu/nios2-elf/lib/mno-hw-mul/pg/libsmallc.a(lib_a-strlen.o)
 .debug_aranges
                0x0000000000000090       0x20 /home/labarqcomp/intelFPGA/18.1/nios2eds/bin/gnu/H-x86_64-pc-linux-gnu/bin/../lib/gcc/nios2-elf/5.3.0/../../../../../H-x86_64-pc-linux-gnu/nios2-elf/lib/mno-hw-mul/pg/libsmallc.a(lib_a-fvwrite_small_dev.o)
 .debug_aranges
                0x00000000000000b0       0x18 /home/labarqcomp/intelFPGA/18.1/nios2eds/bin/gnu/H-x86_64-pc-linux-gnu/bin/../lib/gcc/nios2-elf/5.3.0/../../../../../H-x86_64-pc-linux-gnu/nios2-elf/lib/mno-hw-mul/pg/libsmallc.a(lib_a-impure.o)
 .debug_aranges
                0x00000000000000c8       0x20 /home/labarqcomp/intelFPGA/18.1/nios2eds/bin/gnu/H-x86_64-pc-linux-gnu/bin/../lib/gcc/nios2-elf/5.3.0/../../../../../H-x86_64-pc-linux-gnu/nios2-elf/lib/mno-hw-mul/pg/libsmallc.a(lib_a-writer.o)
 .debug_aranges
                0x00000000000000e8       0x18 /home/labarqcomp/intelFPGA/18.1/nios2eds/bin/gnu/H-x86_64-pc-linux-gnu/bin/../lib/gcc/nios2-elf/5.3.0/../../../../../H-x86_64-pc-linux-gnu/nios2-elf/lib/mno-hw-mul/pg/libsmallc.a(lib_a-int_errno.o)
 .debug_aranges
                0x0000000000000100       0x20 ../FPGA_IP_bsp//libhal_bsp.a(alt_load.o)
 .debug_aranges
                0x0000000000000120       0x20 ../FPGA_IP_bsp//libhal_bsp.a(alt_main.o)
 .debug_aranges
                0x0000000000000140       0x20 ../FPGA_IP_bsp//libhal_bsp.a(alt_mcount.o)
 .debug_aranges
                0x0000000000000160       0x20 ../FPGA_IP_bsp//libhal_bsp.a(alt_write.o)
 .debug_aranges
                0x0000000000000180       0x20 ../FPGA_IP_bsp//libhal_bsp.a(alt_sys_init.o)
 .debug_aranges
                0x00000000000001a0       0x20 ../FPGA_IP_bsp//libhal_bsp.a(altera_avalon_jtag_uart_fd.o)
 .debug_aranges
                0x00000000000001c0       0x20 ../FPGA_IP_bsp//libhal_bsp.a(altera_avalon_jtag_uart_read.o)
 .debug_aranges
                0x00000000000001e0       0x20 ../FPGA_IP_bsp//libhal_bsp.a(altera_avalon_jtag_uart_write.o)
 .debug_aranges
                0x0000000000000200       0x20 ../FPGA_IP_bsp//libhal_bsp.a(alt_close.o)
 .debug_aranges
                0x0000000000000220       0x20 ../FPGA_IP_bsp//libhal_bsp.a(alt_dcache_flush_all.o)
 .debug_aranges
                0x0000000000000240       0x20 ../FPGA_IP_bsp//libhal_bsp.a(alt_dev.o)
 .debug_aranges
                0x0000000000000260       0x20 ../FPGA_IP_bsp//libhal_bsp.a(alt_dev_llist_insert.o)
 .debug_aranges
                0x0000000000000280       0x20 ../FPGA_IP_bsp//libhal_bsp.a(alt_do_ctors.o)
 .debug_aranges
                0x00000000000002a0       0x20 ../FPGA_IP_bsp//libhal_bsp.a(alt_do_dtors.o)
 .debug_aranges
                0x00000000000002c0       0x18 ../FPGA_IP_bsp//libhal_bsp.a(alt_errno.o)
 .debug_aranges
                0x00000000000002d8       0x20 ../FPGA_IP_bsp//libhal_bsp.a(alt_gmon.o)
 .debug_aranges
                0x00000000000002f8       0x20 ../FPGA_IP_bsp//libhal_bsp.a(alt_icache_flush_all.o)
 .debug_aranges
                0x0000000000000318       0x20 ../FPGA_IP_bsp//libhal_bsp.a(alt_release_fd.o)
 .debug_aranges
                0x0000000000000338       0x20 ../FPGA_IP_bsp//libhal_bsp.a(alt_sbrk.o)
 .debug_aranges
                0x0000000000000358       0x20 ../FPGA_IP_bsp//libhal_bsp.a(alt_tick.o)
 .debug_aranges
                0x0000000000000378       0x20 ../FPGA_IP_bsp//libhal_bsp.a(altera_nios2_gen2_irq.o)
 .debug_aranges
                0x0000000000000398       0x20 ../FPGA_IP_bsp//libhal_bsp.a(alt_alarm_start.o)
 .debug_aranges
                0x00000000000003b8       0x20 /home/labarqcomp/intelFPGA/18.1/nios2eds/bin/gnu/H-x86_64-pc-linux-gnu/bin/../lib/gcc/nios2-elf/5.3.0/../../../../../H-x86_64-pc-linux-gnu/nios2-elf/lib/mno-hw-mul/pg/libsmallc.a(lib_a-atexit.o)
 .debug_aranges
                0x00000000000003d8       0x20 /home/labarqcomp/intelFPGA/18.1/nios2eds/bin/gnu/H-x86_64-pc-linux-gnu/bin/../lib/gcc/nios2-elf/5.3.0/../../../../../H-x86_64-pc-linux-gnu/nios2-elf/lib/mno-hw-mul/pg/libsmallc.a(lib_a-exit.o)
 .debug_aranges
                0x00000000000003f8       0x20 /home/labarqcomp/intelFPGA/18.1/nios2eds/bin/gnu/H-x86_64-pc-linux-gnu/bin/../lib/gcc/nios2-elf/5.3.0/../../../../../H-x86_64-pc-linux-gnu/nios2-elf/lib/mno-hw-mul/pg/libsmallc.a(lib_a-memset.o)
 .debug_aranges
                0x0000000000000418       0x20 /home/labarqcomp/intelFPGA/18.1/nios2eds/bin/gnu/H-x86_64-pc-linux-gnu/bin/../lib/gcc/nios2-elf/5.3.0/../../../../../H-x86_64-pc-linux-gnu/nios2-elf/lib/mno-hw-mul/pg/libsmallc.a(lib_a-__atexit.o)
 .debug_aranges
                0x0000000000000438       0x20 /home/labarqcomp/intelFPGA/18.1/nios2eds/bin/gnu/H-x86_64-pc-linux-gnu/bin/../lib/gcc/nios2-elf/5.3.0/../../../../../H-x86_64-pc-linux-gnu/nios2-elf/lib/mno-hw-mul/pg/libsmallc.a(lib_a-__call_atexit.o)
 .debug_aranges
                0x0000000000000458       0x20 /home/labarqcomp/intelFPGA/18.1/nios2eds/bin/gnu/H-x86_64-pc-linux-gnu/bin/../lib/gcc/nios2-elf/5.3.0/mno-hw-mul/pg/libgcc.a(lib2-mul.o)
 .debug_aranges
                0x0000000000000478       0x20 ../FPGA_IP_bsp//libhal_bsp.a(alt_exit.o)

.debug_pubnames
 *(.debug_pubnames)

.debug_info     0x0000000000000000     0x59d3
 *(.debug_info .gnu.linkonce.wi.*)
 .debug_info    0x0000000000000000       0x84 ../FPGA_IP_bsp//obj/HAL/src/crt0.o
 .debug_info    0x0000000000000084       0xbd obj/default/hello_world.o
 .debug_info    0x0000000000000141      0x66d /home/labarqcomp/intelFPGA/18.1/nios2eds/bin/gnu/H-x86_64-pc-linux-gnu/bin/../lib/gcc/nios2-elf/5.3.0/../../../../../H-x86_64-pc-linux-gnu/nios2-elf/lib/mno-hw-mul/pg/libsmallc.a(lib_a-puts.o)
 .debug_info    0x00000000000007ae       0xc9 /home/labarqcomp/intelFPGA/18.1/nios2eds/bin/gnu/H-x86_64-pc-linux-gnu/bin/../lib/gcc/nios2-elf/5.3.0/../../../../../H-x86_64-pc-linux-gnu/nios2-elf/lib/mno-hw-mul/pg/libsmallc.a(lib_a-strlen.o)
 .debug_info    0x0000000000000877      0x62b /home/labarqcomp/intelFPGA/18.1/nios2eds/bin/gnu/H-x86_64-pc-linux-gnu/bin/../lib/gcc/nios2-elf/5.3.0/../../../../../H-x86_64-pc-linux-gnu/nios2-elf/lib/mno-hw-mul/pg/libsmallc.a(lib_a-fvwrite_small_dev.o)
 .debug_info    0x0000000000000ea2      0x5a9 /home/labarqcomp/intelFPGA/18.1/nios2eds/bin/gnu/H-x86_64-pc-linux-gnu/bin/../lib/gcc/nios2-elf/5.3.0/../../../../../H-x86_64-pc-linux-gnu/nios2-elf/lib/mno-hw-mul/pg/libsmallc.a(lib_a-impure.o)
 .debug_info    0x000000000000144b      0x630 /home/labarqcomp/intelFPGA/18.1/nios2eds/bin/gnu/H-x86_64-pc-linux-gnu/bin/../lib/gcc/nios2-elf/5.3.0/../../../../../H-x86_64-pc-linux-gnu/nios2-elf/lib/mno-hw-mul/pg/libsmallc.a(lib_a-writer.o)
 .debug_info    0x0000000000001a7b       0x8a /home/labarqcomp/intelFPGA/18.1/nios2eds/bin/gnu/H-x86_64-pc-linux-gnu/bin/../lib/gcc/nios2-elf/5.3.0/../../../../../H-x86_64-pc-linux-gnu/nios2-elf/lib/mno-hw-mul/pg/libsmallc.a(lib_a-int_errno.o)
 .debug_info    0x0000000000001b05      0x145 ../FPGA_IP_bsp//libhal_bsp.a(alt_load.o)
 .debug_info    0x0000000000001c4a      0x131 ../FPGA_IP_bsp//libhal_bsp.a(alt_main.o)
 .debug_info    0x0000000000001d7b       0x8e ../FPGA_IP_bsp//libhal_bsp.a(alt_mcount.o)
 .debug_info    0x0000000000001e09      0x4b7 ../FPGA_IP_bsp//libhal_bsp.a(alt_write.o)
 .debug_info    0x00000000000022c0      0x3c9 ../FPGA_IP_bsp//libhal_bsp.a(alt_sys_init.o)
 .debug_info    0x0000000000002689      0x3a7 ../FPGA_IP_bsp//libhal_bsp.a(altera_avalon_jtag_uart_fd.o)
 .debug_info    0x0000000000002a30      0x1b2 ../FPGA_IP_bsp//libhal_bsp.a(altera_avalon_jtag_uart_read.o)
 .debug_info    0x0000000000002be2      0x195 ../FPGA_IP_bsp//libhal_bsp.a(altera_avalon_jtag_uart_write.o)
 .debug_info    0x0000000000002d77      0x321 ../FPGA_IP_bsp//libhal_bsp.a(alt_close.o)
 .debug_info    0x0000000000003098       0x92 ../FPGA_IP_bsp//libhal_bsp.a(alt_dcache_flush_all.o)
 .debug_info    0x000000000000312a      0x49c ../FPGA_IP_bsp//libhal_bsp.a(alt_dev.o)
 .debug_info    0x00000000000035c6      0x1a9 ../FPGA_IP_bsp//libhal_bsp.a(alt_dev_llist_insert.o)
 .debug_info    0x000000000000376f       0x83 ../FPGA_IP_bsp//libhal_bsp.a(alt_do_ctors.o)
 .debug_info    0x00000000000037f2       0x83 ../FPGA_IP_bsp//libhal_bsp.a(alt_do_dtors.o)
 .debug_info    0x0000000000003875       0xa6 ../FPGA_IP_bsp//libhal_bsp.a(alt_errno.o)
 .debug_info    0x000000000000391b      0x463 ../FPGA_IP_bsp//libhal_bsp.a(alt_gmon.o)
 .debug_info    0x0000000000003d7e       0x92 ../FPGA_IP_bsp//libhal_bsp.a(alt_icache_flush_all.o)
 .debug_info    0x0000000000003e10      0x2b0 ../FPGA_IP_bsp//libhal_bsp.a(alt_release_fd.o)
 .debug_info    0x00000000000040c0      0x1ac ../FPGA_IP_bsp//libhal_bsp.a(alt_sbrk.o)
 .debug_info    0x000000000000426c      0x299 ../FPGA_IP_bsp//libhal_bsp.a(alt_tick.o)
 .debug_info    0x0000000000004505       0x92 ../FPGA_IP_bsp//libhal_bsp.a(altera_nios2_gen2_irq.o)
 .debug_info    0x0000000000004597      0x2cc ../FPGA_IP_bsp//libhal_bsp.a(alt_alarm_start.o)
 .debug_info    0x0000000000004863       0xfe /home/labarqcomp/intelFPGA/18.1/nios2eds/bin/gnu/H-x86_64-pc-linux-gnu/bin/../lib/gcc/nios2-elf/5.3.0/../../../../../H-x86_64-pc-linux-gnu/nios2-elf/lib/mno-hw-mul/pg/libsmallc.a(lib_a-atexit.o)
 .debug_info    0x0000000000004961       0xe5 /home/labarqcomp/intelFPGA/18.1/nios2eds/bin/gnu/H-x86_64-pc-linux-gnu/bin/../lib/gcc/nios2-elf/5.3.0/../../../../../H-x86_64-pc-linux-gnu/nios2-elf/lib/mno-hw-mul/pg/libsmallc.a(lib_a-exit.o)
 .debug_info    0x0000000000004a46       0xdc /home/labarqcomp/intelFPGA/18.1/nios2eds/bin/gnu/H-x86_64-pc-linux-gnu/bin/../lib/gcc/nios2-elf/5.3.0/../../../../../H-x86_64-pc-linux-gnu/nios2-elf/lib/mno-hw-mul/pg/libsmallc.a(lib_a-memset.o)
 .debug_info    0x0000000000004b22      0x64a /home/labarqcomp/intelFPGA/18.1/nios2eds/bin/gnu/H-x86_64-pc-linux-gnu/bin/../lib/gcc/nios2-elf/5.3.0/../../../../../H-x86_64-pc-linux-gnu/nios2-elf/lib/mno-hw-mul/pg/libsmallc.a(lib_a-__atexit.o)
 .debug_info    0x000000000000516c      0x67b /home/labarqcomp/intelFPGA/18.1/nios2eds/bin/gnu/H-x86_64-pc-linux-gnu/bin/../lib/gcc/nios2-elf/5.3.0/../../../../../H-x86_64-pc-linux-gnu/nios2-elf/lib/mno-hw-mul/pg/libsmallc.a(lib_a-__call_atexit.o)
 .debug_info    0x00000000000057e7       0xb4 /home/labarqcomp/intelFPGA/18.1/nios2eds/bin/gnu/H-x86_64-pc-linux-gnu/bin/../lib/gcc/nios2-elf/5.3.0/mno-hw-mul/pg/libgcc.a(lib2-mul.o)
 .debug_info    0x000000000000589b      0x138 ../FPGA_IP_bsp//libhal_bsp.a(alt_exit.o)

.debug_abbrev   0x0000000000000000     0x20cc
 *(.debug_abbrev)
 .debug_abbrev  0x0000000000000000       0x12 ../FPGA_IP_bsp//obj/HAL/src/crt0.o
 .debug_abbrev  0x0000000000000012       0x6d obj/default/hello_world.o
 .debug_abbrev  0x000000000000007f      0x1d6 /home/labarqcomp/intelFPGA/18.1/nios2eds/bin/gnu/H-x86_64-pc-linux-gnu/bin/../lib/gcc/nios2-elf/5.3.0/../../../../../H-x86_64-pc-linux-gnu/nios2-elf/lib/mno-hw-mul/pg/libsmallc.a(lib_a-puts.o)
 .debug_abbrev  0x0000000000000255       0x7f /home/labarqcomp/intelFPGA/18.1/nios2eds/bin/gnu/H-x86_64-pc-linux-gnu/bin/../lib/gcc/nios2-elf/5.3.0/../../../../../H-x86_64-pc-linux-gnu/nios2-elf/lib/mno-hw-mul/pg/libsmallc.a(lib_a-strlen.o)
 .debug_abbrev  0x00000000000002d4      0x1bc /home/labarqcomp/intelFPGA/18.1/nios2eds/bin/gnu/H-x86_64-pc-linux-gnu/bin/../lib/gcc/nios2-elf/5.3.0/../../../../../H-x86_64-pc-linux-gnu/nios2-elf/lib/mno-hw-mul/pg/libsmallc.a(lib_a-fvwrite_small_dev.o)
 .debug_abbrev  0x0000000000000490      0x14a /home/labarqcomp/intelFPGA/18.1/nios2eds/bin/gnu/H-x86_64-pc-linux-gnu/bin/../lib/gcc/nios2-elf/5.3.0/../../../../../H-x86_64-pc-linux-gnu/nios2-elf/lib/mno-hw-mul/pg/libsmallc.a(lib_a-impure.o)
 .debug_abbrev  0x00000000000005da      0x1a6 /home/labarqcomp/intelFPGA/18.1/nios2eds/bin/gnu/H-x86_64-pc-linux-gnu/bin/../lib/gcc/nios2-elf/5.3.0/../../../../../H-x86_64-pc-linux-gnu/nios2-elf/lib/mno-hw-mul/pg/libsmallc.a(lib_a-writer.o)
 .debug_abbrev  0x0000000000000780       0x37 /home/labarqcomp/intelFPGA/18.1/nios2eds/bin/gnu/H-x86_64-pc-linux-gnu/bin/../lib/gcc/nios2-elf/5.3.0/../../../../../H-x86_64-pc-linux-gnu/nios2-elf/lib/mno-hw-mul/pg/libsmallc.a(lib_a-int_errno.o)
 .debug_abbrev  0x00000000000007b7       0x9f ../FPGA_IP_bsp//libhal_bsp.a(alt_load.o)
 .debug_abbrev  0x0000000000000856       0xba ../FPGA_IP_bsp//libhal_bsp.a(alt_main.o)
 .debug_abbrev  0x0000000000000910       0x14 ../FPGA_IP_bsp//libhal_bsp.a(alt_mcount.o)
 .debug_abbrev  0x0000000000000924      0x133 ../FPGA_IP_bsp//libhal_bsp.a(alt_write.o)
 .debug_abbrev  0x0000000000000a57      0x157 ../FPGA_IP_bsp//libhal_bsp.a(alt_sys_init.o)
 .debug_abbrev  0x0000000000000bae       0xf7 ../FPGA_IP_bsp//libhal_bsp.a(altera_avalon_jtag_uart_fd.o)
 .debug_abbrev  0x0000000000000ca5       0xd5 ../FPGA_IP_bsp//libhal_bsp.a(altera_avalon_jtag_uart_read.o)
 .debug_abbrev  0x0000000000000d7a       0xd5 ../FPGA_IP_bsp//libhal_bsp.a(altera_avalon_jtag_uart_write.o)
 .debug_abbrev  0x0000000000000e4f      0x11f ../FPGA_IP_bsp//libhal_bsp.a(alt_close.o)
 .debug_abbrev  0x0000000000000f6e       0x42 ../FPGA_IP_bsp//libhal_bsp.a(alt_dcache_flush_all.o)
 .debug_abbrev  0x0000000000000fb0       0xd9 ../FPGA_IP_bsp//libhal_bsp.a(alt_dev.o)
 .debug_abbrev  0x0000000000001089      0x114 ../FPGA_IP_bsp//libhal_bsp.a(alt_dev_llist_insert.o)
 .debug_abbrev  0x000000000000119d       0x79 ../FPGA_IP_bsp//libhal_bsp.a(alt_do_ctors.o)
 .debug_abbrev  0x0000000000001216       0x79 ../FPGA_IP_bsp//libhal_bsp.a(alt_do_dtors.o)
 .debug_abbrev  0x000000000000128f       0x5a ../FPGA_IP_bsp//libhal_bsp.a(alt_errno.o)
 .debug_abbrev  0x00000000000012e9      0x1d2 ../FPGA_IP_bsp//libhal_bsp.a(alt_gmon.o)
 .debug_abbrev  0x00000000000014bb       0x42 ../FPGA_IP_bsp//libhal_bsp.a(alt_icache_flush_all.o)
 .debug_abbrev  0x00000000000014fd       0xde ../FPGA_IP_bsp//libhal_bsp.a(alt_release_fd.o)
 .debug_abbrev  0x00000000000015db      0x112 ../FPGA_IP_bsp//libhal_bsp.a(alt_sbrk.o)
 .debug_abbrev  0x00000000000016ed      0x15a ../FPGA_IP_bsp//libhal_bsp.a(alt_tick.o)
 .debug_abbrev  0x0000000000001847       0x42 ../FPGA_IP_bsp//libhal_bsp.a(altera_nios2_gen2_irq.o)
 .debug_abbrev  0x0000000000001889      0x162 ../FPGA_IP_bsp//libhal_bsp.a(alt_alarm_start.o)
 .debug_abbrev  0x00000000000019eb       0xaa /home/labarqcomp/intelFPGA/18.1/nios2eds/bin/gnu/H-x86_64-pc-linux-gnu/bin/../lib/gcc/nios2-elf/5.3.0/../../../../../H-x86_64-pc-linux-gnu/nios2-elf/lib/mno-hw-mul/pg/libsmallc.a(lib_a-atexit.o)
 .debug_abbrev  0x0000000000001a95       0x8b /home/labarqcomp/intelFPGA/18.1/nios2eds/bin/gnu/H-x86_64-pc-linux-gnu/bin/../lib/gcc/nios2-elf/5.3.0/../../../../../H-x86_64-pc-linux-gnu/nios2-elf/lib/mno-hw-mul/pg/libsmallc.a(lib_a-exit.o)
 .debug_abbrev  0x0000000000001b20       0x8e /home/labarqcomp/intelFPGA/18.1/nios2eds/bin/gnu/H-x86_64-pc-linux-gnu/bin/../lib/gcc/nios2-elf/5.3.0/../../../../../H-x86_64-pc-linux-gnu/nios2-elf/lib/mno-hw-mul/pg/libsmallc.a(lib_a-memset.o)
 .debug_abbrev  0x0000000000001bae      0x1e6 /home/labarqcomp/intelFPGA/18.1/nios2eds/bin/gnu/H-x86_64-pc-linux-gnu/bin/../lib/gcc/nios2-elf/5.3.0/../../../../../H-x86_64-pc-linux-gnu/nios2-elf/lib/mno-hw-mul/pg/libsmallc.a(lib_a-__atexit.o)
 .debug_abbrev  0x0000000000001d94      0x1f6 /home/labarqcomp/intelFPGA/18.1/nios2eds/bin/gnu/H-x86_64-pc-linux-gnu/bin/../lib/gcc/nios2-elf/5.3.0/../../../../../H-x86_64-pc-linux-gnu/nios2-elf/lib/mno-hw-mul/pg/libsmallc.a(lib_a-__call_atexit.o)
 .debug_abbrev  0x0000000000001f8a       0x6f /home/labarqcomp/intelFPGA/18.1/nios2eds/bin/gnu/H-x86_64-pc-linux-gnu/bin/../lib/gcc/nios2-elf/5.3.0/mno-hw-mul/pg/libgcc.a(lib2-mul.o)
 .debug_abbrev  0x0000000000001ff9       0xd3 ../FPGA_IP_bsp//libhal_bsp.a(alt_exit.o)

.debug_line     0x0000000000000000     0x245d
 *(.debug_line)
 .debug_line    0x0000000000000000       0x5c ../FPGA_IP_bsp//obj/HAL/src/crt0.o
 .debug_line    0x000000000000005c       0x47 obj/default/hello_world.o
 .debug_line    0x00000000000000a3      0x20a /home/labarqcomp/intelFPGA/18.1/nios2eds/bin/gnu/H-x86_64-pc-linux-gnu/bin/../lib/gcc/nios2-elf/5.3.0/../../../../../H-x86_64-pc-linux-gnu/nios2-elf/lib/mno-hw-mul/pg/libsmallc.a(lib_a-puts.o)
 .debug_line    0x00000000000002ad      0x15f /home/labarqcomp/intelFPGA/18.1/nios2eds/bin/gnu/H-x86_64-pc-linux-gnu/bin/../lib/gcc/nios2-elf/5.3.0/../../../../../H-x86_64-pc-linux-gnu/nios2-elf/lib/mno-hw-mul/pg/libsmallc.a(lib_a-strlen.o)
 .debug_line    0x000000000000040c      0x1f3 /home/labarqcomp/intelFPGA/18.1/nios2eds/bin/gnu/H-x86_64-pc-linux-gnu/bin/../lib/gcc/nios2-elf/5.3.0/../../../../../H-x86_64-pc-linux-gnu/nios2-elf/lib/mno-hw-mul/pg/libsmallc.a(lib_a-fvwrite_small_dev.o)
 .debug_line    0x00000000000005ff      0x159 /home/labarqcomp/intelFPGA/18.1/nios2eds/bin/gnu/H-x86_64-pc-linux-gnu/bin/../lib/gcc/nios2-elf/5.3.0/../../../../../H-x86_64-pc-linux-gnu/nios2-elf/lib/mno-hw-mul/pg/libsmallc.a(lib_a-impure.o)
 .debug_line    0x0000000000000758      0x1f0 /home/labarqcomp/intelFPGA/18.1/nios2eds/bin/gnu/H-x86_64-pc-linux-gnu/bin/../lib/gcc/nios2-elf/5.3.0/../../../../../H-x86_64-pc-linux-gnu/nios2-elf/lib/mno-hw-mul/pg/libsmallc.a(lib_a-writer.o)
 .debug_line    0x0000000000000948       0x62 /home/labarqcomp/intelFPGA/18.1/nios2eds/bin/gnu/H-x86_64-pc-linux-gnu/bin/../lib/gcc/nios2-elf/5.3.0/../../../../../H-x86_64-pc-linux-gnu/nios2-elf/lib/mno-hw-mul/pg/libsmallc.a(lib_a-int_errno.o)
 .debug_line    0x00000000000009aa       0x90 ../FPGA_IP_bsp//libhal_bsp.a(alt_load.o)
 .debug_line    0x0000000000000a3a       0xa1 ../FPGA_IP_bsp//libhal_bsp.a(alt_main.o)
 .debug_line    0x0000000000000adb       0x6a ../FPGA_IP_bsp//libhal_bsp.a(alt_mcount.o)
 .debug_line    0x0000000000000b45      0x1f9 ../FPGA_IP_bsp//libhal_bsp.a(alt_write.o)
 .debug_line    0x0000000000000d3e      0x127 ../FPGA_IP_bsp//libhal_bsp.a(alt_sys_init.o)
 .debug_line    0x0000000000000e65      0x114 ../FPGA_IP_bsp//libhal_bsp.a(altera_avalon_jtag_uart_fd.o)
 .debug_line    0x0000000000000f79       0xfe ../FPGA_IP_bsp//libhal_bsp.a(altera_avalon_jtag_uart_read.o)
 .debug_line    0x0000000000001077       0xf5 ../FPGA_IP_bsp//libhal_bsp.a(altera_avalon_jtag_uart_write.o)
 .debug_line    0x000000000000116c      0x174 ../FPGA_IP_bsp//libhal_bsp.a(alt_close.o)
 .debug_line    0x00000000000012e0       0x52 ../FPGA_IP_bsp//libhal_bsp.a(alt_dcache_flush_all.o)
 .debug_line    0x0000000000001332      0x107 ../FPGA_IP_bsp//libhal_bsp.a(alt_dev.o)
 .debug_line    0x0000000000001439       0xd1 ../FPGA_IP_bsp//libhal_bsp.a(alt_dev_llist_insert.o)
 .debug_line    0x000000000000150a       0x5a ../FPGA_IP_bsp//libhal_bsp.a(alt_do_ctors.o)
 .debug_line    0x0000000000001564       0x5a ../FPGA_IP_bsp//libhal_bsp.a(alt_do_dtors.o)
 .debug_line    0x00000000000015be       0x51 ../FPGA_IP_bsp//libhal_bsp.a(alt_errno.o)
 .debug_line    0x000000000000160f      0x11e ../FPGA_IP_bsp//libhal_bsp.a(alt_gmon.o)
 .debug_line    0x000000000000172d       0x50 ../FPGA_IP_bsp//libhal_bsp.a(alt_icache_flush_all.o)
 .debug_line    0x000000000000177d       0xb1 ../FPGA_IP_bsp//libhal_bsp.a(alt_release_fd.o)
 .debug_line    0x000000000000182e      0x101 ../FPGA_IP_bsp//libhal_bsp.a(alt_sbrk.o)
 .debug_line    0x000000000000192f      0x101 ../FPGA_IP_bsp//libhal_bsp.a(alt_tick.o)
 .debug_line    0x0000000000001a30       0x52 ../FPGA_IP_bsp//libhal_bsp.a(altera_nios2_gen2_irq.o)
 .debug_line    0x0000000000001a82       0xfa ../FPGA_IP_bsp//libhal_bsp.a(alt_alarm_start.o)
 .debug_line    0x0000000000001b7c       0xea /home/labarqcomp/intelFPGA/18.1/nios2eds/bin/gnu/H-x86_64-pc-linux-gnu/bin/../lib/gcc/nios2-elf/5.3.0/../../../../../H-x86_64-pc-linux-gnu/nios2-elf/lib/mno-hw-mul/pg/libsmallc.a(lib_a-atexit.o)
 .debug_line    0x0000000000001c66      0x15c /home/labarqcomp/intelFPGA/18.1/nios2eds/bin/gnu/H-x86_64-pc-linux-gnu/bin/../lib/gcc/nios2-elf/5.3.0/../../../../../H-x86_64-pc-linux-gnu/nios2-elf/lib/mno-hw-mul/pg/libsmallc.a(lib_a-exit.o)
 .debug_line    0x0000000000001dc2      0x160 /home/labarqcomp/intelFPGA/18.1/nios2eds/bin/gnu/H-x86_64-pc-linux-gnu/bin/../lib/gcc/nios2-elf/5.3.0/../../../../../H-x86_64-pc-linux-gnu/nios2-elf/lib/mno-hw-mul/pg/libsmallc.a(lib_a-memset.o)
 .debug_line    0x0000000000001f22      0x20f /home/labarqcomp/intelFPGA/18.1/nios2eds/bin/gnu/H-x86_64-pc-linux-gnu/bin/../lib/gcc/nios2-elf/5.3.0/../../../../../H-x86_64-pc-linux-gnu/nios2-elf/lib/mno-hw-mul/pg/libsmallc.a(lib_a-__atexit.o)
 .debug_line    0x0000000000002131      0x234 /home/labarqcomp/intelFPGA/18.1/nios2eds/bin/gnu/H-x86_64-pc-linux-gnu/bin/../lib/gcc/nios2-elf/5.3.0/../../../../../H-x86_64-pc-linux-gnu/nios2-elf/lib/mno-hw-mul/pg/libsmallc.a(lib_a-__call_atexit.o)
 .debug_line    0x0000000000002365       0x83 /home/labarqcomp/intelFPGA/18.1/nios2eds/bin/gnu/H-x86_64-pc-linux-gnu/bin/../lib/gcc/nios2-elf/5.3.0/mno-hw-mul/pg/libgcc.a(lib2-mul.o)
 .debug_line    0x00000000000023e8       0x75 ../FPGA_IP_bsp//libhal_bsp.a(alt_exit.o)

.debug_frame    0x0000000000000000      0x890
 *(.debug_frame)
 .debug_frame   0x0000000000000000       0x2c obj/default/hello_world.o
 .debug_frame   0x000000000000002c       0x44 /home/labarqcomp/intelFPGA/18.1/nios2eds/bin/gnu/H-x86_64-pc-linux-gnu/bin/../lib/gcc/nios2-elf/5.3.0/../../../../../H-x86_64-pc-linux-gnu/nios2-elf/lib/mno-hw-mul/pg/libsmallc.a(lib_a-puts.o)
 .debug_frame   0x0000000000000070       0x20 /home/labarqcomp/intelFPGA/18.1/nios2eds/bin/gnu/H-x86_64-pc-linux-gnu/bin/../lib/gcc/nios2-elf/5.3.0/../../../../../H-x86_64-pc-linux-gnu/nios2-elf/lib/mno-hw-mul/pg/libsmallc.a(lib_a-strlen.o)
 .debug_frame   0x0000000000000090       0x58 /home/labarqcomp/intelFPGA/18.1/nios2eds/bin/gnu/H-x86_64-pc-linux-gnu/bin/../lib/gcc/nios2-elf/5.3.0/../../../../../H-x86_64-pc-linux-gnu/nios2-elf/lib/mno-hw-mul/pg/libsmallc.a(lib_a-fvwrite_small_dev.o)
 .debug_frame   0x00000000000000e8       0x34 /home/labarqcomp/intelFPGA/18.1/nios2eds/bin/gnu/H-x86_64-pc-linux-gnu/bin/../lib/gcc/nios2-elf/5.3.0/../../../../../H-x86_64-pc-linux-gnu/nios2-elf/lib/mno-hw-mul/pg/libsmallc.a(lib_a-writer.o)
 .debug_frame   0x000000000000011c       0x5c ../FPGA_IP_bsp//libhal_bsp.a(alt_load.o)
 .debug_frame   0x0000000000000178       0x2c ../FPGA_IP_bsp//libhal_bsp.a(alt_main.o)
 .debug_frame   0x00000000000001a4       0x40 ../FPGA_IP_bsp//libhal_bsp.a(alt_mcount.o)
 .debug_frame   0x00000000000001e4       0x60 ../FPGA_IP_bsp//libhal_bsp.a(alt_write.o)
 .debug_frame   0x0000000000000244       0x88 ../FPGA_IP_bsp//libhal_bsp.a(alt_sys_init.o)
 .debug_frame   0x00000000000002cc       0x60 ../FPGA_IP_bsp//libhal_bsp.a(altera_avalon_jtag_uart_fd.o)
 .debug_frame   0x000000000000032c       0x34 ../FPGA_IP_bsp//libhal_bsp.a(altera_avalon_jtag_uart_read.o)
 .debug_frame   0x0000000000000360       0x34 ../FPGA_IP_bsp//libhal_bsp.a(altera_avalon_jtag_uart_write.o)
 .debug_frame   0x0000000000000394       0x60 ../FPGA_IP_bsp//libhal_bsp.a(alt_close.o)
 .debug_frame   0x00000000000003f4       0x34 ../FPGA_IP_bsp//libhal_bsp.a(alt_dcache_flush_all.o)
 .debug_frame   0x0000000000000428       0x34 ../FPGA_IP_bsp//libhal_bsp.a(alt_dev.o)
 .debug_frame   0x000000000000045c       0x60 ../FPGA_IP_bsp//libhal_bsp.a(alt_dev_llist_insert.o)
 .debug_frame   0x00000000000004bc       0x38 ../FPGA_IP_bsp//libhal_bsp.a(alt_do_ctors.o)
 .debug_frame   0x00000000000004f4       0x38 ../FPGA_IP_bsp//libhal_bsp.a(alt_do_dtors.o)
 .debug_frame   0x000000000000052c       0xac ../FPGA_IP_bsp//libhal_bsp.a(alt_gmon.o)
 .debug_frame   0x00000000000005d8       0x34 ../FPGA_IP_bsp//libhal_bsp.a(alt_icache_flush_all.o)
 .debug_frame   0x000000000000060c       0x3c ../FPGA_IP_bsp//libhal_bsp.a(alt_release_fd.o)
 .debug_frame   0x0000000000000648       0x34 ../FPGA_IP_bsp//libhal_bsp.a(alt_sbrk.o)
 .debug_frame   0x000000000000067c       0x5c ../FPGA_IP_bsp//libhal_bsp.a(alt_tick.o)
 .debug_frame   0x00000000000006d8       0x34 ../FPGA_IP_bsp//libhal_bsp.a(altera_nios2_gen2_irq.o)
 .debug_frame   0x000000000000070c       0x34 ../FPGA_IP_bsp//libhal_bsp.a(alt_alarm_start.o)
 .debug_frame   0x0000000000000740       0x20 /home/labarqcomp/intelFPGA/18.1/nios2eds/bin/gnu/H-x86_64-pc-linux-gnu/bin/../lib/gcc/nios2-elf/5.3.0/../../../../../H-x86_64-pc-linux-gnu/nios2-elf/lib/mno-hw-mul/pg/libsmallc.a(lib_a-atexit.o)
 .debug_frame   0x0000000000000760       0x28 /home/labarqcomp/intelFPGA/18.1/nios2eds/bin/gnu/H-x86_64-pc-linux-gnu/bin/../lib/gcc/nios2-elf/5.3.0/../../../../../H-x86_64-pc-linux-gnu/nios2-elf/lib/mno-hw-mul/pg/libsmallc.a(lib_a-exit.o)
 .debug_frame   0x0000000000000788       0x20 /home/labarqcomp/intelFPGA/18.1/nios2eds/bin/gnu/H-x86_64-pc-linux-gnu/bin/../lib/gcc/nios2-elf/5.3.0/../../../../../H-x86_64-pc-linux-gnu/nios2-elf/lib/mno-hw-mul/pg/libsmallc.a(lib_a-memset.o)
 .debug_frame   0x00000000000007a8       0x48 /home/labarqcomp/intelFPGA/18.1/nios2eds/bin/gnu/H-x86_64-pc-linux-gnu/bin/../lib/gcc/nios2-elf/5.3.0/../../../../../H-x86_64-pc-linux-gnu/nios2-elf/lib/mno-hw-mul/pg/libsmallc.a(lib_a-__atexit.o)
 .debug_frame   0x00000000000007f0       0x54 /home/labarqcomp/intelFPGA/18.1/nios2eds/bin/gnu/H-x86_64-pc-linux-gnu/bin/../lib/gcc/nios2-elf/5.3.0/../../../../../H-x86_64-pc-linux-gnu/nios2-elf/lib/mno-hw-mul/pg/libsmallc.a(lib_a-__call_atexit.o)
 .debug_frame   0x0000000000000844       0x20 /home/labarqcomp/intelFPGA/18.1/nios2eds/bin/gnu/H-x86_64-pc-linux-gnu/bin/../lib/gcc/nios2-elf/5.3.0/mno-hw-mul/pg/libgcc.a(lib2-mul.o)
 .debug_frame   0x0000000000000864       0x2c ../FPGA_IP_bsp//libhal_bsp.a(alt_exit.o)

.debug_str      0x0000000000000000     0x15af
 *(.debug_str)
 .debug_str     0x0000000000000000      0x111 obj/default/hello_world.o
                                        0x14f (size before relaxing)
 .debug_str     0x0000000000000111      0x3fd /home/labarqcomp/intelFPGA/18.1/nios2eds/bin/gnu/H-x86_64-pc-linux-gnu/bin/../lib/gcc/nios2-elf/5.3.0/../../../../../H-x86_64-pc-linux-gnu/nios2-elf/lib/mno-hw-mul/pg/libsmallc.a(lib_a-puts.o)
                                        0x4d7 (size before relaxing)
 .debug_str     0x000000000000050e       0xd9 /home/labarqcomp/intelFPGA/18.1/nios2eds/bin/gnu/H-x86_64-pc-linux-gnu/bin/../lib/gcc/nios2-elf/5.3.0/../../../../../H-x86_64-pc-linux-gnu/nios2-elf/lib/mno-hw-mul/pg/libsmallc.a(lib_a-strlen.o)
                                        0x1ef (size before relaxing)
 .debug_str     0x00000000000005e7       0x66 /home/labarqcomp/intelFPGA/18.1/nios2eds/bin/gnu/H-x86_64-pc-linux-gnu/bin/../lib/gcc/nios2-elf/5.3.0/../../../../../H-x86_64-pc-linux-gnu/nios2-elf/lib/mno-hw-mul/pg/libsmallc.a(lib_a-fvwrite_small_dev.o)
                                        0x4de (size before relaxing)
 .debug_str     0x000000000000064d       0xf6 /home/labarqcomp/intelFPGA/18.1/nios2eds/bin/gnu/H-x86_64-pc-linux-gnu/bin/../lib/gcc/nios2-elf/5.3.0/../../../../../H-x86_64-pc-linux-gnu/nios2-elf/lib/mno-hw-mul/pg/libsmallc.a(lib_a-impure.o)
                                        0x4c8 (size before relaxing)
 .debug_str     0x0000000000000743       0x48 /home/labarqcomp/intelFPGA/18.1/nios2eds/bin/gnu/H-x86_64-pc-linux-gnu/bin/../lib/gcc/nios2-elf/5.3.0/../../../../../H-x86_64-pc-linux-gnu/nios2-elf/lib/mno-hw-mul/pg/libsmallc.a(lib_a-writer.o)
                                        0x4c2 (size before relaxing)
 .debug_str     0x000000000000078b       0x42 /home/labarqcomp/intelFPGA/18.1/nios2eds/bin/gnu/H-x86_64-pc-linux-gnu/bin/../lib/gcc/nios2-elf/5.3.0/../../../../../H-x86_64-pc-linux-gnu/nios2-elf/lib/mno-hw-mul/pg/libsmallc.a(lib_a-int_errno.o)
                                        0x1e2 (size before relaxing)
 .debug_str     0x00000000000007cd      0x141 ../FPGA_IP_bsp//libhal_bsp.a(alt_load.o)
                                        0x22b (size before relaxing)
 .debug_str     0x000000000000090e       0x70 ../FPGA_IP_bsp//libhal_bsp.a(alt_main.o)
                                        0x1b6 (size before relaxing)
 .debug_str     0x000000000000097e      0x166 ../FPGA_IP_bsp//libhal_bsp.a(alt_write.o)
                                        0x311 (size before relaxing)
 .debug_str     0x0000000000000ae4      0x105 ../FPGA_IP_bsp//libhal_bsp.a(alt_sys_init.o)
                                        0x2ed (size before relaxing)
 .debug_str     0x0000000000000be9       0x77 ../FPGA_IP_bsp//libhal_bsp.a(altera_avalon_jtag_uart_fd.o)
                                        0x2ee (size before relaxing)
 .debug_str     0x0000000000000c60       0x48 ../FPGA_IP_bsp//libhal_bsp.a(altera_avalon_jtag_uart_read.o)
                                        0x238 (size before relaxing)
 .debug_str     0x0000000000000ca8       0x4a ../FPGA_IP_bsp//libhal_bsp.a(altera_avalon_jtag_uart_write.o)
                                        0x22e (size before relaxing)
 .debug_str     0x0000000000000cf2       0x1b ../FPGA_IP_bsp//libhal_bsp.a(alt_close.o)
                                        0x224 (size before relaxing)
 .debug_str     0x0000000000000d0d       0x34 ../FPGA_IP_bsp//libhal_bsp.a(alt_dcache_flush_all.o)
                                        0x16e (size before relaxing)
 .debug_str     0x0000000000000d41       0x50 ../FPGA_IP_bsp//libhal_bsp.a(alt_dev.o)
                                        0x31e (size before relaxing)
 .debug_str     0x0000000000000d91       0x45 ../FPGA_IP_bsp//libhal_bsp.a(alt_dev_llist_insert.o)
                                        0x1e5 (size before relaxing)
 .debug_str     0x0000000000000dd6       0x48 ../FPGA_IP_bsp//libhal_bsp.a(alt_do_ctors.o)
                                         0xe9 (size before relaxing)
 .debug_str     0x0000000000000e1e       0x4c ../FPGA_IP_bsp//libhal_bsp.a(alt_do_dtors.o)
                                         0xe8 (size before relaxing)
 .debug_str     0x0000000000000e6a       0x14 ../FPGA_IP_bsp//libhal_bsp.a(alt_errno.o)
                                        0x15e (size before relaxing)
 .debug_str     0x0000000000000e7e      0x1b7 ../FPGA_IP_bsp//libhal_bsp.a(alt_gmon.o)
                                        0x37c (size before relaxing)
 .debug_str     0x0000000000001035       0x34 ../FPGA_IP_bsp//libhal_bsp.a(alt_icache_flush_all.o)
                                        0x16e (size before relaxing)
 .debug_str     0x0000000000001069       0x28 ../FPGA_IP_bsp//libhal_bsp.a(alt_release_fd.o)
                                        0x1ec (size before relaxing)
 .debug_str     0x0000000000001091       0x6b ../FPGA_IP_bsp//libhal_bsp.a(alt_sbrk.o)
                                        0x1ed (size before relaxing)
 .debug_str     0x00000000000010fc       0x59 ../FPGA_IP_bsp//libhal_bsp.a(alt_tick.o)
                                        0x26b (size before relaxing)
 .debug_str     0x0000000000001155       0x3b ../FPGA_IP_bsp//libhal_bsp.a(altera_nios2_gen2_irq.o)
                                        0x175 (size before relaxing)
 .debug_str     0x0000000000001190       0x39 ../FPGA_IP_bsp//libhal_bsp.a(alt_alarm_start.o)
                                        0x297 (size before relaxing)
 .debug_str     0x00000000000011c9      0x11d /home/labarqcomp/intelFPGA/18.1/nios2eds/bin/gnu/H-x86_64-pc-linux-gnu/bin/../lib/gcc/nios2-elf/5.3.0/../../../../../H-x86_64-pc-linux-gnu/nios2-elf/lib/mno-hw-mul/pg/libsmallc.a(lib_a-atexit.o)
                                        0x226 (size before relaxing)
 .debug_str     0x00000000000012e6       0x55 /home/labarqcomp/intelFPGA/18.1/nios2eds/bin/gnu/H-x86_64-pc-linux-gnu/bin/../lib/gcc/nios2-elf/5.3.0/../../../../../H-x86_64-pc-linux-gnu/nios2-elf/lib/mno-hw-mul/pg/libsmallc.a(lib_a-exit.o)
                                        0x1fa (size before relaxing)
 .debug_str     0x000000000000133b       0x47 /home/labarqcomp/intelFPGA/18.1/nios2eds/bin/gnu/H-x86_64-pc-linux-gnu/bin/../lib/gcc/nios2-elf/5.3.0/../../../../../H-x86_64-pc-linux-gnu/nios2-elf/lib/mno-hw-mul/pg/libsmallc.a(lib_a-memset.o)
                                        0x1e9 (size before relaxing)
 .debug_str     0x0000000000001382       0x49 /home/labarqcomp/intelFPGA/18.1/nios2eds/bin/gnu/H-x86_64-pc-linux-gnu/bin/../lib/gcc/nios2-elf/5.3.0/../../../../../H-x86_64-pc-linux-gnu/nios2-elf/lib/mno-hw-mul/pg/libsmallc.a(lib_a-__atexit.o)
                                        0x509 (size before relaxing)
 .debug_str     0x00000000000013cb       0x68 /home/labarqcomp/intelFPGA/18.1/nios2eds/bin/gnu/H-x86_64-pc-linux-gnu/bin/../lib/gcc/nios2-elf/5.3.0/../../../../../H-x86_64-pc-linux-gnu/nios2-elf/lib/mno-hw-mul/pg/libsmallc.a(lib_a-__call_atexit.o)
                                        0x4f5 (size before relaxing)
 .debug_str     0x0000000000001433      0x152 /home/labarqcomp/intelFPGA/18.1/nios2eds/bin/gnu/H-x86_64-pc-linux-gnu/bin/../lib/gcc/nios2-elf/5.3.0/mno-hw-mul/pg/libgcc.a(lib2-mul.o)
                                        0x19d (size before relaxing)
 .debug_str     0x0000000000001585       0x2a ../FPGA_IP_bsp//libhal_bsp.a(alt_exit.o)
                                        0x178 (size before relaxing)

.debug_loc      0x0000000000000000      0x6ec
 *(.debug_loc)
 .debug_loc     0x0000000000000000       0x97 /home/labarqcomp/intelFPGA/18.1/nios2eds/bin/gnu/H-x86_64-pc-linux-gnu/bin/../lib/gcc/nios2-elf/5.3.0/../../../../../H-x86_64-pc-linux-gnu/nios2-elf/lib/mno-hw-mul/pg/libsmallc.a(lib_a-puts.o)
 .debug_loc     0x0000000000000097       0x1e /home/labarqcomp/intelFPGA/18.1/nios2eds/bin/gnu/H-x86_64-pc-linux-gnu/bin/../lib/gcc/nios2-elf/5.3.0/../../../../../H-x86_64-pc-linux-gnu/nios2-elf/lib/mno-hw-mul/pg/libsmallc.a(lib_a-strlen.o)
 .debug_loc     0x00000000000000b5      0x110 /home/labarqcomp/intelFPGA/18.1/nios2eds/bin/gnu/H-x86_64-pc-linux-gnu/bin/../lib/gcc/nios2-elf/5.3.0/../../../../../H-x86_64-pc-linux-gnu/nios2-elf/lib/mno-hw-mul/pg/libsmallc.a(lib_a-fvwrite_small_dev.o)
 .debug_loc     0x00000000000001c5       0xa5 /home/labarqcomp/intelFPGA/18.1/nios2eds/bin/gnu/H-x86_64-pc-linux-gnu/bin/../lib/gcc/nios2-elf/5.3.0/../../../../../H-x86_64-pc-linux-gnu/nios2-elf/lib/mno-hw-mul/pg/libsmallc.a(lib_a-writer.o)
 .debug_loc     0x000000000000026a       0x2c /home/labarqcomp/intelFPGA/18.1/nios2eds/bin/gnu/H-x86_64-pc-linux-gnu/bin/../lib/gcc/nios2-elf/5.3.0/../../../../../H-x86_64-pc-linux-gnu/nios2-elf/lib/mno-hw-mul/pg/libsmallc.a(lib_a-atexit.o)
 .debug_loc     0x0000000000000296       0x1e /home/labarqcomp/intelFPGA/18.1/nios2eds/bin/gnu/H-x86_64-pc-linux-gnu/bin/../lib/gcc/nios2-elf/5.3.0/../../../../../H-x86_64-pc-linux-gnu/nios2-elf/lib/mno-hw-mul/pg/libsmallc.a(lib_a-exit.o)
 .debug_loc     0x00000000000002b4       0xa5 /home/labarqcomp/intelFPGA/18.1/nios2eds/bin/gnu/H-x86_64-pc-linux-gnu/bin/../lib/gcc/nios2-elf/5.3.0/../../../../../H-x86_64-pc-linux-gnu/nios2-elf/lib/mno-hw-mul/pg/libsmallc.a(lib_a-memset.o)
 .debug_loc     0x0000000000000359      0x1c0 /home/labarqcomp/intelFPGA/18.1/nios2eds/bin/gnu/H-x86_64-pc-linux-gnu/bin/../lib/gcc/nios2-elf/5.3.0/../../../../../H-x86_64-pc-linux-gnu/nios2-elf/lib/mno-hw-mul/pg/libsmallc.a(lib_a-__atexit.o)
 .debug_loc     0x0000000000000519      0x157 /home/labarqcomp/intelFPGA/18.1/nios2eds/bin/gnu/H-x86_64-pc-linux-gnu/bin/../lib/gcc/nios2-elf/5.3.0/../../../../../H-x86_64-pc-linux-gnu/nios2-elf/lib/mno-hw-mul/pg/libsmallc.a(lib_a-__call_atexit.o)
 .debug_loc     0x0000000000000670       0x7c /home/labarqcomp/intelFPGA/18.1/nios2eds/bin/gnu/H-x86_64-pc-linux-gnu/bin/../lib/gcc/nios2-elf/5.3.0/mno-hw-mul/pg/libgcc.a(lib2-mul.o)

.debug_macinfo
 *(.debug_macinfo)

.debug_weaknames
 *(.debug_weaknames)

.debug_funcnames
 *(.debug_funcnames)

.debug_typenames
 *(.debug_typenames)

.debug_varnames
 *(.debug_varnames)

.debug_alt_sim_info
 *(.debug_alt_sim_info)
                0x0000000000040000                __alt_data_end = 0x40000
                0x0000000000040000                PROVIDE (__alt_stack_pointer, __alt_data_end)
                [!provide]                        PROVIDE (__alt_stack_limit, __alt_stack_base)
                0x0000000000021f90                PROVIDE (__alt_heap_start, end)
                0x0000000000040000                PROVIDE (__alt_heap_limit, 0x40000)
OUTPUT(/home/labarqcomp/SoCLinuxEmbarcado2020_2/Entrega_3_FPGA_IP/software/FPGA_IP/FPGA_IP.elf elf32-littlenios2)

.debug_ranges   0x0000000000000000      0x100
 .debug_ranges  0x0000000000000000       0x20 ../FPGA_IP_bsp//obj/HAL/src/crt0.o
 .debug_ranges  0x0000000000000020       0x18 /home/labarqcomp/intelFPGA/18.1/nios2eds/bin/gnu/H-x86_64-pc-linux-gnu/bin/../lib/gcc/nios2-elf/5.3.0/../../../../../H-x86_64-pc-linux-gnu/nios2-elf/lib/mno-hw-mul/pg/libsmallc.a(lib_a-puts.o)
 .debug_ranges  0x0000000000000038       0x10 /home/labarqcomp/intelFPGA/18.1/nios2eds/bin/gnu/H-x86_64-pc-linux-gnu/bin/../lib/gcc/nios2-elf/5.3.0/../../../../../H-x86_64-pc-linux-gnu/nios2-elf/lib/mno-hw-mul/pg/libsmallc.a(lib_a-strlen.o)
 .debug_ranges  0x0000000000000048       0x28 /home/labarqcomp/intelFPGA/18.1/nios2eds/bin/gnu/H-x86_64-pc-linux-gnu/bin/../lib/gcc/nios2-elf/5.3.0/../../../../../H-x86_64-pc-linux-gnu/nios2-elf/lib/mno-hw-mul/pg/libsmallc.a(lib_a-fvwrite_small_dev.o)
 .debug_ranges  0x0000000000000070       0x10 /home/labarqcomp/intelFPGA/18.1/nios2eds/bin/gnu/H-x86_64-pc-linux-gnu/bin/../lib/gcc/nios2-elf/5.3.0/../../../../../H-x86_64-pc-linux-gnu/nios2-elf/lib/mno-hw-mul/pg/libsmallc.a(lib_a-writer.o)
 .debug_ranges  0x0000000000000080       0x18 ../FPGA_IP_bsp//libhal_bsp.a(altera_avalon_jtag_uart_read.o)
 .debug_ranges  0x0000000000000098       0x10 /home/labarqcomp/intelFPGA/18.1/nios2eds/bin/gnu/H-x86_64-pc-linux-gnu/bin/../lib/gcc/nios2-elf/5.3.0/../../../../../H-x86_64-pc-linux-gnu/nios2-elf/lib/mno-hw-mul/pg/libsmallc.a(lib_a-atexit.o)
 .debug_ranges  0x00000000000000a8       0x10 /home/labarqcomp/intelFPGA/18.1/nios2eds/bin/gnu/H-x86_64-pc-linux-gnu/bin/../lib/gcc/nios2-elf/5.3.0/../../../../../H-x86_64-pc-linux-gnu/nios2-elf/lib/mno-hw-mul/pg/libsmallc.a(lib_a-exit.o)
 .debug_ranges  0x00000000000000b8       0x10 /home/labarqcomp/intelFPGA/18.1/nios2eds/bin/gnu/H-x86_64-pc-linux-gnu/bin/../lib/gcc/nios2-elf/5.3.0/../../../../../H-x86_64-pc-linux-gnu/nios2-elf/lib/mno-hw-mul/pg/libsmallc.a(lib_a-memset.o)
 .debug_ranges  0x00000000000000c8       0x10 /home/labarqcomp/intelFPGA/18.1/nios2eds/bin/gnu/H-x86_64-pc-linux-gnu/bin/../lib/gcc/nios2-elf/5.3.0/../../../../../H-x86_64-pc-linux-gnu/nios2-elf/lib/mno-hw-mul/pg/libsmallc.a(lib_a-__atexit.o)
 .debug_ranges  0x00000000000000d8       0x28 /home/labarqcomp/intelFPGA/18.1/nios2eds/bin/gnu/H-x86_64-pc-linux-gnu/bin/../lib/gcc/nios2-elf/5.3.0/../../../../../H-x86_64-pc-linux-gnu/nios2-elf/lib/mno-hw-mul/pg/libsmallc.a(lib_a-__call_atexit.o)
