Archive member included to satisfy reference by file (symbol)

../FPGA_IP_bsp//libhal_bsp.a(alt_load.o)
                              ../FPGA_IP_bsp//obj/HAL/src/crt0.o (alt_load)
../FPGA_IP_bsp//libhal_bsp.a(alt_main.o)
                              ../FPGA_IP_bsp//obj/HAL/src/crt0.o (alt_main)
../FPGA_IP_bsp//libhal_bsp.a(alt_mcount.o)
                              obj/default/hello_world.o (_mcount)
../FPGA_IP_bsp//libhal_bsp.a(alt_sys_init.o)
                              ../FPGA_IP_bsp//libhal_bsp.a(alt_main.o) (alt_irq_init)
../FPGA_IP_bsp//libhal_bsp.a(altera_avalon_jtag_uart_fd.o)
                              ../FPGA_IP_bsp//libhal_bsp.a(alt_sys_init.o) (altera_avalon_jtag_uart_read_fd)
../FPGA_IP_bsp//libhal_bsp.a(altera_avalon_jtag_uart_read.o)
                              ../FPGA_IP_bsp//libhal_bsp.a(altera_avalon_jtag_uart_fd.o) (altera_avalon_jtag_uart_read)
../FPGA_IP_bsp//libhal_bsp.a(altera_avalon_jtag_uart_write.o)
                              ../FPGA_IP_bsp//libhal_bsp.a(altera_avalon_jtag_uart_fd.o) (altera_avalon_jtag_uart_write)
../FPGA_IP_bsp//libhal_bsp.a(alt_close.o)
                              ../FPGA_IP_bsp//libhal_bsp.a(alt_main.o) (close)
../FPGA_IP_bsp//libhal_bsp.a(alt_dcache_flush_all.o)
                              ../FPGA_IP_bsp//libhal_bsp.a(alt_load.o) (alt_dcache_flush_all)
../FPGA_IP_bsp//libhal_bsp.a(alt_dev.o)
                              ../FPGA_IP_bsp//libhal_bsp.a(alt_sys_init.o) (alt_dev_list)
../FPGA_IP_bsp//libhal_bsp.a(alt_dev_llist_insert.o)
                              ../FPGA_IP_bsp//libhal_bsp.a(alt_sys_init.o) (alt_dev_llist_insert)
../FPGA_IP_bsp//libhal_bsp.a(alt_do_ctors.o)
                              ../FPGA_IP_bsp//libhal_bsp.a(alt_main.o) (_do_ctors)
../FPGA_IP_bsp//libhal_bsp.a(alt_do_dtors.o)
                              ../FPGA_IP_bsp//libhal_bsp.a(alt_main.o) (_do_dtors)
../FPGA_IP_bsp//libhal_bsp.a(alt_errno.o)
                              ../FPGA_IP_bsp//libhal_bsp.a(alt_close.o) (alt_errno)
../FPGA_IP_bsp//libhal_bsp.a(alt_gmon.o)
                              ../FPGA_IP_bsp//libhal_bsp.a(alt_mcount.o) (__mcount_fn_head)
../FPGA_IP_bsp//libhal_bsp.a(alt_icache_flush_all.o)
                              ../FPGA_IP_bsp//libhal_bsp.a(alt_load.o) (alt_icache_flush_all)
../FPGA_IP_bsp//libhal_bsp.a(alt_release_fd.o)
                              ../FPGA_IP_bsp//libhal_bsp.a(alt_close.o) (alt_release_fd)
../FPGA_IP_bsp//libhal_bsp.a(alt_sbrk.o)
                              ../FPGA_IP_bsp//libhal_bsp.a(alt_gmon.o) (sbrk)
../FPGA_IP_bsp//libhal_bsp.a(alt_tick.o)
                              ../FPGA_IP_bsp//libhal_bsp.a(alt_gmon.o) (_alt_tick_rate)
../FPGA_IP_bsp//libhal_bsp.a(altera_nios2_gen2_irq.o)
                              ../FPGA_IP_bsp//libhal_bsp.a(alt_sys_init.o) (altera_nios2_gen2_irq_init)
../FPGA_IP_bsp//libhal_bsp.a(alt_alarm_start.o)
                              ../FPGA_IP_bsp//libhal_bsp.a(alt_gmon.o) (alt_alarm_start)
/home/labarqcomp/intelFPGA/18.1/nios2eds/bin/gnu/H-x86_64-pc-linux-gnu/bin/../lib/gcc/nios2-elf/5.3.0/../../../../../H-x86_64-pc-linux-gnu/nios2-elf/lib/mno-hw-mul/pg/libsmallc.a(lib_a-atexit.o)
                              ../FPGA_IP_bsp//libhal_bsp.a(alt_main.o) (atexit)
/home/labarqcomp/intelFPGA/18.1/nios2eds/bin/gnu/H-x86_64-pc-linux-gnu/bin/../lib/gcc/nios2-elf/5.3.0/../../../../../H-x86_64-pc-linux-gnu/nios2-elf/lib/mno-hw-mul/pg/libsmallc.a(lib_a-exit.o)
                              ../FPGA_IP_bsp//libhal_bsp.a(alt_main.o) (exit)
/home/labarqcomp/intelFPGA/18.1/nios2eds/bin/gnu/H-x86_64-pc-linux-gnu/bin/../lib/gcc/nios2-elf/5.3.0/../../../../../H-x86_64-pc-linux-gnu/nios2-elf/lib/mno-hw-mul/pg/libsmallc.a(lib_a-int_errno.o)
                              ../FPGA_IP_bsp//libhal_bsp.a(alt_close.o) (errno)
/home/labarqcomp/intelFPGA/18.1/nios2eds/bin/gnu/H-x86_64-pc-linux-gnu/bin/../lib/gcc/nios2-elf/5.3.0/../../../../../H-x86_64-pc-linux-gnu/nios2-elf/lib/mno-hw-mul/pg/libsmallc.a(lib_a-memset.o)
                              ../FPGA_IP_bsp//libhal_bsp.a(alt_gmon.o) (memset)
/home/labarqcomp/intelFPGA/18.1/nios2eds/bin/gnu/H-x86_64-pc-linux-gnu/bin/../lib/gcc/nios2-elf/5.3.0/../../../../../H-x86_64-pc-linux-gnu/nios2-elf/lib/mno-hw-mul/pg/libsmallc.a(lib_a-__atexit.o)
                              /home/labarqcomp/intelFPGA/18.1/nios2eds/bin/gnu/H-x86_64-pc-linux-gnu/bin/../lib/gcc/nios2-elf/5.3.0/../../../../../H-x86_64-pc-linux-gnu/nios2-elf/lib/mno-hw-mul/pg/libsmallc.a(lib_a-atexit.o) (__register_exitproc)
/home/labarqcomp/intelFPGA/18.1/nios2eds/bin/gnu/H-x86_64-pc-linux-gnu/bin/../lib/gcc/nios2-elf/5.3.0/../../../../../H-x86_64-pc-linux-gnu/nios2-elf/lib/mno-hw-mul/pg/libsmallc.a(lib_a-__call_atexit.o)
                              /home/labarqcomp/intelFPGA/18.1/nios2eds/bin/gnu/H-x86_64-pc-linux-gnu/bin/../lib/gcc/nios2-elf/5.3.0/../../../../../H-x86_64-pc-linux-gnu/nios2-elf/lib/mno-hw-mul/pg/libsmallc.a(lib_a-exit.o) (__call_exitprocs)
/home/labarqcomp/intelFPGA/18.1/nios2eds/bin/gnu/H-x86_64-pc-linux-gnu/bin/../lib/gcc/nios2-elf/5.3.0/../../../../../H-x86_64-pc-linux-gnu/nios2-elf/lib/mno-hw-mul/pg/libsmallc.a(lib_a-impure.o)
                              /home/labarqcomp/intelFPGA/18.1/nios2eds/bin/gnu/H-x86_64-pc-linux-gnu/bin/../lib/gcc/nios2-elf/5.3.0/../../../../../H-x86_64-pc-linux-gnu/nios2-elf/lib/mno-hw-mul/pg/libsmallc.a(lib_a-__atexit.o) (_global_impure_ptr)
/home/labarqcomp/intelFPGA/18.1/nios2eds/bin/gnu/H-x86_64-pc-linux-gnu/bin/../lib/gcc/nios2-elf/5.3.0/mno-hw-mul/pg/libgcc.a(lib2-mul.o)
                              ../FPGA_IP_bsp//libhal_bsp.a(alt_close.o) (__mulsi3)
../FPGA_IP_bsp//libhal_bsp.a(alt_exit.o)
                              /home/labarqcomp/intelFPGA/18.1/nios2eds/bin/gnu/H-x86_64-pc-linux-gnu/bin/../lib/gcc/nios2-elf/5.3.0/../../../../../H-x86_64-pc-linux-gnu/nios2-elf/lib/mno-hw-mul/pg/libsmallc.a(lib_a-exit.o) (_exit)

Allocating common symbols
Common symbol       size              file

errno               0x4               /home/labarqcomp/intelFPGA/18.1/nios2eds/bin/gnu/H-x86_64-pc-linux-gnu/bin/../lib/gcc/nios2-elf/5.3.0/../../../../../H-x86_64-pc-linux-gnu/nios2-elf/lib/mno-hw-mul/pg/libsmallc.a(lib_a-int_errno.o)
__mcount_fn_head    0x100             ../FPGA_IP_bsp//libhal_bsp.a(alt_gmon.o)

Memory Configuration

Name             Origin             Length             Attributes
reset            0x0000000000020000 0x0000000000000020
onchip_memory2_1 0x0000000000020020 0x000000000001ffe0
onchip_memory2_0 0x0000000000040000 0x0000000000020000
*default*        0x0000000000000000 0xffffffffffffffff

Linker script and memory map

LOAD ../FPGA_IP_bsp//obj/HAL/src/crt0.o
LOAD obj/default/hello_world.o
LOAD /home/labarqcomp/intelFPGA/18.1/nios2eds/bin/gnu/H-x86_64-pc-linux-gnu/bin/../lib/gcc/nios2-elf/5.3.0/../../../../../H-x86_64-pc-linux-gnu/nios2-elf/lib/mno-hw-mul/pg/libstdc++.a
LOAD /home/labarqcomp/intelFPGA/18.1/nios2eds/bin/gnu/H-x86_64-pc-linux-gnu/bin/../lib/gcc/nios2-elf/5.3.0/../../../../../H-x86_64-pc-linux-gnu/nios2-elf/lib/mno-hw-mul/pg/libm.a
LOAD /home/labarqcomp/intelFPGA/18.1/nios2eds/bin/gnu/H-x86_64-pc-linux-gnu/bin/../lib/gcc/nios2-elf/5.3.0/mno-hw-mul/pg/libgcc.a
START GROUP
LOAD /home/labarqcomp/intelFPGA/18.1/nios2eds/bin/gnu/H-x86_64-pc-linux-gnu/bin/../lib/gcc/nios2-elf/5.3.0/../../../../../H-x86_64-pc-linux-gnu/nios2-elf/lib/mno-hw-mul/pg/libsmallc.a
LOAD /home/labarqcomp/intelFPGA/18.1/nios2eds/bin/gnu/H-x86_64-pc-linux-gnu/bin/../lib/gcc/nios2-elf/5.3.0/mno-hw-mul/pg/libgcc.a
LOAD ../FPGA_IP_bsp//libhal_bsp.a
LOAD /home/labarqcomp/intelFPGA/18.1/nios2eds/bin/gnu/H-x86_64-pc-linux-gnu/bin/../lib/gcc/nios2-elf/5.3.0/../../../../../H-x86_64-pc-linux-gnu/nios2-elf/lib/mno-hw-mul/pg/libm.a
END GROUP
LOAD /home/labarqcomp/intelFPGA/18.1/nios2eds/bin/gnu/H-x86_64-pc-linux-gnu/bin/../lib/gcc/nios2-elf/5.3.0/mno-hw-mul/pg/libgcc.a
                0x0000000000020000                __alt_mem_onchip_memory2_1 = 0x20000
                0x0000000000040000                __alt_mem_onchip_memory2_0 = 0x40000

.entry          0x0000000000020000       0x20
 *(.entry)
 .entry         0x0000000000020000       0x20 ../FPGA_IP_bsp//obj/HAL/src/crt0.o
                0x0000000000020000                __reset

.exceptions     0x0000000000020020        0x0
                0x0000000000020020                PROVIDE (__ram_exceptions_start, ABSOLUTE (.))
                0x0000000000020020                . = ALIGN (0x20)
 *(.irq)
 *(.exceptions.entry.label)
 *(.exceptions.entry.user)
 *(.exceptions.entry.ecc_fatal)
 *(.exceptions.entry)
 *(.exceptions.irqtest.user)
 *(.exceptions.irqtest)
 *(.exceptions.irqhandler.user)
 *(.exceptions.irqhandler)
 *(.exceptions.irqreturn.user)
 *(.exceptions.irqreturn)
 *(.exceptions.notirq.label)
 *(.exceptions.notirq.user)
 *(.exceptions.notirq)
 *(.exceptions.soft.user)
 *(.exceptions.soft)
 *(.exceptions.unknown.user)
 *(.exceptions.unknown)
 *(.exceptions.exit.label)
 *(.exceptions.exit.user)
 *(.exceptions.exit)
 *(.exceptions)
                0x0000000000020020                PROVIDE (__ram_exceptions_end, ABSOLUTE (.))
                0x0000000000020020                PROVIDE (__flash_exceptions_start, LOADADDR (.exceptions))

.text           0x0000000000020020     0x1484
                0x0000000000020020                PROVIDE (stext, ABSOLUTE (.))
 *(.interp)
 *(.hash)
 *(.dynsym)
 *(.dynstr)
 *(.gnu.version)
 *(.gnu.version_d)
 *(.gnu.version_r)
 *(.rel.init)
 *(.rela.init)
 *(.rel.text .rel.text.* .rel.gnu.linkonce.t.*)
 *(.rela.text .rela.text.* .rela.gnu.linkonce.t.*)
 *(.rel.fini)
 *(.rela.fini)
 *(.rel.rodata .rel.rodata.* .rel.gnu.linkonce.r.*)
 *(.rela.rodata .rela.rodata.* .rela.gnu.linkonce.r.*)
 *(.rel.data .rel.data.* .rel.gnu.linkonce.d.*)
 *(.rela.data .rela.data.* .rela.gnu.linkonce.d.*)
 *(.rel.tdata .rel.tdata.* .rel.gnu.linkonce.td.*)
 *(.rela.tdata .rela.tdata.* .rela.gnu.linkonce.td.*)
 *(.rel.tbss .rel.tbss.* .rel.gnu.linkonce.tb.*)
 *(.rela.tbss .rela.tbss.* .rela.gnu.linkonce.tb.*)
 *(.rel.ctors)
 *(.rela.ctors)
 *(.rel.dtors)
 *(.rela.dtors)
 *(.rel.got)
 *(.rela.got)
 *(.rel.sdata .rel.sdata.* .rel.gnu.linkonce.s.*)
 *(.rela.sdata .rela.sdata.* .rela.gnu.linkonce.s.*)
 *(.rel.sbss .rel.sbss.* .rel.gnu.linkonce.sb.*)
 *(.rela.sbss .rela.sbss.* .rela.gnu.linkonce.sb.*)
 *(.rel.sdata2 .rel.sdata2.* .rel.gnu.linkonce.s2.*)
 *(.rela.sdata2 .rela.sdata2.* .rela.gnu.linkonce.s2.*)
 *(.rel.sbss2 .rel.sbss2.* .rel.gnu.linkonce.sb2.*)
 *(.rela.sbss2 .rela.sbss2.* .rela.gnu.linkonce.sb2.*)
 *(.rel.bss .rel.bss.* .rel.gnu.linkonce.b.*)
 *(.rela.bss .rela.bss.* .rela.gnu.linkonce.b.*)
 *(.rel.plt)
 *(.rela.plt)
 *(.rel.dyn)
 *(.init)
 *(.plt)
 *(.text .stub .text.* .gnu.linkonce.t.*)
 .text          0x0000000000020020       0x1c ../FPGA_IP_bsp//obj/HAL/src/crt0.o
                0x0000000000020020                _start
 .text          0x000000000002003c       0x60 obj/default/hello_world.o
                0x000000000002003c                main
 .text          0x000000000002009c      0x104 ../FPGA_IP_bsp//libhal_bsp.a(alt_load.o)
                0x0000000000020110                alt_load
 .text          0x00000000000201a0       0x6c ../FPGA_IP_bsp//libhal_bsp.a(alt_main.o)
                0x00000000000201a0                alt_main
 .text          0x000000000002020c       0x9c ../FPGA_IP_bsp//libhal_bsp.a(alt_mcount.o)
                0x000000000002020c                mcount
                0x000000000002020c                _mcount
 .text          0x00000000000202a8       0xc4 ../FPGA_IP_bsp//libhal_bsp.a(alt_sys_init.o)
                0x00000000000202e8                alt_irq_init
                0x000000000002032c                alt_sys_init
 .text          0x000000000002036c       0xd8 ../FPGA_IP_bsp//libhal_bsp.a(altera_avalon_jtag_uart_fd.o)
                0x000000000002036c                altera_avalon_jtag_uart_read_fd
                0x00000000000203d8                altera_avalon_jtag_uart_write_fd
 .text          0x0000000000020444       0xf8 ../FPGA_IP_bsp//libhal_bsp.a(altera_avalon_jtag_uart_read.o)
                0x0000000000020444                altera_avalon_jtag_uart_read
 .text          0x000000000002053c       0xa0 ../FPGA_IP_bsp//libhal_bsp.a(altera_avalon_jtag_uart_write.o)
                0x000000000002053c                altera_avalon_jtag_uart_write
 .text          0x00000000000205dc      0x12c ../FPGA_IP_bsp//libhal_bsp.a(alt_close.o)
                0x0000000000020624                close
 .text          0x0000000000020708       0x2c ../FPGA_IP_bsp//libhal_bsp.a(alt_dcache_flush_all.o)
                0x0000000000020708                alt_dcache_flush_all
 .text          0x0000000000020734       0x38 ../FPGA_IP_bsp//libhal_bsp.a(alt_dev.o)
 .text          0x000000000002076c       0xf8 ../FPGA_IP_bsp//libhal_bsp.a(alt_dev_llist_insert.o)
                0x00000000000207b4                alt_dev_llist_insert
 .text          0x0000000000020864       0x6c ../FPGA_IP_bsp//libhal_bsp.a(alt_do_ctors.o)
                0x0000000000020864                _do_ctors
 .text          0x00000000000208d0       0x6c ../FPGA_IP_bsp//libhal_bsp.a(alt_do_dtors.o)
                0x00000000000208d0                _do_dtors
 .text          0x000000000002093c        0x0 ../FPGA_IP_bsp//libhal_bsp.a(alt_errno.o)
 .text          0x000000000002093c      0x2c8 ../FPGA_IP_bsp//libhal_bsp.a(alt_gmon.o)
                0x00000000000209b8                __mcount_record
 .text          0x0000000000020c04       0x2c ../FPGA_IP_bsp//libhal_bsp.a(alt_icache_flush_all.o)
                0x0000000000020c04                alt_icache_flush_all
 .text          0x0000000000020c30       0x90 ../FPGA_IP_bsp//libhal_bsp.a(alt_release_fd.o)
                0x0000000000020c30                alt_release_fd
 .text          0x0000000000020cc0       0xb0 ../FPGA_IP_bsp//libhal_bsp.a(alt_sbrk.o)
                0x0000000000020cc0                sbrk
 .text          0x0000000000020d70      0x1bc ../FPGA_IP_bsp//libhal_bsp.a(alt_tick.o)
                0x0000000000020d70                alt_alarm_stop
                0x0000000000020e18                alt_tick
 .text          0x0000000000020f2c       0x30 ../FPGA_IP_bsp//libhal_bsp.a(altera_nios2_gen2_irq.o)
                0x0000000000020f2c                altera_nios2_gen2_irq_init
 .text          0x0000000000020f5c      0x138 ../FPGA_IP_bsp//libhal_bsp.a(alt_alarm_start.o)
                0x0000000000020f5c                alt_alarm_start
 .text          0x0000000000021094        0x0 /home/labarqcomp/intelFPGA/18.1/nios2eds/bin/gnu/H-x86_64-pc-linux-gnu/bin/../lib/gcc/nios2-elf/5.3.0/../../../../../H-x86_64-pc-linux-gnu/nios2-elf/lib/mno-hw-mul/pg/libsmallc.a(lib_a-atexit.o)
 .text.atexit   0x0000000000021094       0x20 /home/labarqcomp/intelFPGA/18.1/nios2eds/bin/gnu/H-x86_64-pc-linux-gnu/bin/../lib/gcc/nios2-elf/5.3.0/../../../../../H-x86_64-pc-linux-gnu/nios2-elf/lib/mno-hw-mul/pg/libsmallc.a(lib_a-atexit.o)
                0x0000000000021094                atexit
 .text          0x00000000000210b4        0x0 /home/labarqcomp/intelFPGA/18.1/nios2eds/bin/gnu/H-x86_64-pc-linux-gnu/bin/../lib/gcc/nios2-elf/5.3.0/../../../../../H-x86_64-pc-linux-gnu/nios2-elf/lib/mno-hw-mul/pg/libsmallc.a(lib_a-exit.o)
 .text.exit     0x00000000000210b4       0x2c /home/labarqcomp/intelFPGA/18.1/nios2eds/bin/gnu/H-x86_64-pc-linux-gnu/bin/../lib/gcc/nios2-elf/5.3.0/../../../../../H-x86_64-pc-linux-gnu/nios2-elf/lib/mno-hw-mul/pg/libsmallc.a(lib_a-exit.o)
                0x00000000000210b4                exit
 .text          0x00000000000210e0        0x0 /home/labarqcomp/intelFPGA/18.1/nios2eds/bin/gnu/H-x86_64-pc-linux-gnu/bin/../lib/gcc/nios2-elf/5.3.0/../../../../../H-x86_64-pc-linux-gnu/nios2-elf/lib/mno-hw-mul/pg/libsmallc.a(lib_a-int_errno.o)
 .text          0x00000000000210e0        0x0 /home/labarqcomp/intelFPGA/18.1/nios2eds/bin/gnu/H-x86_64-pc-linux-gnu/bin/../lib/gcc/nios2-elf/5.3.0/../../../../../H-x86_64-pc-linux-gnu/nios2-elf/lib/mno-hw-mul/pg/libsmallc.a(lib_a-memset.o)
 .text.memset   0x00000000000210e0       0x2c /home/labarqcomp/intelFPGA/18.1/nios2eds/bin/gnu/H-x86_64-pc-linux-gnu/bin/../lib/gcc/nios2-elf/5.3.0/../../../../../H-x86_64-pc-linux-gnu/nios2-elf/lib/mno-hw-mul/pg/libsmallc.a(lib_a-memset.o)
                0x00000000000210e0                memset
 .text          0x000000000002110c        0x0 /home/labarqcomp/intelFPGA/18.1/nios2eds/bin/gnu/H-x86_64-pc-linux-gnu/bin/../lib/gcc/nios2-elf/5.3.0/../../../../../H-x86_64-pc-linux-gnu/nios2-elf/lib/mno-hw-mul/pg/libsmallc.a(lib_a-__atexit.o)
 .text.__register_exitproc
                0x000000000002110c      0x164 /home/labarqcomp/intelFPGA/18.1/nios2eds/bin/gnu/H-x86_64-pc-linux-gnu/bin/../lib/gcc/nios2-elf/5.3.0/../../../../../H-x86_64-pc-linux-gnu/nios2-elf/lib/mno-hw-mul/pg/libsmallc.a(lib_a-__atexit.o)
                0x000000000002110c                __register_exitproc
 .text          0x0000000000021270        0x0 /home/labarqcomp/intelFPGA/18.1/nios2eds/bin/gnu/H-x86_64-pc-linux-gnu/bin/../lib/gcc/nios2-elf/5.3.0/../../../../../H-x86_64-pc-linux-gnu/nios2-elf/lib/mno-hw-mul/pg/libsmallc.a(lib_a-__call_atexit.o)
 .text.__call_exitprocs
                0x0000000000021270      0x19c /home/labarqcomp/intelFPGA/18.1/nios2eds/bin/gnu/H-x86_64-pc-linux-gnu/bin/../lib/gcc/nios2-elf/5.3.0/../../../../../H-x86_64-pc-linux-gnu/nios2-elf/lib/mno-hw-mul/pg/libsmallc.a(lib_a-__call_atexit.o)
                0x0000000000021270                __call_exitprocs
 .text          0x000000000002140c        0x0 /home/labarqcomp/intelFPGA/18.1/nios2eds/bin/gnu/H-x86_64-pc-linux-gnu/bin/../lib/gcc/nios2-elf/5.3.0/../../../../../H-x86_64-pc-linux-gnu/nios2-elf/lib/mno-hw-mul/pg/libsmallc.a(lib_a-impure.o)
 .text          0x000000000002140c       0x30 /home/labarqcomp/intelFPGA/18.1/nios2eds/bin/gnu/H-x86_64-pc-linux-gnu/bin/../lib/gcc/nios2-elf/5.3.0/mno-hw-mul/pg/libgcc.a(lib2-mul.o)
                0x000000000002140c                __mulsi3
 .text          0x000000000002143c       0x68 ../FPGA_IP_bsp//libhal_bsp.a(alt_exit.o)
                0x000000000002143c                _exit
 *(.gnu.warning.*)
 *(.fini)
                [!provide]                        PROVIDE (__etext, ABSOLUTE (.))
                [!provide]                        PROVIDE (_etext, ABSOLUTE (.))
                0x00000000000214a4                PROVIDE (etext, ABSOLUTE (.))
 *(.eh_frame_hdr)
                0x00000000000214a4                . = ALIGN (0x4)
                [!provide]                        PROVIDE (__preinit_array_start, ABSOLUTE (.))
 *(.preinit_array)
                [!provide]                        PROVIDE (__preinit_array_end, ABSOLUTE (.))
                [!provide]                        PROVIDE (__init_array_start, ABSOLUTE (.))
 *(.init_array)
                [!provide]                        PROVIDE (__init_array_end, ABSOLUTE (.))
                [!provide]                        PROVIDE (__fini_array_start, ABSOLUTE (.))
 *(.fini_array)
                [!provide]                        PROVIDE (__fini_array_end, ABSOLUTE (.))
 *(.eh_frame)
 *(.gcc_except_table .gcc_except_table.*)
 *(.dynamic)
                0x00000000000214a4                PROVIDE (__CTOR_LIST__, ABSOLUTE (.))
 *(.ctors)
 *(SORT(.ctors.*))
                0x00000000000214a4                PROVIDE (__CTOR_END__, ABSOLUTE (.))
                0x00000000000214a4                PROVIDE (__DTOR_LIST__, ABSOLUTE (.))
 *(.dtors)
 *(SORT(.dtors.*))
                0x00000000000214a4                PROVIDE (__DTOR_END__, ABSOLUTE (.))
 *(.jcr)
                0x00000000000214a4                . = ALIGN (0x4)

.rodata         0x00000000000214a4       0x20
                0x00000000000214a4                PROVIDE (__ram_rodata_start, ABSOLUTE (.))
                0x00000000000214a4                . = ALIGN (0x4)
 *(.rodata .rodata.* .gnu.linkonce.r.*)
 .rodata        0x00000000000214a4       0x11 ../FPGA_IP_bsp//libhal_bsp.a(alt_sys_init.o)
 *fill*         0x00000000000214b5        0x3 
 .rodata        0x00000000000214b8        0xa ../FPGA_IP_bsp//libhal_bsp.a(alt_dev.o)
 *(.rodata1)
                0x00000000000214c4                . = ALIGN (0x4)
 *fill*         0x00000000000214c2        0x2 
                0x00000000000214c4                PROVIDE (__ram_rodata_end, ABSOLUTE (.))
                0x00000000000214a4                PROVIDE (__flash_rodata_start, LOADADDR (.rodata))

.rwdata         0x00000000000214c4      0x310 load address 0x00000000000217d4
                0x00000000000214c4                PROVIDE (__ram_rwdata_start, ABSOLUTE (.))
                0x00000000000214c4                . = ALIGN (0x4)
 *(.got.plt)
 *(.got)
 *(.data1)
 *(.data .data.* .gnu.linkonce.d.*)
 .data          0x00000000000214c4        0x0 ../FPGA_IP_bsp//obj/HAL/src/crt0.o
 .data          0x00000000000214c4        0x0 obj/default/hello_world.o
 .data          0x00000000000214c4        0x0 ../FPGA_IP_bsp//libhal_bsp.a(alt_load.o)
 .data          0x00000000000214c4        0x0 ../FPGA_IP_bsp//libhal_bsp.a(alt_main.o)
 .data          0x00000000000214c4        0x0 ../FPGA_IP_bsp//libhal_bsp.a(alt_mcount.o)
 .data          0x00000000000214c4       0x2c ../FPGA_IP_bsp//libhal_bsp.a(alt_sys_init.o)
 .data          0x00000000000214f0        0x0 ../FPGA_IP_bsp//libhal_bsp.a(altera_avalon_jtag_uart_fd.o)
 .data          0x00000000000214f0        0x0 ../FPGA_IP_bsp//libhal_bsp.a(altera_avalon_jtag_uart_read.o)
 .data          0x00000000000214f0        0x0 ../FPGA_IP_bsp//libhal_bsp.a(altera_avalon_jtag_uart_write.o)
 .data          0x00000000000214f0        0x0 ../FPGA_IP_bsp//libhal_bsp.a(alt_close.o)
 .data          0x00000000000214f0        0x0 ../FPGA_IP_bsp//libhal_bsp.a(alt_dcache_flush_all.o)
 .data          0x00000000000214f0      0x1a8 ../FPGA_IP_bsp//libhal_bsp.a(alt_dev.o)
                0x00000000000214f0                alt_dev_null
                0x0000000000021518                alt_fd_list
 .data          0x0000000000021698        0x0 ../FPGA_IP_bsp//libhal_bsp.a(alt_dev_llist_insert.o)
 .data          0x0000000000021698        0x0 ../FPGA_IP_bsp//libhal_bsp.a(alt_do_ctors.o)
 .data          0x0000000000021698        0x0 ../FPGA_IP_bsp//libhal_bsp.a(alt_do_dtors.o)
 .data          0x0000000000021698        0x0 ../FPGA_IP_bsp//libhal_bsp.a(alt_errno.o)
 .data          0x0000000000021698       0x24 ../FPGA_IP_bsp//libhal_bsp.a(alt_gmon.o)
                0x0000000000021698                alt_gmon_data
 .data          0x00000000000216bc        0x0 ../FPGA_IP_bsp//libhal_bsp.a(alt_icache_flush_all.o)
 .data          0x00000000000216bc        0x0 ../FPGA_IP_bsp//libhal_bsp.a(alt_release_fd.o)
 .data          0x00000000000216bc        0x0 ../FPGA_IP_bsp//libhal_bsp.a(alt_sbrk.o)
 .data          0x00000000000216bc        0x0 ../FPGA_IP_bsp//libhal_bsp.a(alt_tick.o)
 .data          0x00000000000216bc        0x0 ../FPGA_IP_bsp//libhal_bsp.a(altera_nios2_gen2_irq.o)
 .data          0x00000000000216bc        0x0 ../FPGA_IP_bsp//libhal_bsp.a(alt_alarm_start.o)
 .data          0x00000000000216bc        0x0 /home/labarqcomp/intelFPGA/18.1/nios2eds/bin/gnu/H-x86_64-pc-linux-gnu/bin/../lib/gcc/nios2-elf/5.3.0/../../../../../H-x86_64-pc-linux-gnu/nios2-elf/lib/mno-hw-mul/pg/libsmallc.a(lib_a-atexit.o)
 .data          0x00000000000216bc        0x0 /home/labarqcomp/intelFPGA/18.1/nios2eds/bin/gnu/H-x86_64-pc-linux-gnu/bin/../lib/gcc/nios2-elf/5.3.0/../../../../../H-x86_64-pc-linux-gnu/nios2-elf/lib/mno-hw-mul/pg/libsmallc.a(lib_a-exit.o)
 .data          0x00000000000216bc        0x0 /home/labarqcomp/intelFPGA/18.1/nios2eds/bin/gnu/H-x86_64-pc-linux-gnu/bin/../lib/gcc/nios2-elf/5.3.0/../../../../../H-x86_64-pc-linux-gnu/nios2-elf/lib/mno-hw-mul/pg/libsmallc.a(lib_a-int_errno.o)
 .data          0x00000000000216bc        0x0 /home/labarqcomp/intelFPGA/18.1/nios2eds/bin/gnu/H-x86_64-pc-linux-gnu/bin/../lib/gcc/nios2-elf/5.3.0/../../../../../H-x86_64-pc-linux-gnu/nios2-elf/lib/mno-hw-mul/pg/libsmallc.a(lib_a-memset.o)
 .data          0x00000000000216bc        0x0 /home/labarqcomp/intelFPGA/18.1/nios2eds/bin/gnu/H-x86_64-pc-linux-gnu/bin/../lib/gcc/nios2-elf/5.3.0/../../../../../H-x86_64-pc-linux-gnu/nios2-elf/lib/mno-hw-mul/pg/libsmallc.a(lib_a-__atexit.o)
 .data          0x00000000000216bc        0x0 /home/labarqcomp/intelFPGA/18.1/nios2eds/bin/gnu/H-x86_64-pc-linux-gnu/bin/../lib/gcc/nios2-elf/5.3.0/../../../../../H-x86_64-pc-linux-gnu/nios2-elf/lib/mno-hw-mul/pg/libsmallc.a(lib_a-__call_atexit.o)
 .data          0x00000000000216bc        0x0 /home/labarqcomp/intelFPGA/18.1/nios2eds/bin/gnu/H-x86_64-pc-linux-gnu/bin/../lib/gcc/nios2-elf/5.3.0/../../../../../H-x86_64-pc-linux-gnu/nios2-elf/lib/mno-hw-mul/pg/libsmallc.a(lib_a-impure.o)
 .data.impure_data
                0x00000000000216bc       0xe0 /home/labarqcomp/intelFPGA/18.1/nios2eds/bin/gnu/H-x86_64-pc-linux-gnu/bin/../lib/gcc/nios2-elf/5.3.0/../../../../../H-x86_64-pc-linux-gnu/nios2-elf/lib/mno-hw-mul/pg/libsmallc.a(lib_a-impure.o)
 .data          0x000000000002179c        0x0 /home/labarqcomp/intelFPGA/18.1/nios2eds/bin/gnu/H-x86_64-pc-linux-gnu/bin/../lib/gcc/nios2-elf/5.3.0/mno-hw-mul/pg/libgcc.a(lib2-mul.o)
 .data          0x000000000002179c        0x0 ../FPGA_IP_bsp//libhal_bsp.a(alt_exit.o)
                0x000000000002979c                _gp = ABSOLUTE ((. + 0x8000))
                [!provide]                        PROVIDE (gp, _gp)
 *(.rwdata .rwdata.*)
 *(.sdata .sdata.* .gnu.linkonce.s.*)
 .sdata         0x000000000002179c       0x14 ../FPGA_IP_bsp//libhal_bsp.a(alt_dev.o)
                0x000000000002179c                alt_fs_list
                0x00000000000217a4                alt_dev_list
                0x00000000000217ac                alt_max_fd
 .sdata         0x00000000000217b0        0x4 ../FPGA_IP_bsp//libhal_bsp.a(alt_errno.o)
                0x00000000000217b0                alt_errno
 .sdata         0x00000000000217b4        0xc ../FPGA_IP_bsp//libhal_bsp.a(alt_gmon.o)
 .sdata         0x00000000000217c0        0x4 ../FPGA_IP_bsp//libhal_bsp.a(alt_sbrk.o)
 .sdata         0x00000000000217c4        0x8 ../FPGA_IP_bsp//libhal_bsp.a(alt_tick.o)
                0x00000000000217c4                alt_alarm_list
 .sdata._global_impure_ptr
                0x00000000000217cc        0x4 /home/labarqcomp/intelFPGA/18.1/nios2eds/bin/gnu/H-x86_64-pc-linux-gnu/bin/../lib/gcc/nios2-elf/5.3.0/../../../../../H-x86_64-pc-linux-gnu/nios2-elf/lib/mno-hw-mul/pg/libsmallc.a(lib_a-impure.o)
                0x00000000000217cc                _global_impure_ptr
 .sdata._impure_ptr
                0x00000000000217d0        0x4 /home/labarqcomp/intelFPGA/18.1/nios2eds/bin/gnu/H-x86_64-pc-linux-gnu/bin/../lib/gcc/nios2-elf/5.3.0/../../../../../H-x86_64-pc-linux-gnu/nios2-elf/lib/mno-hw-mul/pg/libsmallc.a(lib_a-impure.o)
                0x00000000000217d0                _impure_ptr
 *(.sdata2 .sdata2.* .gnu.linkonce.s2.*)
                0x00000000000217d4                . = ALIGN (0x4)
                0x00000000000217d4                _edata = ABSOLUTE (.)
                [!provide]                        PROVIDE (edata, ABSOLUTE (.))
                0x00000000000217d4                PROVIDE (__ram_rwdata_end, ABSOLUTE (.))
                0x00000000000217d4                PROVIDE (__flash_rwdata_start, LOADADDR (.rwdata))

.bss            0x0000000000021ae4      0x13c
                0x0000000000021ae4                __bss_start = ABSOLUTE (.)
                [!provide]                        PROVIDE (__sbss_start, ABSOLUTE (.))
                [!provide]                        PROVIDE (___sbss_start, ABSOLUTE (.))
 *(.dynsbss)
 *(.sbss .sbss.* .gnu.linkonce.sb.*)
 .sbss          0x0000000000021ae4        0xc ../FPGA_IP_bsp//libhal_bsp.a(alt_main.o)
                0x0000000000021ae4                alt_argc
                0x0000000000021ae8                alt_argv
                0x0000000000021aec                alt_envp
 .sbss          0x0000000000021af0        0xc ../FPGA_IP_bsp//libhal_bsp.a(alt_gmon.o)
 .sbss          0x0000000000021afc        0x8 ../FPGA_IP_bsp//libhal_bsp.a(alt_tick.o)
                0x0000000000021afc                _alt_tick_rate
                0x0000000000021b00                _alt_nticks
 .sbss          0x0000000000021b04        0x4 /home/labarqcomp/intelFPGA/18.1/nios2eds/bin/gnu/H-x86_64-pc-linux-gnu/bin/../lib/gcc/nios2-elf/5.3.0/../../../../../H-x86_64-pc-linux-gnu/nios2-elf/lib/mno-hw-mul/pg/libsmallc.a(lib_a-int_errno.o)
                0x0000000000021b04                errno
 *(.sbss2 .sbss2.* .gnu.linkonce.sb2.*)
 *(.scommon)
                [!provide]                        PROVIDE (__sbss_end, ABSOLUTE (.))
                [!provide]                        PROVIDE (___sbss_end, ABSOLUTE (.))
 *(.dynbss)
 *(.bss .bss.* .gnu.linkonce.b.*)
 .bss           0x0000000000021b08        0x0 ../FPGA_IP_bsp//obj/HAL/src/crt0.o
 .bss           0x0000000000021b08        0x0 obj/default/hello_world.o
 .bss           0x0000000000021b08        0x0 ../FPGA_IP_bsp//libhal_bsp.a(alt_load.o)
 .bss           0x0000000000021b08        0x0 ../FPGA_IP_bsp//libhal_bsp.a(alt_main.o)
 .bss           0x0000000000021b08        0x0 ../FPGA_IP_bsp//libhal_bsp.a(alt_mcount.o)
 .bss           0x0000000000021b08        0x0 ../FPGA_IP_bsp//libhal_bsp.a(alt_sys_init.o)
 .bss           0x0000000000021b08        0x0 ../FPGA_IP_bsp//libhal_bsp.a(altera_avalon_jtag_uart_fd.o)
 .bss           0x0000000000021b08        0x0 ../FPGA_IP_bsp//libhal_bsp.a(altera_avalon_jtag_uart_read.o)
 .bss           0x0000000000021b08        0x0 ../FPGA_IP_bsp//libhal_bsp.a(altera_avalon_jtag_uart_write.o)
 .bss           0x0000000000021b08        0x0 ../FPGA_IP_bsp//libhal_bsp.a(alt_close.o)
 .bss           0x0000000000021b08        0x0 ../FPGA_IP_bsp//libhal_bsp.a(alt_dcache_flush_all.o)
 .bss           0x0000000000021b08        0x0 ../FPGA_IP_bsp//libhal_bsp.a(alt_dev.o)
 .bss           0x0000000000021b08        0x0 ../FPGA_IP_bsp//libhal_bsp.a(alt_dev_llist_insert.o)
 .bss           0x0000000000021b08        0x0 ../FPGA_IP_bsp//libhal_bsp.a(alt_do_ctors.o)
 .bss           0x0000000000021b08        0x0 ../FPGA_IP_bsp//libhal_bsp.a(alt_do_dtors.o)
 .bss           0x0000000000021b08        0x0 ../FPGA_IP_bsp//libhal_bsp.a(alt_errno.o)
 .bss           0x0000000000021b08       0x18 ../FPGA_IP_bsp//libhal_bsp.a(alt_gmon.o)
 .bss           0x0000000000021b20        0x0 ../FPGA_IP_bsp//libhal_bsp.a(alt_icache_flush_all.o)
 .bss           0x0000000000021b20        0x0 ../FPGA_IP_bsp//libhal_bsp.a(alt_release_fd.o)
 .bss           0x0000000000021b20        0x0 ../FPGA_IP_bsp//libhal_bsp.a(alt_sbrk.o)
 .bss           0x0000000000021b20        0x0 ../FPGA_IP_bsp//libhal_bsp.a(alt_tick.o)
 .bss           0x0000000000021b20        0x0 ../FPGA_IP_bsp//libhal_bsp.a(altera_nios2_gen2_irq.o)
 .bss           0x0000000000021b20        0x0 ../FPGA_IP_bsp//libhal_bsp.a(alt_alarm_start.o)
 .bss           0x0000000000021b20        0x0 /home/labarqcomp/intelFPGA/18.1/nios2eds/bin/gnu/H-x86_64-pc-linux-gnu/bin/../lib/gcc/nios2-elf/5.3.0/../../../../../H-x86_64-pc-linux-gnu/nios2-elf/lib/mno-hw-mul/pg/libsmallc.a(lib_a-atexit.o)
 .bss           0x0000000000021b20        0x0 /home/labarqcomp/intelFPGA/18.1/nios2eds/bin/gnu/H-x86_64-pc-linux-gnu/bin/../lib/gcc/nios2-elf/5.3.0/../../../../../H-x86_64-pc-linux-gnu/nios2-elf/lib/mno-hw-mul/pg/libsmallc.a(lib_a-exit.o)
 .bss           0x0000000000021b20        0x0 /home/labarqcomp/intelFPGA/18.1/nios2eds/bin/gnu/H-x86_64-pc-linux-gnu/bin/../lib/gcc/nios2-elf/5.3.0/../../../../../H-x86_64-pc-linux-gnu/nios2-elf/lib/mno-hw-mul/pg/libsmallc.a(lib_a-int_errno.o)
 .bss           0x0000000000021b20        0x0 /home/labarqcomp/intelFPGA/18.1/nios2eds/bin/gnu/H-x86_64-pc-linux-gnu/bin/../lib/gcc/nios2-elf/5.3.0/../../../../../H-x86_64-pc-linux-gnu/nios2-elf/lib/mno-hw-mul/pg/libsmallc.a(lib_a-memset.o)
 .bss           0x0000000000021b20        0x0 /home/labarqcomp/intelFPGA/18.1/nios2eds/bin/gnu/H-x86_64-pc-linux-gnu/bin/../lib/gcc/nios2-elf/5.3.0/../../../../../H-x86_64-pc-linux-gnu/nios2-elf/lib/mno-hw-mul/pg/libsmallc.a(lib_a-__atexit.o)
 .bss           0x0000000000021b20        0x0 /home/labarqcomp/intelFPGA/18.1/nios2eds/bin/gnu/H-x86_64-pc-linux-gnu/bin/../lib/gcc/nios2-elf/5.3.0/../../../../../H-x86_64-pc-linux-gnu/nios2-elf/lib/mno-hw-mul/pg/libsmallc.a(lib_a-__call_atexit.o)
 .bss           0x0000000000021b20        0x0 /home/labarqcomp/intelFPGA/18.1/nios2eds/bin/gnu/H-x86_64-pc-linux-gnu/bin/../lib/gcc/nios2-elf/5.3.0/../../../../../H-x86_64-pc-linux-gnu/nios2-elf/lib/mno-hw-mul/pg/libsmallc.a(lib_a-impure.o)
 .bss           0x0000000000021b20        0x0 /home/labarqcomp/intelFPGA/18.1/nios2eds/bin/gnu/H-x86_64-pc-linux-gnu/bin/../lib/gcc/nios2-elf/5.3.0/mno-hw-mul/pg/libgcc.a(lib2-mul.o)
 .bss           0x0000000000021b20        0x0 ../FPGA_IP_bsp//libhal_bsp.a(alt_exit.o)
 *(COMMON)
 COMMON         0x0000000000021b20      0x100 ../FPGA_IP_bsp//libhal_bsp.a(alt_gmon.o)
                0x0000000000021b20                __mcount_fn_head
                0x0000000000021c20                . = ALIGN (0x4)
                0x0000000000021c20                __bss_end = ABSOLUTE (.)

.onchip_memory2_1
                0x0000000000021c20        0x0
                [!provide]                        PROVIDE (_alt_partition_onchip_memory2_1_start, ABSOLUTE (.))
 *(.onchip_memory2_1 .onchip_memory2_1. onchip_memory2_1.*)
                0x0000000000021c20                . = ALIGN (0x4)
                [!provide]                        PROVIDE (_alt_partition_onchip_memory2_1_end, ABSOLUTE (.))
                0x0000000000021c20                _end = ABSOLUTE (.)
                0x0000000000021c20                end = ABSOLUTE (.)
                0x0000000000021c20                __alt_stack_base = ABSOLUTE (.)
                [!provide]                        PROVIDE (_alt_partition_onchip_memory2_1_load_addr, LOADADDR (.onchip_memory2_1))

.onchip_memory2_0
                0x0000000000040000        0x0 load address 0x0000000000021c20
                [!provide]                        PROVIDE (_alt_partition_onchip_memory2_0_start, ABSOLUTE (.))
 *(.onchip_memory2_0 .onchip_memory2_0. onchip_memory2_0.*)
                0x0000000000040000                . = ALIGN (0x4)
                [!provide]                        PROVIDE (_alt_partition_onchip_memory2_0_end, ABSOLUTE (.))
                [!provide]                        PROVIDE (_alt_partition_onchip_memory2_0_load_addr, LOADADDR (.onchip_memory2_0))

.stab
 *(.stab)

.stabstr
 *(.stabstr)

.stab.excl
 *(.stab.excl)

.stab.exclstr
 *(.stab.exclstr)

.stab.index
 *(.stab.index)

.stab.indexstr
 *(.stab.indexstr)

.comment        0x0000000000000000       0x23
 *(.comment)
 .comment       0x0000000000000000       0x23 obj/default/hello_world.o
                                         0x24 (size before relaxing)
 .comment       0x0000000000000023       0x24 ../FPGA_IP_bsp//libhal_bsp.a(alt_load.o)
 .comment       0x0000000000000023       0x24 ../FPGA_IP_bsp//libhal_bsp.a(alt_main.o)
 .comment       0x0000000000000023       0x24 ../FPGA_IP_bsp//libhal_bsp.a(alt_sys_init.o)
 .comment       0x0000000000000023       0x24 ../FPGA_IP_bsp//libhal_bsp.a(altera_avalon_jtag_uart_fd.o)
 .comment       0x0000000000000023       0x24 ../FPGA_IP_bsp//libhal_bsp.a(altera_avalon_jtag_uart_read.o)
 .comment       0x0000000000000023       0x24 ../FPGA_IP_bsp//libhal_bsp.a(altera_avalon_jtag_uart_write.o)
 .comment       0x0000000000000023       0x24 ../FPGA_IP_bsp//libhal_bsp.a(alt_close.o)
 .comment       0x0000000000000023       0x24 ../FPGA_IP_bsp//libhal_bsp.a(alt_dcache_flush_all.o)
 .comment       0x0000000000000023       0x24 ../FPGA_IP_bsp//libhal_bsp.a(alt_dev.o)
 .comment       0x0000000000000023       0x24 ../FPGA_IP_bsp//libhal_bsp.a(alt_dev_llist_insert.o)
 .comment       0x0000000000000023       0x24 ../FPGA_IP_bsp//libhal_bsp.a(alt_do_ctors.o)
 .comment       0x0000000000000023       0x24 ../FPGA_IP_bsp//libhal_bsp.a(alt_do_dtors.o)
 .comment       0x0000000000000023       0x24 ../FPGA_IP_bsp//libhal_bsp.a(alt_errno.o)
 .comment       0x0000000000000023       0x24 ../FPGA_IP_bsp//libhal_bsp.a(alt_gmon.o)
 .comment       0x0000000000000023       0x24 ../FPGA_IP_bsp//libhal_bsp.a(alt_icache_flush_all.o)
 .comment       0x0000000000000023       0x24 ../FPGA_IP_bsp//libhal_bsp.a(alt_release_fd.o)
 .comment       0x0000000000000023       0x24 ../FPGA_IP_bsp//libhal_bsp.a(alt_sbrk.o)
 .comment       0x0000000000000023       0x24 ../FPGA_IP_bsp//libhal_bsp.a(alt_tick.o)
 .comment       0x0000000000000023       0x24 ../FPGA_IP_bsp//libhal_bsp.a(altera_nios2_gen2_irq.o)
 .comment       0x0000000000000023       0x24 ../FPGA_IP_bsp//libhal_bsp.a(alt_alarm_start.o)
 .comment       0x0000000000000023       0x24 /home/labarqcomp/intelFPGA/18.1/nios2eds/bin/gnu/H-x86_64-pc-linux-gnu/bin/../lib/gcc/nios2-elf/5.3.0/../../../../../H-x86_64-pc-linux-gnu/nios2-elf/lib/mno-hw-mul/pg/libsmallc.a(lib_a-atexit.o)
 .comment       0x0000000000000023       0x24 /home/labarqcomp/intelFPGA/18.1/nios2eds/bin/gnu/H-x86_64-pc-linux-gnu/bin/../lib/gcc/nios2-elf/5.3.0/../../../../../H-x86_64-pc-linux-gnu/nios2-elf/lib/mno-hw-mul/pg/libsmallc.a(lib_a-exit.o)
 .comment       0x0000000000000023       0x24 /home/labarqcomp/intelFPGA/18.1/nios2eds/bin/gnu/H-x86_64-pc-linux-gnu/bin/../lib/gcc/nios2-elf/5.3.0/../../../../../H-x86_64-pc-linux-gnu/nios2-elf/lib/mno-hw-mul/pg/libsmallc.a(lib_a-int_errno.o)
 .comment       0x0000000000000023       0x24 /home/labarqcomp/intelFPGA/18.1/nios2eds/bin/gnu/H-x86_64-pc-linux-gnu/bin/../lib/gcc/nios2-elf/5.3.0/../../../../../H-x86_64-pc-linux-gnu/nios2-elf/lib/mno-hw-mul/pg/libsmallc.a(lib_a-memset.o)
 .comment       0x0000000000000023       0x24 /home/labarqcomp/intelFPGA/18.1/nios2eds/bin/gnu/H-x86_64-pc-linux-gnu/bin/../lib/gcc/nios2-elf/5.3.0/../../../../../H-x86_64-pc-linux-gnu/nios2-elf/lib/mno-hw-mul/pg/libsmallc.a(lib_a-__atexit.o)
 .comment       0x0000000000000023       0x24 /home/labarqcomp/intelFPGA/18.1/nios2eds/bin/gnu/H-x86_64-pc-linux-gnu/bin/../lib/gcc/nios2-elf/5.3.0/../../../../../H-x86_64-pc-linux-gnu/nios2-elf/lib/mno-hw-mul/pg/libsmallc.a(lib_a-__call_atexit.o)
 .comment       0x0000000000000023       0x24 /home/labarqcomp/intelFPGA/18.1/nios2eds/bin/gnu/H-x86_64-pc-linux-gnu/bin/../lib/gcc/nios2-elf/5.3.0/../../../../../H-x86_64-pc-linux-gnu/nios2-elf/lib/mno-hw-mul/pg/libsmallc.a(lib_a-impure.o)
 .comment       0x0000000000000023       0x24 /home/labarqcomp/intelFPGA/18.1/nios2eds/bin/gnu/H-x86_64-pc-linux-gnu/bin/../lib/gcc/nios2-elf/5.3.0/mno-hw-mul/pg/libgcc.a(lib2-mul.o)
 .comment       0x0000000000000023       0x24 ../FPGA_IP_bsp//libhal_bsp.a(alt_exit.o)

.debug
 *(.debug)

.line
 *(.line)

.debug_srcinfo
 *(.debug_srcinfo)

.debug_sfnames
 *(.debug_sfnames)

.debug_aranges  0x0000000000000000      0x3f0
 *(.debug_aranges)
 .debug_aranges
                0x0000000000000000       0x28 ../FPGA_IP_bsp//obj/HAL/src/crt0.o
 .debug_aranges
                0x0000000000000028       0x20 obj/default/hello_world.o
 .debug_aranges
                0x0000000000000048       0x20 ../FPGA_IP_bsp//libhal_bsp.a(alt_load.o)
 .debug_aranges
                0x0000000000000068       0x20 ../FPGA_IP_bsp//libhal_bsp.a(alt_main.o)
 .debug_aranges
                0x0000000000000088       0x20 ../FPGA_IP_bsp//libhal_bsp.a(alt_mcount.o)
 .debug_aranges
                0x00000000000000a8       0x20 ../FPGA_IP_bsp//libhal_bsp.a(alt_sys_init.o)
 .debug_aranges
                0x00000000000000c8       0x20 ../FPGA_IP_bsp//libhal_bsp.a(altera_avalon_jtag_uart_fd.o)
 .debug_aranges
                0x00000000000000e8       0x20 ../FPGA_IP_bsp//libhal_bsp.a(altera_avalon_jtag_uart_read.o)
 .debug_aranges
                0x0000000000000108       0x20 ../FPGA_IP_bsp//libhal_bsp.a(altera_avalon_jtag_uart_write.o)
 .debug_aranges
                0x0000000000000128       0x20 ../FPGA_IP_bsp//libhal_bsp.a(alt_close.o)
 .debug_aranges
                0x0000000000000148       0x20 ../FPGA_IP_bsp//libhal_bsp.a(alt_dcache_flush_all.o)
 .debug_aranges
                0x0000000000000168       0x20 ../FPGA_IP_bsp//libhal_bsp.a(alt_dev.o)
 .debug_aranges
                0x0000000000000188       0x20 ../FPGA_IP_bsp//libhal_bsp.a(alt_dev_llist_insert.o)
 .debug_aranges
                0x00000000000001a8       0x20 ../FPGA_IP_bsp//libhal_bsp.a(alt_do_ctors.o)
 .debug_aranges
                0x00000000000001c8       0x20 ../FPGA_IP_bsp//libhal_bsp.a(alt_do_dtors.o)
 .debug_aranges
                0x00000000000001e8       0x18 ../FPGA_IP_bsp//libhal_bsp.a(alt_errno.o)
 .debug_aranges
                0x0000000000000200       0x20 ../FPGA_IP_bsp//libhal_bsp.a(alt_gmon.o)
 .debug_aranges
                0x0000000000000220       0x20 ../FPGA_IP_bsp//libhal_bsp.a(alt_icache_flush_all.o)
 .debug_aranges
                0x0000000000000240       0x20 ../FPGA_IP_bsp//libhal_bsp.a(alt_release_fd.o)
 .debug_aranges
                0x0000000000000260       0x20 ../FPGA_IP_bsp//libhal_bsp.a(alt_sbrk.o)
 .debug_aranges
                0x0000000000000280       0x20 ../FPGA_IP_bsp//libhal_bsp.a(alt_tick.o)
 .debug_aranges
                0x00000000000002a0       0x20 ../FPGA_IP_bsp//libhal_bsp.a(altera_nios2_gen2_irq.o)
 .debug_aranges
                0x00000000000002c0       0x20 ../FPGA_IP_bsp//libhal_bsp.a(alt_alarm_start.o)
 .debug_aranges
                0x00000000000002e0       0x20 /home/labarqcomp/intelFPGA/18.1/nios2eds/bin/gnu/H-x86_64-pc-linux-gnu/bin/../lib/gcc/nios2-elf/5.3.0/../../../../../H-x86_64-pc-linux-gnu/nios2-elf/lib/mno-hw-mul/pg/libsmallc.a(lib_a-atexit.o)
 .debug_aranges
                0x0000000000000300       0x20 /home/labarqcomp/intelFPGA/18.1/nios2eds/bin/gnu/H-x86_64-pc-linux-gnu/bin/../lib/gcc/nios2-elf/5.3.0/../../../../../H-x86_64-pc-linux-gnu/nios2-elf/lib/mno-hw-mul/pg/libsmallc.a(lib_a-exit.o)
 .debug_aranges
                0x0000000000000320       0x18 /home/labarqcomp/intelFPGA/18.1/nios2eds/bin/gnu/H-x86_64-pc-linux-gnu/bin/../lib/gcc/nios2-elf/5.3.0/../../../../../H-x86_64-pc-linux-gnu/nios2-elf/lib/mno-hw-mul/pg/libsmallc.a(lib_a-int_errno.o)
 .debug_aranges
                0x0000000000000338       0x20 /home/labarqcomp/intelFPGA/18.1/nios2eds/bin/gnu/H-x86_64-pc-linux-gnu/bin/../lib/gcc/nios2-elf/5.3.0/../../../../../H-x86_64-pc-linux-gnu/nios2-elf/lib/mno-hw-mul/pg/libsmallc.a(lib_a-memset.o)
 .debug_aranges
                0x0000000000000358       0x20 /home/labarqcomp/intelFPGA/18.1/nios2eds/bin/gnu/H-x86_64-pc-linux-gnu/bin/../lib/gcc/nios2-elf/5.3.0/../../../../../H-x86_64-pc-linux-gnu/nios2-elf/lib/mno-hw-mul/pg/libsmallc.a(lib_a-__atexit.o)
 .debug_aranges
                0x0000000000000378       0x20 /home/labarqcomp/intelFPGA/18.1/nios2eds/bin/gnu/H-x86_64-pc-linux-gnu/bin/../lib/gcc/nios2-elf/5.3.0/../../../../../H-x86_64-pc-linux-gnu/nios2-elf/lib/mno-hw-mul/pg/libsmallc.a(lib_a-__call_atexit.o)
 .debug_aranges
                0x0000000000000398       0x18 /home/labarqcomp/intelFPGA/18.1/nios2eds/bin/gnu/H-x86_64-pc-linux-gnu/bin/../lib/gcc/nios2-elf/5.3.0/../../../../../H-x86_64-pc-linux-gnu/nios2-elf/lib/mno-hw-mul/pg/libsmallc.a(lib_a-impure.o)
 .debug_aranges
                0x00000000000003b0       0x20 /home/labarqcomp/intelFPGA/18.1/nios2eds/bin/gnu/H-x86_64-pc-linux-gnu/bin/../lib/gcc/nios2-elf/5.3.0/mno-hw-mul/pg/libgcc.a(lib2-mul.o)
 .debug_aranges
                0x00000000000003d0       0x20 ../FPGA_IP_bsp//libhal_bsp.a(alt_exit.o)

.debug_pubnames
 *(.debug_pubnames)

.debug_info     0x0000000000000000     0x418b
 *(.debug_info .gnu.linkonce.wi.*)
 .debug_info    0x0000000000000000       0x84 ../FPGA_IP_bsp//obj/HAL/src/crt0.o
 .debug_info    0x0000000000000084       0xbd obj/default/hello_world.o
 .debug_info    0x0000000000000141      0x145 ../FPGA_IP_bsp//libhal_bsp.a(alt_load.o)
 .debug_info    0x0000000000000286      0x131 ../FPGA_IP_bsp//libhal_bsp.a(alt_main.o)
 .debug_info    0x00000000000003b7       0x8e ../FPGA_IP_bsp//libhal_bsp.a(alt_mcount.o)
 .debug_info    0x0000000000000445      0x3c9 ../FPGA_IP_bsp//libhal_bsp.a(alt_sys_init.o)
 .debug_info    0x000000000000080e      0x3a7 ../FPGA_IP_bsp//libhal_bsp.a(altera_avalon_jtag_uart_fd.o)
 .debug_info    0x0000000000000bb5      0x1b2 ../FPGA_IP_bsp//libhal_bsp.a(altera_avalon_jtag_uart_read.o)
 .debug_info    0x0000000000000d67      0x195 ../FPGA_IP_bsp//libhal_bsp.a(altera_avalon_jtag_uart_write.o)
 .debug_info    0x0000000000000efc      0x321 ../FPGA_IP_bsp//libhal_bsp.a(alt_close.o)
 .debug_info    0x000000000000121d       0x92 ../FPGA_IP_bsp//libhal_bsp.a(alt_dcache_flush_all.o)
 .debug_info    0x00000000000012af      0x49c ../FPGA_IP_bsp//libhal_bsp.a(alt_dev.o)
 .debug_info    0x000000000000174b      0x1a9 ../FPGA_IP_bsp//libhal_bsp.a(alt_dev_llist_insert.o)
 .debug_info    0x00000000000018f4       0x83 ../FPGA_IP_bsp//libhal_bsp.a(alt_do_ctors.o)
 .debug_info    0x0000000000001977       0x83 ../FPGA_IP_bsp//libhal_bsp.a(alt_do_dtors.o)
 .debug_info    0x00000000000019fa       0xa6 ../FPGA_IP_bsp//libhal_bsp.a(alt_errno.o)
 .debug_info    0x0000000000001aa0      0x463 ../FPGA_IP_bsp//libhal_bsp.a(alt_gmon.o)
 .debug_info    0x0000000000001f03       0x92 ../FPGA_IP_bsp//libhal_bsp.a(alt_icache_flush_all.o)
 .debug_info    0x0000000000001f95      0x2b0 ../FPGA_IP_bsp//libhal_bsp.a(alt_release_fd.o)
 .debug_info    0x0000000000002245      0x1ac ../FPGA_IP_bsp//libhal_bsp.a(alt_sbrk.o)
 .debug_info    0x00000000000023f1      0x299 ../FPGA_IP_bsp//libhal_bsp.a(alt_tick.o)
 .debug_info    0x000000000000268a       0x92 ../FPGA_IP_bsp//libhal_bsp.a(altera_nios2_gen2_irq.o)
 .debug_info    0x000000000000271c      0x2cc ../FPGA_IP_bsp//libhal_bsp.a(alt_alarm_start.o)
 .debug_info    0x00000000000029e8       0xfe /home/labarqcomp/intelFPGA/18.1/nios2eds/bin/gnu/H-x86_64-pc-linux-gnu/bin/../lib/gcc/nios2-elf/5.3.0/../../../../../H-x86_64-pc-linux-gnu/nios2-elf/lib/mno-hw-mul/pg/libsmallc.a(lib_a-atexit.o)
 .debug_info    0x0000000000002ae6       0xe5 /home/labarqcomp/intelFPGA/18.1/nios2eds/bin/gnu/H-x86_64-pc-linux-gnu/bin/../lib/gcc/nios2-elf/5.3.0/../../../../../H-x86_64-pc-linux-gnu/nios2-elf/lib/mno-hw-mul/pg/libsmallc.a(lib_a-exit.o)
 .debug_info    0x0000000000002bcb       0x8a /home/labarqcomp/intelFPGA/18.1/nios2eds/bin/gnu/H-x86_64-pc-linux-gnu/bin/../lib/gcc/nios2-elf/5.3.0/../../../../../H-x86_64-pc-linux-gnu/nios2-elf/lib/mno-hw-mul/pg/libsmallc.a(lib_a-int_errno.o)
 .debug_info    0x0000000000002c55       0xdc /home/labarqcomp/intelFPGA/18.1/nios2eds/bin/gnu/H-x86_64-pc-linux-gnu/bin/../lib/gcc/nios2-elf/5.3.0/../../../../../H-x86_64-pc-linux-gnu/nios2-elf/lib/mno-hw-mul/pg/libsmallc.a(lib_a-memset.o)
 .debug_info    0x0000000000002d31      0x64a /home/labarqcomp/intelFPGA/18.1/nios2eds/bin/gnu/H-x86_64-pc-linux-gnu/bin/../lib/gcc/nios2-elf/5.3.0/../../../../../H-x86_64-pc-linux-gnu/nios2-elf/lib/mno-hw-mul/pg/libsmallc.a(lib_a-__atexit.o)
 .debug_info    0x000000000000337b      0x67b /home/labarqcomp/intelFPGA/18.1/nios2eds/bin/gnu/H-x86_64-pc-linux-gnu/bin/../lib/gcc/nios2-elf/5.3.0/../../../../../H-x86_64-pc-linux-gnu/nios2-elf/lib/mno-hw-mul/pg/libsmallc.a(lib_a-__call_atexit.o)
 .debug_info    0x00000000000039f6      0x5a9 /home/labarqcomp/intelFPGA/18.1/nios2eds/bin/gnu/H-x86_64-pc-linux-gnu/bin/../lib/gcc/nios2-elf/5.3.0/../../../../../H-x86_64-pc-linux-gnu/nios2-elf/lib/mno-hw-mul/pg/libsmallc.a(lib_a-impure.o)
 .debug_info    0x0000000000003f9f       0xb4 /home/labarqcomp/intelFPGA/18.1/nios2eds/bin/gnu/H-x86_64-pc-linux-gnu/bin/../lib/gcc/nios2-elf/5.3.0/mno-hw-mul/pg/libgcc.a(lib2-mul.o)
 .debug_info    0x0000000000004053      0x138 ../FPGA_IP_bsp//libhal_bsp.a(alt_exit.o)

.debug_abbrev   0x0000000000000000     0x19e2
 *(.debug_abbrev)
 .debug_abbrev  0x0000000000000000       0x12 ../FPGA_IP_bsp//obj/HAL/src/crt0.o
 .debug_abbrev  0x0000000000000012       0x6d obj/default/hello_world.o
 .debug_abbrev  0x000000000000007f       0x9f ../FPGA_IP_bsp//libhal_bsp.a(alt_load.o)
 .debug_abbrev  0x000000000000011e       0xba ../FPGA_IP_bsp//libhal_bsp.a(alt_main.o)
 .debug_abbrev  0x00000000000001d8       0x14 ../FPGA_IP_bsp//libhal_bsp.a(alt_mcount.o)
 .debug_abbrev  0x00000000000001ec      0x157 ../FPGA_IP_bsp//libhal_bsp.a(alt_sys_init.o)
 .debug_abbrev  0x0000000000000343       0xf7 ../FPGA_IP_bsp//libhal_bsp.a(altera_avalon_jtag_uart_fd.o)
 .debug_abbrev  0x000000000000043a       0xd5 ../FPGA_IP_bsp//libhal_bsp.a(altera_avalon_jtag_uart_read.o)
 .debug_abbrev  0x000000000000050f       0xd5 ../FPGA_IP_bsp//libhal_bsp.a(altera_avalon_jtag_uart_write.o)
 .debug_abbrev  0x00000000000005e4      0x11f ../FPGA_IP_bsp//libhal_bsp.a(alt_close.o)
 .debug_abbrev  0x0000000000000703       0x42 ../FPGA_IP_bsp//libhal_bsp.a(alt_dcache_flush_all.o)
 .debug_abbrev  0x0000000000000745       0xd9 ../FPGA_IP_bsp//libhal_bsp.a(alt_dev.o)
 .debug_abbrev  0x000000000000081e      0x114 ../FPGA_IP_bsp//libhal_bsp.a(alt_dev_llist_insert.o)
 .debug_abbrev  0x0000000000000932       0x79 ../FPGA_IP_bsp//libhal_bsp.a(alt_do_ctors.o)
 .debug_abbrev  0x00000000000009ab       0x79 ../FPGA_IP_bsp//libhal_bsp.a(alt_do_dtors.o)
 .debug_abbrev  0x0000000000000a24       0x5a ../FPGA_IP_bsp//libhal_bsp.a(alt_errno.o)
 .debug_abbrev  0x0000000000000a7e      0x1d2 ../FPGA_IP_bsp//libhal_bsp.a(alt_gmon.o)
 .debug_abbrev  0x0000000000000c50       0x42 ../FPGA_IP_bsp//libhal_bsp.a(alt_icache_flush_all.o)
 .debug_abbrev  0x0000000000000c92       0xde ../FPGA_IP_bsp//libhal_bsp.a(alt_release_fd.o)
 .debug_abbrev  0x0000000000000d70      0x112 ../FPGA_IP_bsp//libhal_bsp.a(alt_sbrk.o)
 .debug_abbrev  0x0000000000000e82      0x15a ../FPGA_IP_bsp//libhal_bsp.a(alt_tick.o)
 .debug_abbrev  0x0000000000000fdc       0x42 ../FPGA_IP_bsp//libhal_bsp.a(altera_nios2_gen2_irq.o)
 .debug_abbrev  0x000000000000101e      0x162 ../FPGA_IP_bsp//libhal_bsp.a(alt_alarm_start.o)
 .debug_abbrev  0x0000000000001180       0xaa /home/labarqcomp/intelFPGA/18.1/nios2eds/bin/gnu/H-x86_64-pc-linux-gnu/bin/../lib/gcc/nios2-elf/5.3.0/../../../../../H-x86_64-pc-linux-gnu/nios2-elf/lib/mno-hw-mul/pg/libsmallc.a(lib_a-atexit.o)
 .debug_abbrev  0x000000000000122a       0x8b /home/labarqcomp/intelFPGA/18.1/nios2eds/bin/gnu/H-x86_64-pc-linux-gnu/bin/../lib/gcc/nios2-elf/5.3.0/../../../../../H-x86_64-pc-linux-gnu/nios2-elf/lib/mno-hw-mul/pg/libsmallc.a(lib_a-exit.o)
 .debug_abbrev  0x00000000000012b5       0x37 /home/labarqcomp/intelFPGA/18.1/nios2eds/bin/gnu/H-x86_64-pc-linux-gnu/bin/../lib/gcc/nios2-elf/5.3.0/../../../../../H-x86_64-pc-linux-gnu/nios2-elf/lib/mno-hw-mul/pg/libsmallc.a(lib_a-int_errno.o)
 .debug_abbrev  0x00000000000012ec       0x8e /home/labarqcomp/intelFPGA/18.1/nios2eds/bin/gnu/H-x86_64-pc-linux-gnu/bin/../lib/gcc/nios2-elf/5.3.0/../../../../../H-x86_64-pc-linux-gnu/nios2-elf/lib/mno-hw-mul/pg/libsmallc.a(lib_a-memset.o)
 .debug_abbrev  0x000000000000137a      0x1e6 /home/labarqcomp/intelFPGA/18.1/nios2eds/bin/gnu/H-x86_64-pc-linux-gnu/bin/../lib/gcc/nios2-elf/5.3.0/../../../../../H-x86_64-pc-linux-gnu/nios2-elf/lib/mno-hw-mul/pg/libsmallc.a(lib_a-__atexit.o)
 .debug_abbrev  0x0000000000001560      0x1f6 /home/labarqcomp/intelFPGA/18.1/nios2eds/bin/gnu/H-x86_64-pc-linux-gnu/bin/../lib/gcc/nios2-elf/5.3.0/../../../../../H-x86_64-pc-linux-gnu/nios2-elf/lib/mno-hw-mul/pg/libsmallc.a(lib_a-__call_atexit.o)
 .debug_abbrev  0x0000000000001756      0x14a /home/labarqcomp/intelFPGA/18.1/nios2eds/bin/gnu/H-x86_64-pc-linux-gnu/bin/../lib/gcc/nios2-elf/5.3.0/../../../../../H-x86_64-pc-linux-gnu/nios2-elf/lib/mno-hw-mul/pg/libsmallc.a(lib_a-impure.o)
 .debug_abbrev  0x00000000000018a0       0x6f /home/labarqcomp/intelFPGA/18.1/nios2eds/bin/gnu/H-x86_64-pc-linux-gnu/bin/../lib/gcc/nios2-elf/5.3.0/mno-hw-mul/pg/libgcc.a(lib2-mul.o)
 .debug_abbrev  0x000000000000190f       0xd3 ../FPGA_IP_bsp//libhal_bsp.a(alt_exit.o)

.debug_line     0x0000000000000000     0x1b17
 *(.debug_line)
 .debug_line    0x0000000000000000       0x5c ../FPGA_IP_bsp//obj/HAL/src/crt0.o
 .debug_line    0x000000000000005c       0x46 obj/default/hello_world.o
 .debug_line    0x00000000000000a2       0x90 ../FPGA_IP_bsp//libhal_bsp.a(alt_load.o)
 .debug_line    0x0000000000000132       0xa1 ../FPGA_IP_bsp//libhal_bsp.a(alt_main.o)
 .debug_line    0x00000000000001d3       0x6a ../FPGA_IP_bsp//libhal_bsp.a(alt_mcount.o)
 .debug_line    0x000000000000023d      0x127 ../FPGA_IP_bsp//libhal_bsp.a(alt_sys_init.o)
 .debug_line    0x0000000000000364      0x114 ../FPGA_IP_bsp//libhal_bsp.a(altera_avalon_jtag_uart_fd.o)
 .debug_line    0x0000000000000478       0xfe ../FPGA_IP_bsp//libhal_bsp.a(altera_avalon_jtag_uart_read.o)
 .debug_line    0x0000000000000576       0xf5 ../FPGA_IP_bsp//libhal_bsp.a(altera_avalon_jtag_uart_write.o)
 .debug_line    0x000000000000066b      0x174 ../FPGA_IP_bsp//libhal_bsp.a(alt_close.o)
 .debug_line    0x00000000000007df       0x52 ../FPGA_IP_bsp//libhal_bsp.a(alt_dcache_flush_all.o)
 .debug_line    0x0000000000000831      0x107 ../FPGA_IP_bsp//libhal_bsp.a(alt_dev.o)
 .debug_line    0x0000000000000938       0xd1 ../FPGA_IP_bsp//libhal_bsp.a(alt_dev_llist_insert.o)
 .debug_line    0x0000000000000a09       0x5a ../FPGA_IP_bsp//libhal_bsp.a(alt_do_ctors.o)
 .debug_line    0x0000000000000a63       0x5a ../FPGA_IP_bsp//libhal_bsp.a(alt_do_dtors.o)
 .debug_line    0x0000000000000abd       0x51 ../FPGA_IP_bsp//libhal_bsp.a(alt_errno.o)
 .debug_line    0x0000000000000b0e      0x11e ../FPGA_IP_bsp//libhal_bsp.a(alt_gmon.o)
 .debug_line    0x0000000000000c2c       0x50 ../FPGA_IP_bsp//libhal_bsp.a(alt_icache_flush_all.o)
 .debug_line    0x0000000000000c7c       0xb1 ../FPGA_IP_bsp//libhal_bsp.a(alt_release_fd.o)
 .debug_line    0x0000000000000d2d      0x101 ../FPGA_IP_bsp//libhal_bsp.a(alt_sbrk.o)
 .debug_line    0x0000000000000e2e      0x101 ../FPGA_IP_bsp//libhal_bsp.a(alt_tick.o)
 .debug_line    0x0000000000000f2f       0x52 ../FPGA_IP_bsp//libhal_bsp.a(altera_nios2_gen2_irq.o)
 .debug_line    0x0000000000000f81       0xfa ../FPGA_IP_bsp//libhal_bsp.a(alt_alarm_start.o)
 .debug_line    0x000000000000107b       0xea /home/labarqcomp/intelFPGA/18.1/nios2eds/bin/gnu/H-x86_64-pc-linux-gnu/bin/../lib/gcc/nios2-elf/5.3.0/../../../../../H-x86_64-pc-linux-gnu/nios2-elf/lib/mno-hw-mul/pg/libsmallc.a(lib_a-atexit.o)
 .debug_line    0x0000000000001165      0x15c /home/labarqcomp/intelFPGA/18.1/nios2eds/bin/gnu/H-x86_64-pc-linux-gnu/bin/../lib/gcc/nios2-elf/5.3.0/../../../../../H-x86_64-pc-linux-gnu/nios2-elf/lib/mno-hw-mul/pg/libsmallc.a(lib_a-exit.o)
 .debug_line    0x00000000000012c1       0x62 /home/labarqcomp/intelFPGA/18.1/nios2eds/bin/gnu/H-x86_64-pc-linux-gnu/bin/../lib/gcc/nios2-elf/5.3.0/../../../../../H-x86_64-pc-linux-gnu/nios2-elf/lib/mno-hw-mul/pg/libsmallc.a(lib_a-int_errno.o)
 .debug_line    0x0000000000001323      0x160 /home/labarqcomp/intelFPGA/18.1/nios2eds/bin/gnu/H-x86_64-pc-linux-gnu/bin/../lib/gcc/nios2-elf/5.3.0/../../../../../H-x86_64-pc-linux-gnu/nios2-elf/lib/mno-hw-mul/pg/libsmallc.a(lib_a-memset.o)
 .debug_line    0x0000000000001483      0x20f /home/labarqcomp/intelFPGA/18.1/nios2eds/bin/gnu/H-x86_64-pc-linux-gnu/bin/../lib/gcc/nios2-elf/5.3.0/../../../../../H-x86_64-pc-linux-gnu/nios2-elf/lib/mno-hw-mul/pg/libsmallc.a(lib_a-__atexit.o)
 .debug_line    0x0000000000001692      0x234 /home/labarqcomp/intelFPGA/18.1/nios2eds/bin/gnu/H-x86_64-pc-linux-gnu/bin/../lib/gcc/nios2-elf/5.3.0/../../../../../H-x86_64-pc-linux-gnu/nios2-elf/lib/mno-hw-mul/pg/libsmallc.a(lib_a-__call_atexit.o)
 .debug_line    0x00000000000018c6      0x159 /home/labarqcomp/intelFPGA/18.1/nios2eds/bin/gnu/H-x86_64-pc-linux-gnu/bin/../lib/gcc/nios2-elf/5.3.0/../../../../../H-x86_64-pc-linux-gnu/nios2-elf/lib/mno-hw-mul/pg/libsmallc.a(lib_a-impure.o)
 .debug_line    0x0000000000001a1f       0x83 /home/labarqcomp/intelFPGA/18.1/nios2eds/bin/gnu/H-x86_64-pc-linux-gnu/bin/../lib/gcc/nios2-elf/5.3.0/mno-hw-mul/pg/libgcc.a(lib2-mul.o)
 .debug_line    0x0000000000001aa2       0x75 ../FPGA_IP_bsp//libhal_bsp.a(alt_exit.o)

.debug_frame    0x0000000000000000      0x740
 *(.debug_frame)
 .debug_frame   0x0000000000000000       0x2c obj/default/hello_world.o
 .debug_frame   0x000000000000002c       0x5c ../FPGA_IP_bsp//libhal_bsp.a(alt_load.o)
 .debug_frame   0x0000000000000088       0x2c ../FPGA_IP_bsp//libhal_bsp.a(alt_main.o)
 .debug_frame   0x00000000000000b4       0x40 ../FPGA_IP_bsp//libhal_bsp.a(alt_mcount.o)
 .debug_frame   0x00000000000000f4       0x88 ../FPGA_IP_bsp//libhal_bsp.a(alt_sys_init.o)
 .debug_frame   0x000000000000017c       0x60 ../FPGA_IP_bsp//libhal_bsp.a(altera_avalon_jtag_uart_fd.o)
 .debug_frame   0x00000000000001dc       0x34 ../FPGA_IP_bsp//libhal_bsp.a(altera_avalon_jtag_uart_read.o)
 .debug_frame   0x0000000000000210       0x34 ../FPGA_IP_bsp//libhal_bsp.a(altera_avalon_jtag_uart_write.o)
 .debug_frame   0x0000000000000244       0x60 ../FPGA_IP_bsp//libhal_bsp.a(alt_close.o)
 .debug_frame   0x00000000000002a4       0x34 ../FPGA_IP_bsp//libhal_bsp.a(alt_dcache_flush_all.o)
 .debug_frame   0x00000000000002d8       0x34 ../FPGA_IP_bsp//libhal_bsp.a(alt_dev.o)
 .debug_frame   0x000000000000030c       0x60 ../FPGA_IP_bsp//libhal_bsp.a(alt_dev_llist_insert.o)
 .debug_frame   0x000000000000036c       0x38 ../FPGA_IP_bsp//libhal_bsp.a(alt_do_ctors.o)
 .debug_frame   0x00000000000003a4       0x38 ../FPGA_IP_bsp//libhal_bsp.a(alt_do_dtors.o)
 .debug_frame   0x00000000000003dc       0xac ../FPGA_IP_bsp//libhal_bsp.a(alt_gmon.o)
 .debug_frame   0x0000000000000488       0x34 ../FPGA_IP_bsp//libhal_bsp.a(alt_icache_flush_all.o)
 .debug_frame   0x00000000000004bc       0x3c ../FPGA_IP_bsp//libhal_bsp.a(alt_release_fd.o)
 .debug_frame   0x00000000000004f8       0x34 ../FPGA_IP_bsp//libhal_bsp.a(alt_sbrk.o)
 .debug_frame   0x000000000000052c       0x5c ../FPGA_IP_bsp//libhal_bsp.a(alt_tick.o)
 .debug_frame   0x0000000000000588       0x34 ../FPGA_IP_bsp//libhal_bsp.a(altera_nios2_gen2_irq.o)
 .debug_frame   0x00000000000005bc       0x34 ../FPGA_IP_bsp//libhal_bsp.a(alt_alarm_start.o)
 .debug_frame   0x00000000000005f0       0x20 /home/labarqcomp/intelFPGA/18.1/nios2eds/bin/gnu/H-x86_64-pc-linux-gnu/bin/../lib/gcc/nios2-elf/5.3.0/../../../../../H-x86_64-pc-linux-gnu/nios2-elf/lib/mno-hw-mul/pg/libsmallc.a(lib_a-atexit.o)
 .debug_frame   0x0000000000000610       0x28 /home/labarqcomp/intelFPGA/18.1/nios2eds/bin/gnu/H-x86_64-pc-linux-gnu/bin/../lib/gcc/nios2-elf/5.3.0/../../../../../H-x86_64-pc-linux-gnu/nios2-elf/lib/mno-hw-mul/pg/libsmallc.a(lib_a-exit.o)
 .debug_frame   0x0000000000000638       0x20 /home/labarqcomp/intelFPGA/18.1/nios2eds/bin/gnu/H-x86_64-pc-linux-gnu/bin/../lib/gcc/nios2-elf/5.3.0/../../../../../H-x86_64-pc-linux-gnu/nios2-elf/lib/mno-hw-mul/pg/libsmallc.a(lib_a-memset.o)
 .debug_frame   0x0000000000000658       0x48 /home/labarqcomp/intelFPGA/18.1/nios2eds/bin/gnu/H-x86_64-pc-linux-gnu/bin/../lib/gcc/nios2-elf/5.3.0/../../../../../H-x86_64-pc-linux-gnu/nios2-elf/lib/mno-hw-mul/pg/libsmallc.a(lib_a-__atexit.o)
 .debug_frame   0x00000000000006a0       0x54 /home/labarqcomp/intelFPGA/18.1/nios2eds/bin/gnu/H-x86_64-pc-linux-gnu/bin/../lib/gcc/nios2-elf/5.3.0/../../../../../H-x86_64-pc-linux-gnu/nios2-elf/lib/mno-hw-mul/pg/libsmallc.a(lib_a-__call_atexit.o)
 .debug_frame   0x00000000000006f4       0x20 /home/labarqcomp/intelFPGA/18.1/nios2eds/bin/gnu/H-x86_64-pc-linux-gnu/bin/../lib/gcc/nios2-elf/5.3.0/mno-hw-mul/pg/libgcc.a(lib2-mul.o)
 .debug_frame   0x0000000000000714       0x2c ../FPGA_IP_bsp//libhal_bsp.a(alt_exit.o)

.debug_str      0x0000000000000000     0x13b6
 *(.debug_str)
 .debug_str     0x0000000000000000      0x111 obj/default/hello_world.o
                                        0x14f (size before relaxing)
 .debug_str     0x0000000000000111      0x141 ../FPGA_IP_bsp//libhal_bsp.a(alt_load.o)
                                        0x22b (size before relaxing)
 .debug_str     0x0000000000000252       0x70 ../FPGA_IP_bsp//libhal_bsp.a(alt_main.o)
                                        0x1b6 (size before relaxing)
 .debug_str     0x00000000000002c2      0x15e ../FPGA_IP_bsp//libhal_bsp.a(alt_sys_init.o)
                                        0x2ed (size before relaxing)
 .debug_str     0x0000000000000420       0x77 ../FPGA_IP_bsp//libhal_bsp.a(altera_avalon_jtag_uart_fd.o)
                                        0x2ee (size before relaxing)
 .debug_str     0x0000000000000497       0x48 ../FPGA_IP_bsp//libhal_bsp.a(altera_avalon_jtag_uart_read.o)
                                        0x238 (size before relaxing)
 .debug_str     0x00000000000004df       0x4a ../FPGA_IP_bsp//libhal_bsp.a(altera_avalon_jtag_uart_write.o)
                                        0x22e (size before relaxing)
 .debug_str     0x0000000000000529       0x44 ../FPGA_IP_bsp//libhal_bsp.a(alt_close.o)
                                        0x224 (size before relaxing)
 .debug_str     0x000000000000056d       0x34 ../FPGA_IP_bsp//libhal_bsp.a(alt_dcache_flush_all.o)
                                        0x16e (size before relaxing)
 .debug_str     0x00000000000005a1      0x120 ../FPGA_IP_bsp//libhal_bsp.a(alt_dev.o)
                                        0x31e (size before relaxing)
 .debug_str     0x00000000000006c1       0x45 ../FPGA_IP_bsp//libhal_bsp.a(alt_dev_llist_insert.o)
                                        0x1e5 (size before relaxing)
 .debug_str     0x0000000000000706       0x48 ../FPGA_IP_bsp//libhal_bsp.a(alt_do_ctors.o)
                                         0xe9 (size before relaxing)
 .debug_str     0x000000000000074e       0x4c ../FPGA_IP_bsp//libhal_bsp.a(alt_do_dtors.o)
                                         0xe8 (size before relaxing)
 .debug_str     0x000000000000079a       0x14 ../FPGA_IP_bsp//libhal_bsp.a(alt_errno.o)
                                        0x15e (size before relaxing)
 .debug_str     0x00000000000007ae      0x1b7 ../FPGA_IP_bsp//libhal_bsp.a(alt_gmon.o)
                                        0x37c (size before relaxing)
 .debug_str     0x0000000000000965       0x34 ../FPGA_IP_bsp//libhal_bsp.a(alt_icache_flush_all.o)
                                        0x16e (size before relaxing)
 .debug_str     0x0000000000000999       0x28 ../FPGA_IP_bsp//libhal_bsp.a(alt_release_fd.o)
                                        0x1ec (size before relaxing)
 .debug_str     0x00000000000009c1       0x6b ../FPGA_IP_bsp//libhal_bsp.a(alt_sbrk.o)
                                        0x1ed (size before relaxing)
 .debug_str     0x0000000000000a2c       0x59 ../FPGA_IP_bsp//libhal_bsp.a(alt_tick.o)
                                        0x26b (size before relaxing)
 .debug_str     0x0000000000000a85       0x3b ../FPGA_IP_bsp//libhal_bsp.a(altera_nios2_gen2_irq.o)
                                        0x175 (size before relaxing)
 .debug_str     0x0000000000000ac0       0x39 ../FPGA_IP_bsp//libhal_bsp.a(alt_alarm_start.o)
                                        0x297 (size before relaxing)
 .debug_str     0x0000000000000af9      0x181 /home/labarqcomp/intelFPGA/18.1/nios2eds/bin/gnu/H-x86_64-pc-linux-gnu/bin/../lib/gcc/nios2-elf/5.3.0/../../../../../H-x86_64-pc-linux-gnu/nios2-elf/lib/mno-hw-mul/pg/libsmallc.a(lib_a-atexit.o)
                                        0x226 (size before relaxing)
 .debug_str     0x0000000000000c7a       0x55 /home/labarqcomp/intelFPGA/18.1/nios2eds/bin/gnu/H-x86_64-pc-linux-gnu/bin/../lib/gcc/nios2-elf/5.3.0/../../../../../H-x86_64-pc-linux-gnu/nios2-elf/lib/mno-hw-mul/pg/libsmallc.a(lib_a-exit.o)
                                        0x1fa (size before relaxing)
 .debug_str     0x0000000000000ccf       0xda /home/labarqcomp/intelFPGA/18.1/nios2eds/bin/gnu/H-x86_64-pc-linux-gnu/bin/../lib/gcc/nios2-elf/5.3.0/../../../../../H-x86_64-pc-linux-gnu/nios2-elf/lib/mno-hw-mul/pg/libsmallc.a(lib_a-int_errno.o)
                                        0x1e2 (size before relaxing)
 .debug_str     0x0000000000000da9       0xe7 /home/labarqcomp/intelFPGA/18.1/nios2eds/bin/gnu/H-x86_64-pc-linux-gnu/bin/../lib/gcc/nios2-elf/5.3.0/../../../../../H-x86_64-pc-linux-gnu/nios2-elf/lib/mno-hw-mul/pg/libsmallc.a(lib_a-memset.o)
                                        0x1e9 (size before relaxing)
 .debug_str     0x0000000000000e90      0x2f7 /home/labarqcomp/intelFPGA/18.1/nios2eds/bin/gnu/H-x86_64-pc-linux-gnu/bin/../lib/gcc/nios2-elf/5.3.0/../../../../../H-x86_64-pc-linux-gnu/nios2-elf/lib/mno-hw-mul/pg/libsmallc.a(lib_a-__atexit.o)
                                        0x509 (size before relaxing)
 .debug_str     0x0000000000001187       0x68 /home/labarqcomp/intelFPGA/18.1/nios2eds/bin/gnu/H-x86_64-pc-linux-gnu/bin/../lib/gcc/nios2-elf/5.3.0/../../../../../H-x86_64-pc-linux-gnu/nios2-elf/lib/mno-hw-mul/pg/libsmallc.a(lib_a-__call_atexit.o)
                                        0x4f5 (size before relaxing)
 .debug_str     0x00000000000011ef       0x4b /home/labarqcomp/intelFPGA/18.1/nios2eds/bin/gnu/H-x86_64-pc-linux-gnu/bin/../lib/gcc/nios2-elf/5.3.0/../../../../../H-x86_64-pc-linux-gnu/nios2-elf/lib/mno-hw-mul/pg/libsmallc.a(lib_a-impure.o)
                                        0x4c8 (size before relaxing)
 .debug_str     0x000000000000123a      0x152 /home/labarqcomp/intelFPGA/18.1/nios2eds/bin/gnu/H-x86_64-pc-linux-gnu/bin/../lib/gcc/nios2-elf/5.3.0/mno-hw-mul/pg/libgcc.a(lib2-mul.o)
                                        0x19d (size before relaxing)
 .debug_str     0x000000000000138c       0x2a ../FPGA_IP_bsp//libhal_bsp.a(alt_exit.o)
                                        0x178 (size before relaxing)

.debug_loc      0x0000000000000000      0x482
 *(.debug_loc)
 .debug_loc     0x0000000000000000       0x2c /home/labarqcomp/intelFPGA/18.1/nios2eds/bin/gnu/H-x86_64-pc-linux-gnu/bin/../lib/gcc/nios2-elf/5.3.0/../../../../../H-x86_64-pc-linux-gnu/nios2-elf/lib/mno-hw-mul/pg/libsmallc.a(lib_a-atexit.o)
 .debug_loc     0x000000000000002c       0x1e /home/labarqcomp/intelFPGA/18.1/nios2eds/bin/gnu/H-x86_64-pc-linux-gnu/bin/../lib/gcc/nios2-elf/5.3.0/../../../../../H-x86_64-pc-linux-gnu/nios2-elf/lib/mno-hw-mul/pg/libsmallc.a(lib_a-exit.o)
 .debug_loc     0x000000000000004a       0xa5 /home/labarqcomp/intelFPGA/18.1/nios2eds/bin/gnu/H-x86_64-pc-linux-gnu/bin/../lib/gcc/nios2-elf/5.3.0/../../../../../H-x86_64-pc-linux-gnu/nios2-elf/lib/mno-hw-mul/pg/libsmallc.a(lib_a-memset.o)
 .debug_loc     0x00000000000000ef      0x1c0 /home/labarqcomp/intelFPGA/18.1/nios2eds/bin/gnu/H-x86_64-pc-linux-gnu/bin/../lib/gcc/nios2-elf/5.3.0/../../../../../H-x86_64-pc-linux-gnu/nios2-elf/lib/mno-hw-mul/pg/libsmallc.a(lib_a-__atexit.o)
 .debug_loc     0x00000000000002af      0x157 /home/labarqcomp/intelFPGA/18.1/nios2eds/bin/gnu/H-x86_64-pc-linux-gnu/bin/../lib/gcc/nios2-elf/5.3.0/../../../../../H-x86_64-pc-linux-gnu/nios2-elf/lib/mno-hw-mul/pg/libsmallc.a(lib_a-__call_atexit.o)
 .debug_loc     0x0000000000000406       0x7c /home/labarqcomp/intelFPGA/18.1/nios2eds/bin/gnu/H-x86_64-pc-linux-gnu/bin/../lib/gcc/nios2-elf/5.3.0/mno-hw-mul/pg/libgcc.a(lib2-mul.o)

.debug_macinfo
 *(.debug_macinfo)

.debug_weaknames
 *(.debug_weaknames)

.debug_funcnames
 *(.debug_funcnames)

.debug_typenames
 *(.debug_typenames)

.debug_varnames
 *(.debug_varnames)

.debug_alt_sim_info
 *(.debug_alt_sim_info)
                0x0000000000040000                __alt_data_end = 0x40000
                0x0000000000040000                PROVIDE (__alt_stack_pointer, __alt_data_end)
                [!provide]                        PROVIDE (__alt_stack_limit, __alt_stack_base)
                0x0000000000021c20                PROVIDE (__alt_heap_start, end)
                0x0000000000040000                PROVIDE (__alt_heap_limit, 0x40000)
OUTPUT(RUN_ON_HDL_SIMULATOR_ONLY_FPGA_IP.elf elf32-littlenios2)

.debug_ranges   0x0000000000000000       0xa0
 .debug_ranges  0x0000000000000000       0x20 ../FPGA_IP_bsp//obj/HAL/src/crt0.o
 .debug_ranges  0x0000000000000020       0x18 ../FPGA_IP_bsp//libhal_bsp.a(altera_avalon_jtag_uart_read.o)
 .debug_ranges  0x0000000000000038       0x10 /home/labarqcomp/intelFPGA/18.1/nios2eds/bin/gnu/H-x86_64-pc-linux-gnu/bin/../lib/gcc/nios2-elf/5.3.0/../../../../../H-x86_64-pc-linux-gnu/nios2-elf/lib/mno-hw-mul/pg/libsmallc.a(lib_a-atexit.o)
 .debug_ranges  0x0000000000000048       0x10 /home/labarqcomp/intelFPGA/18.1/nios2eds/bin/gnu/H-x86_64-pc-linux-gnu/bin/../lib/gcc/nios2-elf/5.3.0/../../../../../H-x86_64-pc-linux-gnu/nios2-elf/lib/mno-hw-mul/pg/libsmallc.a(lib_a-exit.o)
 .debug_ranges  0x0000000000000058       0x10 /home/labarqcomp/intelFPGA/18.1/nios2eds/bin/gnu/H-x86_64-pc-linux-gnu/bin/../lib/gcc/nios2-elf/5.3.0/../../../../../H-x86_64-pc-linux-gnu/nios2-elf/lib/mno-hw-mul/pg/libsmallc.a(lib_a-memset.o)
 .debug_ranges  0x0000000000000068       0x10 /home/labarqcomp/intelFPGA/18.1/nios2eds/bin/gnu/H-x86_64-pc-linux-gnu/bin/../lib/gcc/nios2-elf/5.3.0/../../../../../H-x86_64-pc-linux-gnu/nios2-elf/lib/mno-hw-mul/pg/libsmallc.a(lib_a-__atexit.o)
 .debug_ranges  0x0000000000000078       0x28 /home/labarqcomp/intelFPGA/18.1/nios2eds/bin/gnu/H-x86_64-pc-linux-gnu/bin/../lib/gcc/nios2-elf/5.3.0/../../../../../H-x86_64-pc-linux-gnu/nios2-elf/lib/mno-hw-mul/pg/libsmallc.a(lib_a-__call_atexit.o)
